[2026/09/14 02:45:30 INFO]:           __             _       
[2026/09/14 02:45:30 INFO]:   _ __   / /  ___   __ _(_)_ __  
[2026/09/14 02:45:30 INFO]:  | '_ \ / /  / _ \ / _` | | '_ \ 
[2026/09/14 02:45:30 INFO]:  | | | / /__| (_) | (_| | | | | |
[2026/09/14 02:45:30 INFO]:  |_| |_\____/\___/ \__, |_|_| |_|
[2026/09/14 02:45:30 INFO]:                   |___/            
[2026/09/14 02:45:30 INFO]:  By: www.nickuc.com - V 2.0.19
[2026/09/14 02:45:30 INFO]:  
[2026/09/14 02:45:30 DEBUG]: Loading the messages_en.yml message file...
[2026/09/14 02:45:30 DEBUG]: Messages were loaded in 140 ms (single file).
[2026/09/14 02:45:30 DEBUG]: Settings were loaded in 222 ms.
[2026/09/14 02:45:30 DEBUG]: Loading database...
[2026/09/14 02:45:30 DEBUG]: Starting logger filter...
[2026/09/14 02:45:30 INFO]: Loading packetevents-velocity 2.13.0...
[2026/09/14 02:46:55 DEBUG]: [SQLite] [UPDATE]: "UPDATE `nlogin` SET `last_name` = 'YuviPRO1123', `unique_id` = e46c52c62db237139f2361380f9b94df,  `mojang_id` = null,  `bedrock_id` = null,  `password` = '$argon2id$v=19$m=32768,t=5,p=1$mxv5z+f6bY7UgSOnhn3Pcw$JmB1aA+TdG/pVn0JcncsuF0apcczprbaPh62wl2KUhw', `last_ip` = '0:0:0:0:0:0:0:1', `creation_date` = 2026-09-08 03:47:36.709, `last_seen` = 2026-09-14 02:46:55.266, `email` = null, `discord` = null, `settings` = '{"settings":[{"value":"survival","key":"last-server"},{"value":"en","key":"language"}],"version":0}' WHERE `ai` = 5" (applied to [last_ip, last_seen, settings] columns)
[2026/09/14 02:46:55 INFO]: The user YuviPRO1123 has successfully logged in.
[2026/09/14 02:47:01 DEBUG]: [SQLite] [UPDATE]: "UPDATE `nlogin` SET `last_name` = 'YuviPRO1123', `unique_id` = e46c52c62db237139f2361380f9b94df,  `mojang_id` = null,  `bedrock_id` = null,  `password` = '$argon2id$v=19$m=32768,t=5,p=1$mxv5z+f6bY7UgSOnhn3Pcw$JmB1aA+TdG/pVn0JcncsuF0apcczprbaPh62wl2KUhw', `last_ip` = '0:0:0:0:0:0:0:1', `creation_date` = 2026-09-08 03:47:36.709, `last_seen` = 2026-09-14 02:47:01.397, `email` = null, `discord` = null, `settings` = '{"settings":[{"value":"survival","key":"last-server"},{"value":"en","key":"language"}],"version":0}' WHERE `ai` = 5" (applied to [last_seen, settings] columns)
[2026/09/14 02:47:04 DEBUG]: [SQLite] [UPDATE]: "UPDATE `nlogin` SET `last_name` = 'dicestack88YT', `unique_id` = 7fc03cd6d44d3b898c2b48f3080ba5a9,  `mojang_id` = null,  `bedrock_id` = null,  `password` = '$argon2id$v=19$m=32768,t=5,p=1$E4Pv5hD7QH5qaWTxsoYR2w$p3azcCpb7X0ICtXRgfZsrQM2Pc5Je2Syr5XWJtv+Qpo', `last_ip` = '0:0:0:0:0:0:0:1', `creation_date` = 2026-09-08 03:47:36.199, `last_seen` = 2026-09-14 02:47:04.788, `email` = null, `discord` = null, `settings` = '{"settings":[{"value":"survival","key":"last-server"},{"value":"en","key":"language"}],"version":0}' WHERE `ai` = 4" (applied to [last_ip, last_seen, settings] columns)
[2026/09/14 02:47:04 INFO]: The user dicestack88YT has successfully logged in.
[2026/09/14 02:47:07 DEBUG]: [SQLite] [UPDATE]: "UPDATE `nlogin` SET `last_name` = 'YuviPRO1123', `unique_id` = e46c52c62db237139f2361380f9b94df,  `mojang_id` = null,  `bedrock_id` = null,  `password` = '$argon2id$v=19$m=32768,t=5,p=1$mxv5z+f6bY7UgSOnhn3Pcw$JmB1aA+TdG/pVn0JcncsuF0apcczprbaPh62wl2KUhw', `last_ip` = '0:0:0:0:0:0:0:1', `creation_date` = 2026-09-08 03:47:36.709, `last_seen` = 2026-09-14 02:47:07.288, `email` = null, `discord` = null, `settings` = '{"settings":[{"value":"survival","key":"last-server"},{"value":"en","key":"language"}],"version":0}' WHERE `ai` = 5" (applied to [last_ip, last_seen, settings] columns)
[2026/09/14 02:47:07 INFO]: The user YuviPRO1123 has successfully logged in.
[2026/09/14 02:48:36 DEBUG]: [SQLite] [UPDATE]: "UPDATE `nlogin` SET `last_name` = 'dicestack88YT', `unique_id` = 7fc03cd6d44d3b898c2b48f3080ba5a9,  `mojang_id` = null,  `bedrock_id` = null,  `password` = '$argon2id$v=19$m=32768,t=5,p=1$E4Pv5hD7QH5qaWTxsoYR2w$p3azcCpb7X0ICtXRgfZsrQM2Pc5Je2Syr5XWJtv+Qpo', `last_ip` = '0:0:0:0:0:0:0:1', `creation_date` = 2026-09-08 03:47:36.199, `last_seen` = 2026-09-14 02:48:36.048, `email` = null, `discord` = null, `settings` = '{"settings":[{"value":"survival","key":"last-server"},{"value":"en","key":"language"}],"version":0}' WHERE `ai` = 4" (applied to [last_seen, settings] columns)
[2026/09/14 02:52:27 DEBUG]: [SQLite] [UPDATE]: "UPDATE `nlogin` SET `last_name` = 'dicestack88YT', `unique_id` = 7fc03cd6d44d3b898c2b48f3080ba5a9,  `mojang_id` = null,  `bedrock_id` = null,  `password` = '$argon2id$v=19$m=32768,t=5,p=1$E4Pv5hD7QH5qaWTxsoYR2w$p3azcCpb7X0ICtXRgfZsrQM2Pc5Je2Syr5XWJtv+Qpo', `last_ip` = '0:0:0:0:0:0:0:1', `creation_date` = 2026-09-08 03:47:36.199, `last_seen` = 2026-09-14 02:52:27.885, `email` = null, `discord` = null, `settings` = '{"settings":[{"value":"survival","key":"last-server"},{"value":"en","key":"language"}],"version":0}' WHERE `ai` = 4" (applied to [last_ip, last_seen, settings] columns)
[2026/09/14 02:52:27 INFO]: The user dicestack88YT has successfully logged in.
[2026/09/14 02:56:18 DEBUG]: [SQLite] [UPDATE]: "UPDATE `nlogin` SET `last_name` = 'YuviPRO1123', `unique_id` = e46c52c62db237139f2361380f9b94df,  `mojang_id` = null,  `bedrock_id` = null,  `password` = '$argon2id$v=19$m=32768,t=5,p=1$mxv5z+f6bY7UgSOnhn3Pcw$JmB1aA+TdG/pVn0JcncsuF0apcczprbaPh62wl2KUhw', `last_ip` = '0:0:0:0:0:0:0:1', `creation_date` = 2026-09-08 03:47:36.709, `last_seen` = 2026-09-14 02:56:18.378, `email` = null, `discord` = null, `settings` = '{"settings":[{"value":"auth","key":"last-server"},{"value":"en","key":"language"}],"version":0}' WHERE `ai` = 5" (applied to [last_seen, settings] columns)
