[2026/09/10 02:52:49 INFO]:           __             _       
[2026/09/10 02:52:49 INFO]:   _ __   / /  ___   __ _(_)_ __  
[2026/09/10 02:52:49 INFO]:  | '_ \ / /  / _ \ / _` | | '_ \ 
[2026/09/10 02:52:49 INFO]:  | | | / /__| (_) | (_| | | | | |
[2026/09/10 02:52:49 INFO]:  |_| |_\____/\___/ \__, |_|_| |_|
[2026/09/10 02:52:49 INFO]:                   |___/            
[2026/09/10 02:52:49 INFO]:  By: www.nickuc.com - V 2.0.19
[2026/09/10 02:52:49 INFO]:  
[2026/09/10 02:52:50 DEBUG]: Loading the messages_en.yml message file...
[2026/09/10 02:52:50 DEBUG]: Messages were loaded in 214 ms (single file).
[2026/09/10 02:52:50 DEBUG]: Settings were loaded in 310 ms.
[2026/09/10 02:52:50 DEBUG]: Loading database...
[2026/09/10 02:52:50 DEBUG]: Starting logger filter...
[2026/09/10 02:52:50 INFO]: Loading packetevents-velocity 2.13.0...
[2026/09/10 02:55:17 DEBUG]: [SQLite] [UPDATE]: "UPDATE `nlogin` SET `last_name` = 'dicestack88YT', `unique_id` = 7fc03cd6d44d3b898c2b48f3080ba5a9,  `mojang_id` = null,  `bedrock_id` = null,  `password` = '$argon2id$v=19$m=32768,t=5,p=1$E4Pv5hD7QH5qaWTxsoYR2w$p3azcCpb7X0ICtXRgfZsrQM2Pc5Je2Syr5XWJtv+Qpo', `last_ip` = '0:0:0:0:0:0:0:1', `creation_date` = 2026-09-08 03:47:36.199, `last_seen` = 2026-09-10 02:55:17.708, `email` = null, `discord` = null, `settings` = '{"settings":[{"value":"auth","key":"last-server"},{"value":"en","key":"language"}],"version":0}' WHERE `ai` = 4" (applied to [last_ip, last_seen, settings] columns)
[2026/09/10 02:55:17 INFO]: The user dicestack88YT has successfully logged in.
[2026/09/10 02:57:25 DEBUG]: [SQLite] [UPDATE]: "UPDATE `nlogin` SET `last_name` = 'A_Bell_01', `unique_id` = cfa83abc60963ae6b933fcd2c88c0c00,  `mojang_id` = null,  `bedrock_id` = null,  `password` = '$argon2id$v=19$m=32768,t=5,p=1$HnidfbVZvRuIUcg2/S1rKw$GNBfFvSom4JncWkL1IoMvvBG1PzJtm2NqPaLxnPSvSM', `last_ip` = '0:0:0:0:0:0:0:1', `creation_date` = 2026-09-09 04:08:27.951, `last_seen` = 2026-09-10 02:57:25.478, `email` = null, `discord` = null, `settings` = '{"settings":[{"value":"auth","key":"last-server"},{"value":"en","key":"language"}],"version":0}' WHERE `ai` = 15" (applied to [last_ip, last_seen, settings] columns)
[2026/09/10 02:57:25 INFO]: The user A_Bell_01 has successfully logged in.
[2026/09/10 02:57:53 DEBUG]: [SQLite] [UPDATE]: "UPDATE `nlogin` SET `last_name` = 'Agent_007', `unique_id` = 4edda42dad853c02b269945701367eca,  `mojang_id` = null,  `bedrock_id` = null,  `password` = '$argon2id$v=19$m=32768,t=5,p=1$wRfC0n/k+5cUS+JPN16QSg$mCeURqw1M6LC7By9fM8Iy31G/gsG4cCkA9XJyfGdv5A', `last_ip` = '0:0:0:0:0:0:0:1', `creation_date` = 2026-09-08 04:07:46.02, `last_seen` = 2026-09-10 02:57:53.942, `email` = null, `discord` = null, `settings` = '{"settings":[{"value":"auth","key":"last-server"},{"value":"en","key":"language"}],"version":0}' WHERE `ai` = 6" (applied to [last_ip, last_seen, settings] columns)
[2026/09/10 02:57:53 INFO]: The user Agent_007 has successfully logged in.
[2026/09/10 02:58:13 DEBUG]: [SQLite] [UPDATE]: "UPDATE `nlogin` SET `last_name` = 'Agent_007', `unique_id` = 4edda42dad853c02b269945701367eca,  `mojang_id` = null,  `bedrock_id` = null,  `password` = '$argon2id$v=19$m=32768,t=5,p=1$wRfC0n/k+5cUS+JPN16QSg$mCeURqw1M6LC7By9fM8Iy31G/gsG4cCkA9XJyfGdv5A', `last_ip` = '0:0:0:0:0:0:0:1', `creation_date` = 2026-09-08 04:07:46.02, `last_seen` = 2026-09-10 02:58:13.035, `email` = null, `discord` = null, `settings` = '{"settings":[{"value":"survival","key":"last-server"},{"value":"en","key":"language"}],"version":0}' WHERE `ai` = 6" (applied to [last_seen, settings] columns)
[2026/09/10 03:00:25 DEBUG]: [SQLite] [UPDATE]: "UPDATE `nlogin` SET `last_name` = 'dicestack88YT', `unique_id` = 7fc03cd6d44d3b898c2b48f3080ba5a9,  `mojang_id` = null,  `bedrock_id` = null,  `password` = '$argon2id$v=19$m=32768,t=5,p=1$E4Pv5hD7QH5qaWTxsoYR2w$p3azcCpb7X0ICtXRgfZsrQM2Pc5Je2Syr5XWJtv+Qpo', `last_ip` = '0:0:0:0:0:0:0:1', `creation_date` = 2026-09-08 03:47:36.199, `last_seen` = 2026-09-10 03:00:25.746, `email` = null, `discord` = null, `settings` = '{"settings":[{"value":"auth","key":"last-server"},{"value":"en","key":"language"}],"version":0}' WHERE `ai` = 4" (applied to [last_seen, settings] columns)
[2026/09/10 03:01:00 DEBUG]: [SQLite] [UPDATE]: "UPDATE `nlogin` SET `last_name` = 'dicestack88YT', `unique_id` = 7fc03cd6d44d3b898c2b48f3080ba5a9,  `mojang_id` = null,  `bedrock_id` = null,  `password` = '$argon2id$v=19$m=32768,t=5,p=1$E4Pv5hD7QH5qaWTxsoYR2w$p3azcCpb7X0ICtXRgfZsrQM2Pc5Je2Syr5XWJtv+Qpo', `last_ip` = '0:0:0:0:0:0:0:1', `creation_date` = 2026-09-08 03:47:36.199, `last_seen` = 2026-09-10 03:01:00.844, `email` = null, `discord` = null, `settings` = '{"settings":[{"value":"auth","key":"last-server"},{"value":"en","key":"language"}],"version":0}' WHERE `ai` = 4" (applied to [last_ip, last_seen, settings] columns)
[2026/09/10 03:01:00 INFO]: The user dicestack88YT has successfully logged in.
[2026/09/10 03:05:29 DEBUG]: [SQLite] [UPDATE]: "UPDATE `nlogin` SET `last_name` = 'dicestack88YT', `unique_id` = 7fc03cd6d44d3b898c2b48f3080ba5a9,  `mojang_id` = null,  `bedrock_id` = null,  `password` = '$argon2id$v=19$m=32768,t=5,p=1$E4Pv5hD7QH5qaWTxsoYR2w$p3azcCpb7X0ICtXRgfZsrQM2Pc5Je2Syr5XWJtv+Qpo', `last_ip` = '0:0:0:0:0:0:0:1', `creation_date` = 2026-09-08 03:47:36.199, `last_seen` = 2026-09-10 03:05:29.745, `email` = null, `discord` = null, `settings` = '{"settings":[{"value":"survival","key":"last-server"},{"value":"en","key":"language"}],"version":0}' WHERE `ai` = 4" (applied to [last_seen, settings] columns)
[2026/09/10 03:22:54 DEBUG]: [SQLite] [UPDATE]: "UPDATE `nlogin` SET `last_name` = 'A_Bell_01', `unique_id` = cfa83abc60963ae6b933fcd2c88c0c00,  `mojang_id` = null,  `bedrock_id` = null,  `password` = '$argon2id$v=19$m=32768,t=5,p=1$HnidfbVZvRuIUcg2/S1rKw$GNBfFvSom4JncWkL1IoMvvBG1PzJtm2NqPaLxnPSvSM', `last_ip` = '0:0:0:0:0:0:0:1', `creation_date` = 2026-09-09 04:08:27.951, `last_seen` = 2026-09-10 03:22:54.485, `email` = null, `discord` = null, `settings` = '{"settings":[{"value":"survival","key":"last-server"},{"value":"en","key":"language"}],"version":0}' WHERE `ai` = 15" (applied to [last_seen, settings] columns)
[2026/09/10 03:30:56 DEBUG]: [SQLite] [UPDATE]: "UPDATE `nlogin` SET `last_name` = 'Vyqzren', `unique_id` = f7b02e4299743b8783a17ff87122c29a,  `mojang_id` = null,  `bedrock_id` = null,  `password` = '$argon2id$v=19$m=32768,t=5,p=1$cjU9gMDecimlVne0iYlA2g$lyHZkRAWsBCq4UiM0imyi24DobJmwlZ9WNtEtRxEJqo', `last_ip` = '0:0:0:0:0:0:0:1', `creation_date` = 2026-09-09 04:26:04.396, `last_seen` = 2026-09-10 03:30:56.763, `email` = null, `discord` = null, `settings` = '{"settings":[{"value":"auth","key":"last-server"},{"value":"en","key":"language"}],"version":0}' WHERE `ai` = 18" (applied to [last_ip, last_seen, settings] columns)
[2026/09/10 03:30:56 INFO]: The user Vyqzren has successfully logged in.
[2026/09/10 03:31:47 DEBUG]: [SQLite] [UPDATE]: "UPDATE `nlogin` SET `last_name` = 'dicestack88YT', `unique_id` = 7fc03cd6d44d3b898c2b48f3080ba5a9,  `mojang_id` = null,  `bedrock_id` = null,  `password` = '$argon2id$v=19$m=32768,t=5,p=1$E4Pv5hD7QH5qaWTxsoYR2w$p3azcCpb7X0ICtXRgfZsrQM2Pc5Je2Syr5XWJtv+Qpo', `last_ip` = '0:0:0:0:0:0:0:1', `creation_date` = 2026-09-08 03:47:36.199, `last_seen` = 2026-09-10 03:31:47.272, `email` = null, `discord` = null, `settings` = '{"settings":[{"value":"survival","key":"last-server"},{"value":"en","key":"language"}],"version":0}' WHERE `ai` = 4" (applied to [last_ip, last_seen, settings] columns)
[2026/09/10 03:31:47 INFO]: The user dicestack88YT has successfully logged in.
[2026/09/10 03:33:03 DEBUG]: [SQLite] [UPDATE]: "UPDATE `nlogin` SET `last_name` = 'dark67', `unique_id` = 41942e52395335f595f8cfdda10d1924,  `mojang_id` = null,  `bedrock_id` = null,  `password` = '$argon2id$v=19$m=32768,t=5,p=1$SUIkFxVDUSEgzb2AHdbiBA$gMwajhtsFk5zftZv1V8WC+zmPTttd3wT/+z639qQ8V8', `last_ip` = '0:0:0:0:0:0:0:1', `creation_date` = 2026-09-09 03:55:05.611, `last_seen` = 2026-09-10 03:33:03.278, `email` = null, `discord` = null, `settings` = '{"settings":[{"value":"auth","key":"last-server"},{"value":"en","key":"language"}],"version":0}' WHERE `ai` = 14" (applied to [last_ip, last_seen, settings] columns)
[2026/09/10 03:33:03 INFO]: The user dark67 has successfully logged in.
