[2026/09/17 01:43:01 INFO]:           __             _       
[2026/09/17 01:43:01 INFO]:   _ __   / /  ___   __ _(_)_ __  
[2026/09/17 01:43:01 INFO]:  | '_ \ / /  / _ \ / _` | | '_ \ 
[2026/09/17 01:43:01 INFO]:  | | | / /__| (_) | (_| | | | | |
[2026/09/17 01:43:02 INFO]:  |_| |_\____/\___/ \__, |_|_| |_|
[2026/09/17 01:43:02 INFO]:                   |___/            
[2026/09/17 01:43:02 INFO]:  By: www.nickuc.com - V 2.0.19
[2026/09/17 01:43:02 INFO]:  
[2026/09/17 01:43:02 DEBUG]: Loading the messages_en.yml message file...
[2026/09/17 01:43:02 DEBUG]: Messages were loaded in 639 ms (single file).
[2026/09/17 01:43:03 DEBUG]: Settings were loaded in 960 ms.
[2026/09/17 01:43:03 DEBUG]: Loading database...
[2026/09/17 01:43:04 DEBUG]: Starting logger filter...
[2026/09/17 01:43:04 INFO]: Loading packetevents-velocity 2.13.0...
[2026/09/17 01:45:13 DEBUG]: [SQLite] [UPDATE]: "UPDATE `nlogin` SET `last_name` = 'dicestack88YT', `unique_id` = 7fc03cd6d44d3b898c2b48f3080ba5a9,  `mojang_id` = null,  `bedrock_id` = null,  `password` = '$argon2id$v=19$m=32768,t=5,p=1$E4Pv5hD7QH5qaWTxsoYR2w$p3azcCpb7X0ICtXRgfZsrQM2Pc5Je2Syr5XWJtv+Qpo', `last_ip` = '0:0:0:0:0:0:0:1', `creation_date` = 2026-09-08 03:47:36.199, `last_seen` = 2026-09-17 01:45:13.887, `email` = null, `discord` = null, `settings` = '{"settings":[{"value":"survival","key":"last-server"},{"value":"en","key":"language"}],"version":0}' WHERE `ai` = 4" (applied to [last_ip, last_seen, settings] columns)
[2026/09/17 01:45:13 INFO]: The user dicestack88YT has successfully logged in.
[2026/09/17 01:48:55 DEBUG]: [SQLite] [UPDATE]: "UPDATE `nlogin` SET `last_name` = 'dicestack88YT', `unique_id` = 7fc03cd6d44d3b898c2b48f3080ba5a9,  `mojang_id` = null,  `bedrock_id` = null,  `password` = '$argon2id$v=19$m=32768,t=5,p=1$E4Pv5hD7QH5qaWTxsoYR2w$p3azcCpb7X0ICtXRgfZsrQM2Pc5Je2Syr5XWJtv+Qpo', `last_ip` = '0:0:0:0:0:0:0:1', `creation_date` = 2026-09-08 03:47:36.199, `last_seen` = 2026-09-17 01:48:55.189, `email` = null, `discord` = null, `settings` = '{"settings":[{"value":"survival","key":"last-server"},{"value":"en","key":"language"}],"version":0}' WHERE `ai` = 4" (applied to [last_seen, settings] columns)
[2026/09/17 01:49:33 DEBUG]: [SQLite] [UPDATE]: "UPDATE `nlogin` SET `last_name` = 'dicestack88YT', `unique_id` = 7fc03cd6d44d3b898c2b48f3080ba5a9,  `mojang_id` = null,  `bedrock_id` = null,  `password` = '$argon2id$v=19$m=32768,t=5,p=1$E4Pv5hD7QH5qaWTxsoYR2w$p3azcCpb7X0ICtXRgfZsrQM2Pc5Je2Syr5XWJtv+Qpo', `last_ip` = '0:0:0:0:0:0:0:1', `creation_date` = 2026-09-08 03:47:36.199, `last_seen` = 2026-09-17 01:49:33.515, `email` = null, `discord` = null, `settings` = '{"settings":[{"value":"survival","key":"last-server"},{"value":"en","key":"language"}],"version":0}' WHERE `ai` = 4" (applied to [last_ip, last_seen, settings] columns)
[2026/09/17 01:49:33 INFO]: The user dicestack88YT has successfully logged in.
[2026/09/17 01:58:49 DEBUG]: [SQLite] [UPDATE]: "UPDATE `nlogin` SET `last_name` = 'dicestack88YT', `unique_id` = 7fc03cd6d44d3b898c2b48f3080ba5a9,  `mojang_id` = null,  `bedrock_id` = null,  `password` = '$argon2id$v=19$m=32768,t=5,p=1$E4Pv5hD7QH5qaWTxsoYR2w$p3azcCpb7X0ICtXRgfZsrQM2Pc5Je2Syr5XWJtv+Qpo', `last_ip` = '0:0:0:0:0:0:0:1', `creation_date` = 2026-09-08 03:47:36.199, `last_seen` = 2026-09-17 01:58:49.018, `email` = null, `discord` = null, `settings` = '{"settings":[{"value":"survival","key":"last-server"},{"value":"en","key":"language"}],"version":0}' WHERE `ai` = 4" (applied to [last_seen, settings] columns)
[2026/09/17 01:59:00 DEBUG]: [SQLite] [UPDATE]: "UPDATE `nlogin` SET `last_name` = 'dicestack88YT', `unique_id` = 7fc03cd6d44d3b898c2b48f3080ba5a9,  `mojang_id` = null,  `bedrock_id` = null,  `password` = '$argon2id$v=19$m=32768,t=5,p=1$E4Pv5hD7QH5qaWTxsoYR2w$p3azcCpb7X0ICtXRgfZsrQM2Pc5Je2Syr5XWJtv+Qpo', `last_ip` = '0:0:0:0:0:0:0:1', `creation_date` = 2026-09-08 03:47:36.199, `last_seen` = 2026-09-17 01:59:00.05, `email` = null, `discord` = null, `settings` = '{"settings":[{"value":"survival","key":"last-server"},{"value":"en","key":"language"}],"version":0}' WHERE `ai` = 4" (applied to [last_ip, last_seen, settings] columns)
[2026/09/17 01:59:00 INFO]: The user dicestack88YT has successfully logged in.
[2026/09/17 02:30:20 DEBUG]: [SQLite] [UPDATE]: "UPDATE `nlogin` SET `last_name` = 'dicestack88YT', `unique_id` = 7fc03cd6d44d3b898c2b48f3080ba5a9,  `mojang_id` = null,  `bedrock_id` = null,  `password` = '$argon2id$v=19$m=32768,t=5,p=1$E4Pv5hD7QH5qaWTxsoYR2w$p3azcCpb7X0ICtXRgfZsrQM2Pc5Je2Syr5XWJtv+Qpo', `last_ip` = '0:0:0:0:0:0:0:1', `creation_date` = 2026-09-08 03:47:36.199, `last_seen` = 2026-09-17 02:30:20.667, `email` = null, `discord` = null, `settings` = '{"settings":[{"value":"survival","key":"last-server"},{"value":"en","key":"language"}],"version":0}' WHERE `ai` = 4" (applied to [last_seen, settings] columns)
[2026/09/17 02:38:26 DEBUG]: [SQLite] [UPDATE]: "UPDATE `nlogin` SET `last_name` = 'NotPulseWave_YT', `unique_id` = c469abf877c13599a29e3e4aa0dafc42,  `mojang_id` = null,  `bedrock_id` = null,  `password` = '$argon2id$v=19$m=32768,t=5,p=1$gmtGI5Vhm61Ln1/AhfT6RA$Hg6bgyQowxtqEFjz8uoCCI6lPwt8Se4HbysoAMeGVHs', `last_ip` = '0:0:0:0:0:0:0:1', `creation_date` = 2026-09-14 01:08:44.222, `last_seen` = 2026-09-17 02:38:26.966, `email` = null, `discord` = null, `settings` = '{"settings":[{"value":"survival","key":"last-server"},{"value":"en","key":"language"}],"version":0}' WHERE `ai` = 27" (applied to [last_ip, last_seen, settings] columns)
[2026/09/17 02:38:26 INFO]: The user NotPulseWave_YT has successfully logged in.
[2026/09/17 02:39:30 DEBUG]: [SQLite] [UPDATE]: "UPDATE `nlogin` SET `last_name` = 'HACKER1original1', `unique_id` = cfad3c5e6ceb30a4ac88b9c3a83b80db,  `mojang_id` = null,  `bedrock_id` = null,  `password` = '$argon2id$v=19$m=32768,t=5,p=1$RfznDF04zRQJNn9ewSzKNg$cD1Y8XxanYqilJF9h87BlTuCxtJkW0G2Bo0Fl20KuwU', `last_ip` = '0:0:0:0:0:0:0:1', `creation_date` = 2026-09-09 03:51:42.16, `last_seen` = 2026-09-17 02:39:30.834, `email` = null, `discord` = null, `settings` = '{"settings":[{"value":"survival","key":"last-server"},{"value":"en","key":"language"}],"version":0}' WHERE `ai` = 13" (applied to [last_ip, last_seen, settings] columns)
[2026/09/17 02:39:30 INFO]: The user HACKER1original1 has successfully logged in.
[2026/09/17 02:41:35 DEBUG]: [SQLite] [UPDATE]: "UPDATE `nlogin` SET `last_name` = 'NotPulseWave_YT', `unique_id` = c469abf877c13599a29e3e4aa0dafc42,  `mojang_id` = null,  `bedrock_id` = null,  `password` = '$argon2id$v=19$m=32768,t=5,p=1$gmtGI5Vhm61Ln1/AhfT6RA$Hg6bgyQowxtqEFjz8uoCCI6lPwt8Se4HbysoAMeGVHs', `last_ip` = '0:0:0:0:0:0:0:1', `creation_date` = 2026-09-14 01:08:44.222, `last_seen` = 2026-09-17 02:41:35.271, `email` = null, `discord` = null, `settings` = '{"settings":[{"value":"survival","key":"last-server"},{"value":"en","key":"language"}],"version":0}' WHERE `ai` = 27" (applied to [last_seen, settings] columns)
[2026/09/17 02:41:48 DEBUG]: [SQLite] [UPDATE]: "UPDATE `nlogin` SET `last_name` = 'NotPulseWave_YT', `unique_id` = c469abf877c13599a29e3e4aa0dafc42,  `mojang_id` = null,  `bedrock_id` = null,  `password` = '$argon2id$v=19$m=32768,t=5,p=1$gmtGI5Vhm61Ln1/AhfT6RA$Hg6bgyQowxtqEFjz8uoCCI6lPwt8Se4HbysoAMeGVHs', `last_ip` = '0:0:0:0:0:0:0:1', `creation_date` = 2026-09-14 01:08:44.222, `last_seen` = 2026-09-17 02:41:48.271, `email` = null, `discord` = null, `settings` = '{"settings":[{"value":"survival","key":"last-server"},{"value":"en","key":"language"}],"version":0}' WHERE `ai` = 27" (applied to [last_ip, last_seen, settings] columns)
[2026/09/17 02:41:48 INFO]: The user NotPulseWave_YT has successfully logged in.
[2026/09/17 02:47:23 DEBUG]: [SQLite] [UPDATE]: "UPDATE `nlogin` SET `last_name` = 'HACKER1original1', `unique_id` = cfad3c5e6ceb30a4ac88b9c3a83b80db,  `mojang_id` = null,  `bedrock_id` = null,  `password` = '$argon2id$v=19$m=32768,t=5,p=1$RfznDF04zRQJNn9ewSzKNg$cD1Y8XxanYqilJF9h87BlTuCxtJkW0G2Bo0Fl20KuwU', `last_ip` = '0:0:0:0:0:0:0:1', `creation_date` = 2026-09-09 03:51:42.16, `last_seen` = 2026-09-17 02:47:23.935, `email` = null, `discord` = null, `settings` = '{"settings":[{"value":"survival","key":"last-server"},{"value":"en","key":"language"}],"version":0}' WHERE `ai` = 13" (applied to [last_seen, settings] columns)
[2026/09/17 02:51:56 DEBUG]: [SQLite] [UPDATE]: "UPDATE `nlogin` SET `last_name` = 'NotPulseWave_YT', `unique_id` = c469abf877c13599a29e3e4aa0dafc42,  `mojang_id` = null,  `bedrock_id` = null,  `password` = '$argon2id$v=19$m=32768,t=5,p=1$gmtGI5Vhm61Ln1/AhfT6RA$Hg6bgyQowxtqEFjz8uoCCI6lPwt8Se4HbysoAMeGVHs', `last_ip` = '0:0:0:0:0:0:0:1', `creation_date` = 2026-09-14 01:08:44.222, `last_seen` = 2026-09-17 02:51:56.505, `email` = null, `discord` = null, `settings` = '{"settings":[{"value":"survival","key":"last-server"},{"value":"en","key":"language"}],"version":0}' WHERE `ai` = 27" (applied to [last_seen, settings] columns)
[2026/09/17 02:56:04 DEBUG]: [SQLite] [UPDATE]: "UPDATE `nlogin` SET `last_name` = 'NotPulseWave_YT', `unique_id` = c469abf877c13599a29e3e4aa0dafc42,  `mojang_id` = null,  `bedrock_id` = null,  `password` = '$argon2id$v=19$m=32768,t=5,p=1$gmtGI5Vhm61Ln1/AhfT6RA$Hg6bgyQowxtqEFjz8uoCCI6lPwt8Se4HbysoAMeGVHs', `last_ip` = '0:0:0:0:0:0:0:1', `creation_date` = 2026-09-14 01:08:44.222, `last_seen` = 2026-09-17 02:56:04.453, `email` = null, `discord` = null, `settings` = '{"settings":[{"value":"survival","key":"last-server"},{"value":"en","key":"language"}],"version":0}' WHERE `ai` = 27" (applied to [last_ip, last_seen, settings] columns)
[2026/09/17 02:56:04 INFO]: The user NotPulseWave_YT has successfully logged in.
[2026/09/17 02:58:46 DEBUG]: [SQLite] [UPDATE]: "UPDATE `nlogin` SET `last_name` = 'NotPulseWave_YT', `unique_id` = c469abf877c13599a29e3e4aa0dafc42,  `mojang_id` = null,  `bedrock_id` = null,  `password` = '$argon2id$v=19$m=32768,t=5,p=1$gmtGI5Vhm61Ln1/AhfT6RA$Hg6bgyQowxtqEFjz8uoCCI6lPwt8Se4HbysoAMeGVHs', `last_ip` = '0:0:0:0:0:0:0:1', `creation_date` = 2026-09-14 01:08:44.222, `last_seen` = 2026-09-17 02:58:46.258, `email` = null, `discord` = null, `settings` = '{"settings":[{"value":"survival","key":"last-server"},{"value":"en","key":"language"}],"version":0}' WHERE `ai` = 27" (applied to [last_seen, settings] columns)
[2026/09/17 03:06:10 DEBUG]: [SQLite] [UPDATE]: "INSERT INTO `nlogin` (`last_name`, `unique_id`, `mojang_id`, `bedrock_id`, `password`, `last_ip`, `creation_date`, `last_seen`, `email`, `discord`, `settings`) VALUES ('minima854', 8a9ff49fa0073283a33e90dbf06cb347, null, null, '$argon2id$v=19$m=32768,t=5,p=1$XWCfh0erZ0JdTQFJt0Xg7A$8mLDRxmmcYIFY6oOGdLfWmhTnxigpFCOGmX5I1i8vyQ', '0:0:0:0:0:0:0:1', '2026-09-17 03:06:10.717', '2026-09-17 03:06:10.717', null, null, '{"settings":[{"value":true,"key":"force-invalid-session"}],"version":0}')" (applied to all columns)
[2026/09/17 03:06:10 INFO]: The user minima854 has successfully registered.
