[2026/09/14 23:30:50 INFO]:           __             _       
[2026/09/14 23:30:50 INFO]:   _ __   / /  ___   __ _(_)_ __  
[2026/09/14 23:30:50 INFO]:  | '_ \ / /  / _ \ / _` | | '_ \ 
[2026/09/14 23:30:50 INFO]:  | | | / /__| (_) | (_| | | | | |
[2026/09/14 23:30:50 INFO]:  |_| |_\____/\___/ \__, |_|_| |_|
[2026/09/14 23:30:50 INFO]:                   |___/            
[2026/09/14 23:30:50 INFO]:  By: www.nickuc.com - V 2.0.19
[2026/09/14 23:30:50 INFO]:  
[2026/09/14 23:30:51 DEBUG]: Loading the messages_en.yml message file...
[2026/09/14 23:30:51 DEBUG]: Messages were loaded in 406 ms (single file).
[2026/09/14 23:30:51 DEBUG]: Settings were loaded in 632 ms.
[2026/09/14 23:30:51 DEBUG]: Loading database...
[2026/09/14 23:30:52 DEBUG]: Starting logger filter...
[2026/09/14 23:30:52 INFO]: Loading packetevents-velocity 2.13.0...
[2026/09/14 23:32:50 DEBUG]: The dicestack88YT (0:0:0:0:0:0:0:1) player entered an incorrect password
[2026/09/14 23:32:57 DEBUG]: [SQLite] [UPDATE]: "UPDATE `nlogin` SET `last_name` = 'dicestack88YT', `unique_id` = 7fc03cd6d44d3b898c2b48f3080ba5a9,  `mojang_id` = null,  `bedrock_id` = null,  `password` = '$argon2id$v=19$m=32768,t=5,p=1$E4Pv5hD7QH5qaWTxsoYR2w$p3azcCpb7X0ICtXRgfZsrQM2Pc5Je2Syr5XWJtv+Qpo', `last_ip` = '0:0:0:0:0:0:0:1', `creation_date` = 2026-09-08 03:47:36.199, `last_seen` = 2026-09-14 23:32:57.846, `email` = null, `discord` = null, `settings` = '{"settings":[{"value":"survival","key":"last-server"},{"value":"en","key":"language"}],"version":0}' WHERE `ai` = 4" (applied to [last_ip, last_seen, settings] columns)
[2026/09/14 23:32:57 INFO]: The user dicestack88YT has successfully logged in.
[2026/09/14 23:37:05 DEBUG]: [SQLite] [UPDATE]: "UPDATE `nlogin` SET `last_name` = 'Agent_007', `unique_id` = 4edda42dad853c02b269945701367eca,  `mojang_id` = null,  `bedrock_id` = null,  `password` = '$argon2id$v=19$m=32768,t=5,p=1$wRfC0n/k+5cUS+JPN16QSg$mCeURqw1M6LC7By9fM8Iy31G/gsG4cCkA9XJyfGdv5A', `last_ip` = '0:0:0:0:0:0:0:1', `creation_date` = 2026-09-08 04:07:46.02, `last_seen` = 2026-09-14 23:37:05.593, `email` = null, `discord` = null, `settings` = '{"settings":[{"value":"survival","key":"last-server"},{"value":"en","key":"language"}],"version":0}' WHERE `ai` = 6" (applied to [last_ip, last_seen, settings] columns)
[2026/09/14 23:37:05 INFO]: The user Agent_007 has successfully logged in.
[2026/09/14 23:37:17 DEBUG]: [SQLite] [UPDATE]: "UPDATE `nlogin` SET `last_name` = 'dicestack88YT', `unique_id` = 7fc03cd6d44d3b898c2b48f3080ba5a9,  `mojang_id` = null,  `bedrock_id` = null,  `password` = '$argon2id$v=19$m=32768,t=5,p=1$E4Pv5hD7QH5qaWTxsoYR2w$p3azcCpb7X0ICtXRgfZsrQM2Pc5Je2Syr5XWJtv+Qpo', `last_ip` = '0:0:0:0:0:0:0:1', `creation_date` = 2026-09-08 03:47:36.199, `last_seen` = 2026-09-14 23:37:17.2, `email` = null, `discord` = null, `settings` = '{"settings":[{"value":"auth","key":"last-server"},{"value":"en","key":"language"}],"version":0}' WHERE `ai` = 4" (applied to [last_seen, settings] columns)
[2026/09/14 23:37:26 DEBUG]: [SQLite] [UPDATE]: "UPDATE `nlogin` SET `last_name` = 'dicestack88YT', `unique_id` = 7fc03cd6d44d3b898c2b48f3080ba5a9,  `mojang_id` = null,  `bedrock_id` = null,  `password` = '$argon2id$v=19$m=32768,t=5,p=1$E4Pv5hD7QH5qaWTxsoYR2w$p3azcCpb7X0ICtXRgfZsrQM2Pc5Je2Syr5XWJtv+Qpo', `last_ip` = '0:0:0:0:0:0:0:1', `creation_date` = 2026-09-08 03:47:36.199, `last_seen` = 2026-09-14 23:37:26.89, `email` = null, `discord` = null, `settings` = '{"settings":[{"value":"auth","key":"last-server"},{"value":"en","key":"language"}],"version":0}' WHERE `ai` = 4" (applied to [last_ip, last_seen, settings] columns)
[2026/09/14 23:37:26 INFO]: The user dicestack88YT has successfully logged in.
[2026/09/14 23:39:54 DEBUG]: [SQLite] [UPDATE]: "UPDATE `nlogin` SET `last_name` = 'Agent_007', `unique_id` = 4edda42dad853c02b269945701367eca,  `mojang_id` = null,  `bedrock_id` = null,  `password` = '$argon2id$v=19$m=32768,t=5,p=1$wRfC0n/k+5cUS+JPN16QSg$mCeURqw1M6LC7By9fM8Iy31G/gsG4cCkA9XJyfGdv5A', `last_ip` = '0:0:0:0:0:0:0:1', `creation_date` = 2026-09-08 04:07:46.02, `last_seen` = 2026-09-14 23:39:54.635, `email` = null, `discord` = null, `settings` = '{"settings":[{"value":"auth","key":"last-server"},{"value":"en","key":"language"}],"version":0}' WHERE `ai` = 6" (applied to [last_seen, settings] columns)
[2026/09/14 23:42:13 DEBUG]: [SQLite] [UPDATE]: "UPDATE `nlogin` SET `last_name` = 'dicestack88YT', `unique_id` = 7fc03cd6d44d3b898c2b48f3080ba5a9,  `mojang_id` = null,  `bedrock_id` = null,  `password` = '$argon2id$v=19$m=32768,t=5,p=1$E4Pv5hD7QH5qaWTxsoYR2w$p3azcCpb7X0ICtXRgfZsrQM2Pc5Je2Syr5XWJtv+Qpo', `last_ip` = '0:0:0:0:0:0:0:1', `creation_date` = 2026-09-08 03:47:36.199, `last_seen` = 2026-09-14 23:42:13.651, `email` = null, `discord` = null, `settings` = '{"settings":[{"value":"survival","key":"last-server"},{"value":"en","key":"language"}],"version":0}' WHERE `ai` = 4" (applied to [last_seen, settings] columns)
[2026/09/14 23:42:36 DEBUG]: [SQLite] [UPDATE]: "UPDATE `nlogin` SET `last_name` = 'dicestack88YT', `unique_id` = 7fc03cd6d44d3b898c2b48f3080ba5a9,  `mojang_id` = null,  `bedrock_id` = null,  `password` = '$argon2id$v=19$m=32768,t=5,p=1$E4Pv5hD7QH5qaWTxsoYR2w$p3azcCpb7X0ICtXRgfZsrQM2Pc5Je2Syr5XWJtv+Qpo', `last_ip` = '0:0:0:0:0:0:0:1', `creation_date` = 2026-09-08 03:47:36.199, `last_seen` = 2026-09-14 23:42:36.256, `email` = null, `discord` = null, `settings` = '{"settings":[{"value":"survival","key":"last-server"},{"value":"en","key":"language"}],"version":0}' WHERE `ai` = 4" (applied to [last_ip, last_seen, settings] columns)
[2026/09/14 23:42:36 INFO]: The user dicestack88YT has successfully logged in.
[2026/09/14 23:46:53 DEBUG]: [SQLite] [UPDATE]: "UPDATE `nlogin` SET `last_name` = 'Agent_007', `unique_id` = 4edda42dad853c02b269945701367eca,  `mojang_id` = null,  `bedrock_id` = null,  `password` = '$argon2id$v=19$m=32768,t=5,p=1$wRfC0n/k+5cUS+JPN16QSg$mCeURqw1M6LC7By9fM8Iy31G/gsG4cCkA9XJyfGdv5A', `last_ip` = '0:0:0:0:0:0:0:1', `creation_date` = 2026-09-08 04:07:46.02, `last_seen` = 2026-09-14 23:46:53.719, `email` = null, `discord` = null, `settings` = '{"settings":[{"value":"auth","key":"last-server"},{"value":"en","key":"language"}],"version":0}' WHERE `ai` = 6" (applied to [last_ip, last_seen, settings] columns)
[2026/09/14 23:46:53 INFO]: The user Agent_007 has successfully logged in.
[2026/09/14 23:47:07 DEBUG]: [SQLite] [UPDATE]: "UPDATE `nlogin` SET `last_name` = 'Agent_007', `unique_id` = 4edda42dad853c02b269945701367eca,  `mojang_id` = null,  `bedrock_id` = null,  `password` = '$argon2id$v=19$m=32768,t=5,p=1$wRfC0n/k+5cUS+JPN16QSg$mCeURqw1M6LC7By9fM8Iy31G/gsG4cCkA9XJyfGdv5A', `last_ip` = '0:0:0:0:0:0:0:1', `creation_date` = 2026-09-08 04:07:46.02, `last_seen` = 2026-09-14 23:47:07.202, `email` = null, `discord` = null, `settings` = '{"settings":[{"value":"auth","key":"last-server"},{"value":"en","key":"language"}],"version":0}' WHERE `ai` = 6" (applied to [last_seen, settings] columns)
[2026/09/14 23:47:46 DEBUG]: [SQLite] [UPDATE]: "UPDATE `nlogin` SET `last_name` = 'Agent_007', `unique_id` = 4edda42dad853c02b269945701367eca,  `mojang_id` = null,  `bedrock_id` = null,  `password` = '$argon2id$v=19$m=32768,t=5,p=1$wRfC0n/k+5cUS+JPN16QSg$mCeURqw1M6LC7By9fM8Iy31G/gsG4cCkA9XJyfGdv5A', `last_ip` = '0:0:0:0:0:0:0:1', `creation_date` = 2026-09-08 04:07:46.02, `last_seen` = 2026-09-14 23:47:46.772, `email` = null, `discord` = null, `settings` = '{"settings":[{"value":"auth","key":"last-server"},{"value":"en","key":"language"}],"version":0}' WHERE `ai` = 6" (applied to [last_ip, last_seen, settings] columns)
[2026/09/14 23:47:46 INFO]: The user Agent_007 has successfully logged in.
[2026/09/14 23:47:48 DEBUG]: [SQLite] [UPDATE]: "UPDATE `nlogin` SET `last_name` = 'Agent_007', `unique_id` = 4edda42dad853c02b269945701367eca,  `mojang_id` = null,  `bedrock_id` = null,  `password` = '$argon2id$v=19$m=32768,t=5,p=1$wRfC0n/k+5cUS+JPN16QSg$mCeURqw1M6LC7By9fM8Iy31G/gsG4cCkA9XJyfGdv5A', `last_ip` = '0:0:0:0:0:0:0:1', `creation_date` = 2026-09-08 04:07:46.02, `last_seen` = 2026-09-14 23:47:48.871, `email` = null, `discord` = null, `settings` = '{"settings":[{"value":"auth","key":"last-server"},{"value":"en","key":"language"}],"version":0}' WHERE `ai` = 6" (applied to [last_seen, settings] columns)
[2026/09/14 23:56:37 DEBUG]: [SQLite] [UPDATE]: "UPDATE `nlogin` SET `last_name` = 'Agent_007', `unique_id` = 4edda42dad853c02b269945701367eca,  `mojang_id` = null,  `bedrock_id` = null,  `password` = '$argon2id$v=19$m=32768,t=5,p=1$wRfC0n/k+5cUS+JPN16QSg$mCeURqw1M6LC7By9fM8Iy31G/gsG4cCkA9XJyfGdv5A', `last_ip` = '0:0:0:0:0:0:0:1', `creation_date` = 2026-09-08 04:07:46.02, `last_seen` = 2026-09-14 23:56:37.109, `email` = null, `discord` = null, `settings` = '{"settings":[{"value":"auth","key":"last-server"},{"value":"en","key":"language"}],"version":0}' WHERE `ai` = 6" (applied to [last_ip, last_seen, settings] columns)
[2026/09/14 23:56:37 INFO]: The user Agent_007 has successfully logged in.
[2026/09/15 00:05:06 DEBUG]: [SQLite] [UPDATE]: "UPDATE `nlogin` SET `last_name` = 'Agent_007', `unique_id` = 4edda42dad853c02b269945701367eca,  `mojang_id` = null,  `bedrock_id` = null,  `password` = '$argon2id$v=19$m=32768,t=5,p=1$wRfC0n/k+5cUS+JPN16QSg$mCeURqw1M6LC7By9fM8Iy31G/gsG4cCkA9XJyfGdv5A', `last_ip` = '0:0:0:0:0:0:0:1', `creation_date` = 2026-09-08 04:07:46.02, `last_seen` = 2026-09-15 00:05:06.148, `email` = null, `discord` = null, `settings` = '{"settings":[{"value":"survival","key":"last-server"},{"value":"en","key":"language"}],"version":0}' WHERE `ai` = 6" (applied to [last_seen, settings] columns)
[2026/09/15 00:05:51 DEBUG]: [SQLite] [UPDATE]: "UPDATE `nlogin` SET `last_name` = 'dicestack88YT', `unique_id` = 7fc03cd6d44d3b898c2b48f3080ba5a9,  `mojang_id` = null,  `bedrock_id` = null,  `password` = '$argon2id$v=19$m=32768,t=5,p=1$E4Pv5hD7QH5qaWTxsoYR2w$p3azcCpb7X0ICtXRgfZsrQM2Pc5Je2Syr5XWJtv+Qpo', `last_ip` = '0:0:0:0:0:0:0:1', `creation_date` = 2026-09-08 03:47:36.199, `last_seen` = 2026-09-15 00:05:51.406, `email` = null, `discord` = null, `settings` = '{"settings":[{"value":"survival","key":"last-server"},{"value":"en","key":"language"}],"version":0}' WHERE `ai` = 4" (applied to [last_seen, settings] columns)
[2026/09/15 00:25:34 DEBUG]: [SQLite] [UPDATE]: "UPDATE `nlogin` SET `last_name` = 'YuviPRO1123', `unique_id` = e46c52c62db237139f2361380f9b94df,  `mojang_id` = null,  `bedrock_id` = null,  `password` = '$argon2id$v=19$m=32768,t=5,p=1$mxv5z+f6bY7UgSOnhn3Pcw$JmB1aA+TdG/pVn0JcncsuF0apcczprbaPh62wl2KUhw', `last_ip` = '0:0:0:0:0:0:0:1', `creation_date` = 2026-09-08 03:47:36.709, `last_seen` = 2026-09-15 00:25:34.208, `email` = null, `discord` = null, `settings` = '{"settings":[{"value":"auth","key":"last-server"},{"value":"en","key":"language"}],"version":0}' WHERE `ai` = 5" (applied to [last_ip, last_seen, settings] columns)
[2026/09/15 00:25:34 INFO]: The user YuviPRO1123 has successfully logged in.
