[2026/09/15 01:22:13 INFO]:           __             _       
[2026/09/15 01:22:13 INFO]:   _ __   / /  ___   __ _(_)_ __  
[2026/09/15 01:22:13 INFO]:  | '_ \ / /  / _ \ / _` | | '_ \ 
[2026/09/15 01:22:13 INFO]:  | | | / /__| (_) | (_| | | | | |
[2026/09/15 01:22:13 INFO]:  |_| |_\____/\___/ \__, |_|_| |_|
[2026/09/15 01:22:13 INFO]:                   |___/            
[2026/09/15 01:22:13 INFO]:  By: www.nickuc.com - V 2.0.19
[2026/09/15 01:22:13 INFO]:  
[2026/09/15 01:22:13 DEBUG]: Loading the messages_en.yml message file...
[2026/09/15 01:22:13 DEBUG]: Messages were loaded in 261 ms (single file).
[2026/09/15 01:22:13 DEBUG]: Settings were loaded in 492 ms.
[2026/09/15 01:22:13 DEBUG]: Loading database...
[2026/09/15 01:22:14 DEBUG]: Starting logger filter...
[2026/09/15 01:22:14 INFO]: Loading packetevents-velocity 2.13.0...
[2026/09/15 01:26:37 DEBUG]: [SQLite] [UPDATE]: "UPDATE `nlogin` SET `last_name` = 'rememberins', `unique_id` = 9fe1a9738383336cbc6b132e97244969,  `mojang_id` = null,  `bedrock_id` = null,  `password` = '$argon2id$v=19$m=32768,t=5,p=1$BFT0/BAOLCnPqBXfG355Qw$3Urz8nF1xTgUDIG2Qrib9yP8WhTGToZ4K6Yf0GXikbE', `last_ip` = '0:0:0:0:0:0:0:1', `creation_date` = 2026-09-11 01:20:50.336, `last_seen` = 2026-09-15 01:26:37.69, `email` = null, `discord` = null, `settings` = '{"settings":[{"value":"survival","key":"last-server"},{"value":"en","key":"language"}],"version":0}' WHERE `ai` = 21" (applied to [last_ip, last_seen, settings] columns)
[2026/09/15 01:26:37 INFO]: The user rememberins has successfully logged in.
[2026/09/15 01:26:45 DEBUG]: [SQLite] [UPDATE]: "UPDATE `nlogin` SET `last_name` = 'KILLER_EXE', `unique_id` = 4e682c337b34348a9d48e25db25fba94,  `mojang_id` = null,  `bedrock_id` = null,  `password` = '$argon2id$v=19$m=32768,t=5,p=1$UrRkdy1lQg4r1toCMRs7KA$MfX1KOYwxjydTUXW23q61lzsewTC7Q4lzh84/y+LaV4', `last_ip` = '0:0:0:0:0:0:0:1', `creation_date` = 2026-09-11 01:31:06.501, `last_seen` = 2026-09-15 01:26:45.296, `email` = null, `discord` = null, `settings` = '{"settings":[{"value":"survival","key":"last-server"},{"value":"en","key":"language"}],"version":0}' WHERE `ai` = 23" (applied to [last_ip, last_seen, settings] columns)
[2026/09/15 01:26:45 INFO]: The user KILLER_EXE has successfully logged in.
[2026/09/15 01:29:15 DEBUG]: [SQLite] [UPDATE]: "UPDATE `nlogin` SET `last_name` = 'HACKER1original1', `unique_id` = cfad3c5e6ceb30a4ac88b9c3a83b80db,  `mojang_id` = null,  `bedrock_id` = null,  `password` = '$argon2id$v=19$m=32768,t=5,p=1$RfznDF04zRQJNn9ewSzKNg$cD1Y8XxanYqilJF9h87BlTuCxtJkW0G2Bo0Fl20KuwU', `last_ip` = '0:0:0:0:0:0:0:1', `creation_date` = 2026-09-09 03:51:42.16, `last_seen` = 2026-09-15 01:29:15.632, `email` = null, `discord` = null, `settings` = '{"settings":[{"value":"auth","key":"last-server"},{"value":"en","key":"language"}],"version":0}' WHERE `ai` = 13" (applied to [last_ip, last_seen, settings] columns)
[2026/09/15 01:29:15 INFO]: The user HACKER1original1 has successfully logged in.
[2026/09/15 01:29:49 DEBUG]: [SQLite] [UPDATE]: "UPDATE `nlogin` SET `last_name` = 'rememberins', `unique_id` = 9fe1a9738383336cbc6b132e97244969,  `mojang_id` = null,  `bedrock_id` = null,  `password` = '$argon2id$v=19$m=32768,t=5,p=1$BFT0/BAOLCnPqBXfG355Qw$3Urz8nF1xTgUDIG2Qrib9yP8WhTGToZ4K6Yf0GXikbE', `last_ip` = '0:0:0:0:0:0:0:1', `creation_date` = 2026-09-11 01:20:50.336, `last_seen` = 2026-09-15 01:29:49.258, `email` = null, `discord` = null, `settings` = '{"settings":[{"value":"survival","key":"last-server"},{"value":"en","key":"language"}],"version":0}' WHERE `ai` = 21" (applied to [last_seen, settings] columns)
[2026/09/15 01:30:14 DEBUG]: [SQLite] [UPDATE]: "UPDATE `nlogin` SET `last_name` = 'KILLER_EXE', `unique_id` = 4e682c337b34348a9d48e25db25fba94,  `mojang_id` = null,  `bedrock_id` = null,  `password` = '$argon2id$v=19$m=32768,t=5,p=1$UrRkdy1lQg4r1toCMRs7KA$MfX1KOYwxjydTUXW23q61lzsewTC7Q4lzh84/y+LaV4', `last_ip` = '0:0:0:0:0:0:0:1', `creation_date` = 2026-09-11 01:31:06.501, `last_seen` = 2026-09-15 01:30:14.024, `email` = null, `discord` = null, `settings` = '{"settings":[{"value":"survival","key":"last-server"},{"value":"en","key":"language"}],"version":0}' WHERE `ai` = 23" (applied to [last_seen, settings] columns)
[2026/09/15 01:32:07 DEBUG]: [SQLite] [UPDATE]: "UPDATE `nlogin` SET `last_name` = 'HACKER1original1', `unique_id` = cfad3c5e6ceb30a4ac88b9c3a83b80db,  `mojang_id` = null,  `bedrock_id` = null,  `password` = '$argon2id$v=19$m=32768,t=5,p=1$RfznDF04zRQJNn9ewSzKNg$cD1Y8XxanYqilJF9h87BlTuCxtJkW0G2Bo0Fl20KuwU', `last_ip` = '0:0:0:0:0:0:0:1', `creation_date` = 2026-09-09 03:51:42.16, `last_seen` = 2026-09-15 01:32:07.001, `email` = null, `discord` = null, `settings` = '{"settings":[{"value":"survival","key":"last-server"},{"value":"en","key":"language"}],"version":0}' WHERE `ai` = 13" (applied to [last_seen, settings] columns)
[2026/09/15 01:32:12 DEBUG]: [SQLite] [UPDATE]: "UPDATE `nlogin` SET `last_name` = 'KILLER_EXE', `unique_id` = 4e682c337b34348a9d48e25db25fba94,  `mojang_id` = null,  `bedrock_id` = null,  `password` = '$argon2id$v=19$m=32768,t=5,p=1$UrRkdy1lQg4r1toCMRs7KA$MfX1KOYwxjydTUXW23q61lzsewTC7Q4lzh84/y+LaV4', `last_ip` = '0:0:0:0:0:0:0:1', `creation_date` = 2026-09-11 01:31:06.501, `last_seen` = 2026-09-15 01:32:12.394, `email` = null, `discord` = null, `settings` = '{"settings":[{"value":"survival","key":"last-server"},{"value":"en","key":"language"}],"version":0}' WHERE `ai` = 23" (applied to [last_ip, last_seen, settings] columns)
[2026/09/15 01:32:12 INFO]: The user KILLER_EXE has successfully logged in.
[2026/09/15 01:34:09 DEBUG]: [SQLite] [UPDATE]: "UPDATE `nlogin` SET `last_name` = 'KILLER_EXE', `unique_id` = 4e682c337b34348a9d48e25db25fba94,  `mojang_id` = null,  `bedrock_id` = null,  `password` = '$argon2id$v=19$m=32768,t=5,p=1$UrRkdy1lQg4r1toCMRs7KA$MfX1KOYwxjydTUXW23q61lzsewTC7Q4lzh84/y+LaV4', `last_ip` = '0:0:0:0:0:0:0:1', `creation_date` = 2026-09-11 01:31:06.501, `last_seen` = 2026-09-15 01:34:09.404, `email` = null, `discord` = null, `settings` = '{"settings":[{"value":"survival","key":"last-server"},{"value":"en","key":"language"}],"version":0}' WHERE `ai` = 23" (applied to [last_seen, settings] columns)
[2026/09/15 01:35:11 DEBUG]: [SQLite] [UPDATE]: "UPDATE `nlogin` SET `last_name` = 'rememberins', `unique_id` = 9fe1a9738383336cbc6b132e97244969,  `mojang_id` = null,  `bedrock_id` = null,  `password` = '$argon2id$v=19$m=32768,t=5,p=1$BFT0/BAOLCnPqBXfG355Qw$3Urz8nF1xTgUDIG2Qrib9yP8WhTGToZ4K6Yf0GXikbE', `last_ip` = '0:0:0:0:0:0:0:1', `creation_date` = 2026-09-11 01:20:50.336, `last_seen` = 2026-09-15 01:35:11.45, `email` = null, `discord` = null, `settings` = '{"settings":[{"value":"survival","key":"last-server"},{"value":"en","key":"language"}],"version":0}' WHERE `ai` = 21" (applied to [last_ip, last_seen, settings] columns)
[2026/09/15 01:35:11 INFO]: The user rememberins has successfully logged in.
[2026/09/15 01:35:14 DEBUG]: [SQLite] [UPDATE]: "UPDATE `nlogin` SET `last_name` = 'rememberins', `unique_id` = 9fe1a9738383336cbc6b132e97244969,  `mojang_id` = null,  `bedrock_id` = null,  `password` = '$argon2id$v=19$m=32768,t=5,p=1$BFT0/BAOLCnPqBXfG355Qw$3Urz8nF1xTgUDIG2Qrib9yP8WhTGToZ4K6Yf0GXikbE', `last_ip` = '0:0:0:0:0:0:0:1', `creation_date` = 2026-09-11 01:20:50.336, `last_seen` = 2026-09-15 01:35:14.893, `email` = null, `discord` = null, `settings` = '{"settings":[{"value":"survival","key":"last-server"},{"value":"en","key":"language"}],"version":0}' WHERE `ai` = 21" (applied to [last_seen, settings] columns)
[2026/09/15 01:37:03 DEBUG]: [SQLite] [UPDATE]: "UPDATE `nlogin` SET `last_name` = 'rememberins', `unique_id` = 9fe1a9738383336cbc6b132e97244969,  `mojang_id` = null,  `bedrock_id` = null,  `password` = '$argon2id$v=19$m=32768,t=5,p=1$BFT0/BAOLCnPqBXfG355Qw$3Urz8nF1xTgUDIG2Qrib9yP8WhTGToZ4K6Yf0GXikbE', `last_ip` = '0:0:0:0:0:0:0:1', `creation_date` = 2026-09-11 01:20:50.336, `last_seen` = 2026-09-15 01:37:03.405, `email` = null, `discord` = null, `settings` = '{"settings":[{"value":"survival","key":"last-server"},{"value":"en","key":"language"}],"version":0}' WHERE `ai` = 21" (applied to [last_ip, last_seen, settings] columns)
[2026/09/15 01:37:03 INFO]: The user rememberins has successfully logged in.
[2026/09/15 01:39:47 DEBUG]: [SQLite] [UPDATE]: "UPDATE `nlogin` SET `last_name` = 'rememberins', `unique_id` = 9fe1a9738383336cbc6b132e97244969,  `mojang_id` = null,  `bedrock_id` = null,  `password` = '$argon2id$v=19$m=32768,t=5,p=1$BFT0/BAOLCnPqBXfG355Qw$3Urz8nF1xTgUDIG2Qrib9yP8WhTGToZ4K6Yf0GXikbE', `last_ip` = '0:0:0:0:0:0:0:1', `creation_date` = 2026-09-11 01:20:50.336, `last_seen` = 2026-09-15 01:39:47.342, `email` = null, `discord` = null, `settings` = '{"settings":[{"value":"survival","key":"last-server"},{"value":"en","key":"language"}],"version":0}' WHERE `ai` = 21" (applied to [last_seen, settings] columns)
