[2026/09/15 03:03:45 INFO]:           __             _       
[2026/09/15 03:03:45 INFO]:   _ __   / /  ___   __ _(_)_ __  
[2026/09/15 03:03:45 INFO]:  | '_ \ / /  / _ \ / _` | | '_ \ 
[2026/09/15 03:03:45 INFO]:  | | | / /__| (_) | (_| | | | | |
[2026/09/15 03:03:45 INFO]:  |_| |_\____/\___/ \__, |_|_| |_|
[2026/09/15 03:03:45 INFO]:                   |___/            
[2026/09/15 03:03:45 INFO]:  By: www.nickuc.com - V 2.0.19
[2026/09/15 03:03:45 INFO]:  
[2026/09/15 03:03:45 DEBUG]: Loading the messages_en.yml message file...
[2026/09/15 03:03:45 DEBUG]: Messages were loaded in 308 ms (single file).
[2026/09/15 03:03:45 DEBUG]: Settings were loaded in 430 ms.
[2026/09/15 03:03:45 DEBUG]: Loading database...
[2026/09/15 03:03:46 DEBUG]: Starting logger filter...
[2026/09/15 03:03:46 INFO]: Loading packetevents-velocity 2.13.0...
[2026/09/15 03:21:55 DEBUG]: The dicestack88YT (0:0:0:0:0:0:0:1) player entered an incorrect password
[2026/09/15 03:22:04 DEBUG]: [SQLite] [UPDATE]: "UPDATE `nlogin` SET `last_name` = 'dicestack88YT', `unique_id` = 7fc03cd6d44d3b898c2b48f3080ba5a9,  `mojang_id` = null,  `bedrock_id` = null,  `password` = '$argon2id$v=19$m=32768,t=5,p=1$E4Pv5hD7QH5qaWTxsoYR2w$p3azcCpb7X0ICtXRgfZsrQM2Pc5Je2Syr5XWJtv+Qpo', `last_ip` = '0:0:0:0:0:0:0:1', `creation_date` = 2026-09-08 03:47:36.199, `last_seen` = 2026-09-15 03:22:04.055, `email` = null, `discord` = null, `settings` = '{"settings":[{"value":"survival","key":"last-server"},{"value":"en","key":"language"}],"version":0}' WHERE `ai` = 4" (applied to [last_ip, last_seen, settings] columns)
[2026/09/15 03:22:04 INFO]: The user dicestack88YT has successfully logged in.
[2026/09/15 03:22:17 DEBUG]: [SQLite] [UPDATE]: "UPDATE `nlogin` SET `last_name` = 'HACKER1original1', `unique_id` = cfad3c5e6ceb30a4ac88b9c3a83b80db,  `mojang_id` = null,  `bedrock_id` = null,  `password` = '$argon2id$v=19$m=32768,t=5,p=1$RfznDF04zRQJNn9ewSzKNg$cD1Y8XxanYqilJF9h87BlTuCxtJkW0G2Bo0Fl20KuwU', `last_ip` = '0:0:0:0:0:0:0:1', `creation_date` = 2026-09-09 03:51:42.16, `last_seen` = 2026-09-15 03:22:17.716, `email` = null, `discord` = null, `settings` = '{"settings":[{"value":"survival","key":"last-server"},{"value":"en","key":"language"}],"version":0}' WHERE `ai` = 13" (applied to [last_ip, last_seen, settings] columns)
[2026/09/15 03:22:17 INFO]: The user HACKER1original1 has successfully logged in.
[2026/09/15 03:22:53 DEBUG]: [SQLite] [UPDATE]: "UPDATE `nlogin` SET `last_name` = 'Vyqzren', `unique_id` = f7b02e4299743b8783a17ff87122c29a,  `mojang_id` = null,  `bedrock_id` = null,  `password` = '$argon2id$v=19$m=32768,t=5,p=1$cjU9gMDecimlVne0iYlA2g$lyHZkRAWsBCq4UiM0imyi24DobJmwlZ9WNtEtRxEJqo', `last_ip` = '0:0:0:0:0:0:0:1', `creation_date` = 2026-09-09 04:26:04.396, `last_seen` = 2026-09-15 03:22:53.931, `email` = null, `discord` = null, `settings` = '{"settings":[{"value":"auth","key":"last-server"},{"value":"en","key":"language"}],"version":0}' WHERE `ai` = 18" (applied to [last_ip, last_seen, settings] columns)
[2026/09/15 03:22:53 INFO]: The user Vyqzren has successfully logged in.
[2026/09/15 03:25:07 DEBUG]: [SQLite] [UPDATE]: "UPDATE `nlogin` SET `last_name` = 'Vyqzren', `unique_id` = f7b02e4299743b8783a17ff87122c29a,  `mojang_id` = null,  `bedrock_id` = null,  `password` = '$argon2id$v=19$m=32768,t=5,p=1$cjU9gMDecimlVne0iYlA2g$lyHZkRAWsBCq4UiM0imyi24DobJmwlZ9WNtEtRxEJqo', `last_ip` = '0:0:0:0:0:0:0:1', `creation_date` = 2026-09-09 04:26:04.396, `last_seen` = 2026-09-15 03:25:07.802, `email` = null, `discord` = null, `settings` = '{"settings":[{"value":"survival","key":"last-server"},{"value":"en","key":"language"}],"version":0}' WHERE `ai` = 18" (applied to [last_seen, settings] columns)
[2026/09/15 03:25:46 DEBUG]: [SQLite] [UPDATE]: "UPDATE `nlogin` SET `last_name` = 'dicestack88YT', `unique_id` = 7fc03cd6d44d3b898c2b48f3080ba5a9,  `mojang_id` = null,  `bedrock_id` = null,  `password` = '$argon2id$v=19$m=32768,t=5,p=1$E4Pv5hD7QH5qaWTxsoYR2w$p3azcCpb7X0ICtXRgfZsrQM2Pc5Je2Syr5XWJtv+Qpo', `last_ip` = '0:0:0:0:0:0:0:1', `creation_date` = 2026-09-08 03:47:36.199, `last_seen` = 2026-09-15 03:25:46.525, `email` = null, `discord` = null, `settings` = '{"settings":[{"value":"survival","key":"last-server"},{"value":"en","key":"language"}],"version":0}' WHERE `ai` = 4" (applied to [last_seen, settings] columns)
[2026/09/15 03:31:20 DEBUG]: [SQLite] [UPDATE]: "UPDATE `nlogin` SET `last_name` = 'Vyqzren', `unique_id` = f7b02e4299743b8783a17ff87122c29a,  `mojang_id` = null,  `bedrock_id` = null,  `password` = '$argon2id$v=19$m=32768,t=5,p=1$cjU9gMDecimlVne0iYlA2g$lyHZkRAWsBCq4UiM0imyi24DobJmwlZ9WNtEtRxEJqo', `last_ip` = '0:0:0:0:0:0:0:1', `creation_date` = 2026-09-09 04:26:04.396, `last_seen` = 2026-09-15 03:31:20.888, `email` = null, `discord` = null, `settings` = '{"settings":[{"value":"survival","key":"last-server"},{"value":"en","key":"language"}],"version":0}' WHERE `ai` = 18" (applied to [last_ip, last_seen, settings] columns)
[2026/09/15 03:31:20 INFO]: The user Vyqzren has successfully logged in.
[2026/09/15 03:31:31 DEBUG]: [SQLite] [UPDATE]: "UPDATE `nlogin` SET `last_name` = 'KILLER_EXE', `unique_id` = 4e682c337b34348a9d48e25db25fba94,  `mojang_id` = null,  `bedrock_id` = null,  `password` = '$argon2id$v=19$m=32768,t=5,p=1$UrRkdy1lQg4r1toCMRs7KA$MfX1KOYwxjydTUXW23q61lzsewTC7Q4lzh84/y+LaV4', `last_ip` = '0:0:0:0:0:0:0:1', `creation_date` = 2026-09-11 01:31:06.501, `last_seen` = 2026-09-15 03:31:31.335, `email` = null, `discord` = null, `settings` = '{"settings":[{"value":"survival","key":"last-server"},{"value":"en","key":"language"}],"version":0}' WHERE `ai` = 23" (applied to [last_ip, last_seen, settings] columns)
[2026/09/15 03:31:31 INFO]: The user KILLER_EXE has successfully logged in.
[2026/09/15 03:32:47 DEBUG]: [SQLite] [UPDATE]: "UPDATE `nlogin` SET `last_name` = 'KILLER_EXE', `unique_id` = 4e682c337b34348a9d48e25db25fba94,  `mojang_id` = null,  `bedrock_id` = null,  `password` = '$argon2id$v=19$m=32768,t=5,p=1$UrRkdy1lQg4r1toCMRs7KA$MfX1KOYwxjydTUXW23q61lzsewTC7Q4lzh84/y+LaV4', `last_ip` = '0:0:0:0:0:0:0:1', `creation_date` = 2026-09-11 01:31:06.501, `last_seen` = 2026-09-15 03:32:47.527, `email` = null, `discord` = null, `settings` = '{"settings":[{"value":"survival","key":"last-server"},{"value":"en","key":"language"}],"version":0}' WHERE `ai` = 23" (applied to [last_seen, settings] columns)
