[2026/09/14 02:20:31 INFO]:           __             _       
[2026/09/14 02:20:31 INFO]:   _ __   / /  ___   __ _(_)_ __  
[2026/09/14 02:20:31 INFO]:  | '_ \ / /  / _ \ / _` | | '_ \ 
[2026/09/14 02:20:31 INFO]:  | | | / /__| (_) | (_| | | | | |
[2026/09/14 02:20:31 INFO]:  |_| |_\____/\___/ \__, |_|_| |_|
[2026/09/14 02:20:31 INFO]:                   |___/            
[2026/09/14 02:20:31 INFO]:  By: www.nickuc.com - V 2.0.19
[2026/09/14 02:20:31 INFO]:  
[2026/09/14 02:20:32 DEBUG]: Loading the messages_en.yml message file...
[2026/09/14 02:20:32 DEBUG]: Messages were loaded in 113 ms (single file).
[2026/09/14 02:20:32 DEBUG]: Settings were loaded in 226 ms.
[2026/09/14 02:20:32 DEBUG]: Loading database...
[2026/09/14 02:20:32 DEBUG]: Starting logger filter...
[2026/09/14 02:20:33 INFO]: Loading packetevents-velocity 2.13.0...
[2026/09/14 02:22:03 DEBUG]: The dicestack88YT (0:0:0:0:0:0:0:1) player entered an incorrect password
[2026/09/14 02:22:10 DEBUG]: [SQLite] [UPDATE]: "UPDATE `nlogin` SET `last_name` = 'dicestack88YT', `unique_id` = 7fc03cd6d44d3b898c2b48f3080ba5a9,  `mojang_id` = null,  `bedrock_id` = null,  `password` = '$argon2id$v=19$m=32768,t=5,p=1$E4Pv5hD7QH5qaWTxsoYR2w$p3azcCpb7X0ICtXRgfZsrQM2Pc5Je2Syr5XWJtv+Qpo', `last_ip` = '0:0:0:0:0:0:0:1', `creation_date` = 2026-09-08 03:47:36.199, `last_seen` = 2026-09-14 02:22:10.667, `email` = null, `discord` = null, `settings` = '{"settings":[{"value":"auth","key":"last-server"},{"value":"en","key":"language"}],"version":0}' WHERE `ai` = 4" (applied to [last_ip, last_seen, settings] columns)
[2026/09/14 02:22:10 INFO]: The user dicestack88YT has successfully logged in.
[2026/09/14 02:22:32 DEBUG]: [SQLite] [UPDATE]: "UPDATE `nlogin` SET `last_name` = 'NotPulseWave_YT', `unique_id` = c469abf877c13599a29e3e4aa0dafc42,  `mojang_id` = null,  `bedrock_id` = null,  `password` = '$argon2id$v=19$m=32768,t=5,p=1$gmtGI5Vhm61Ln1/AhfT6RA$Hg6bgyQowxtqEFjz8uoCCI6lPwt8Se4HbysoAMeGVHs', `last_ip` = '0:0:0:0:0:0:0:1', `creation_date` = 2026-09-14 01:08:44.222, `last_seen` = 2026-09-14 02:22:32.884, `email` = null, `discord` = null, `settings` = '{"settings":[{"value":"survival","key":"last-server"},{"value":"en","key":"language"}],"version":0}' WHERE `ai` = 27" (applied to [last_ip, last_seen, settings] columns)
[2026/09/14 02:22:32 INFO]: The user NotPulseWave_YT has successfully logged in.
[2026/09/14 02:22:47 DEBUG]: [SQLite] [UPDATE]: "INSERT INTO `nlogin` (`last_name`, `unique_id`, `mojang_id`, `bedrock_id`, `password`, `last_ip`, `creation_date`, `last_seen`, `email`, `discord`, `settings`) VALUES ('gooner2', 532d2b7460823e9c9e43ac4e6b5a760e, null, null, '$argon2id$v=19$m=32768,t=5,p=1$EZuvEdGU4jg/rIrWyVQylg$3Ijb3YZFZZEcy30dR9Bizm6HZn7YNQ1oSt1GfnPWdAI', '0:0:0:0:0:0:0:1', '2026-09-14 02:22:47.34', '2026-09-14 02:22:47.34', null, null, '{"settings":[{"value":true,"key":"force-invalid-session"}],"version":0}')" (applied to all columns)
[2026/09/14 02:22:47 INFO]: The user gooner2 has successfully registered.
[2026/09/14 02:22:52 DEBUG]: [SQLite] [UPDATE]: "UPDATE `nlogin` SET `last_name` = 'gooner2', `unique_id` = 532d2b7460823e9c9e43ac4e6b5a760e,  `mojang_id` = null,  `bedrock_id` = null,  `password` = '$argon2id$v=19$m=32768,t=5,p=1$EZuvEdGU4jg/rIrWyVQylg$3Ijb3YZFZZEcy30dR9Bizm6HZn7YNQ1oSt1GfnPWdAI', `last_ip` = '0:0:0:0:0:0:0:1', `creation_date` = 2026-09-14 02:22:47.34, `last_seen` = 2026-09-14 02:22:52.166, `email` = null, `discord` = null, `settings` = '{"settings":[{"value":true,"key":"force-invalid-session"},{"value":"auth","key":"last-server"},{"value":"en","key":"language"}],"version":0}' WHERE `ai` = 34" (applied to [last_seen, settings] columns)
[2026/09/14 02:23:13 DEBUG]: [SQLite] [UPDATE]: "UPDATE `nlogin` SET `last_name` = 'YuviPRO1123', `unique_id` = e46c52c62db237139f2361380f9b94df,  `mojang_id` = null,  `bedrock_id` = null,  `password` = '$argon2id$v=19$m=32768,t=5,p=1$mxv5z+f6bY7UgSOnhn3Pcw$JmB1aA+TdG/pVn0JcncsuF0apcczprbaPh62wl2KUhw', `last_ip` = '0:0:0:0:0:0:0:1', `creation_date` = 2026-09-08 03:47:36.709, `last_seen` = 2026-09-14 02:23:13.517, `email` = null, `discord` = null, `settings` = '{"settings":[{"value":"survival","key":"last-server"},{"value":"en","key":"language"}],"version":0}' WHERE `ai` = 5" (applied to [last_ip, last_seen, settings] columns)
[2026/09/14 02:23:13 INFO]: The user YuviPRO1123 has successfully logged in.
[2026/09/14 02:23:17 DEBUG]: [SQLite] [UPDATE]: "UPDATE `nlogin` SET `last_name` = 'gooner', `unique_id` = 83ebaff402f031e487c2853052c6b342,  `mojang_id` = null,  `bedrock_id` = null,  `password` = '$argon2id$v=19$m=32768,t=5,p=1$PJp4bQmYqex5yVHaopYyOA$T8gCB6u749Z3nYQLU4wgoyzOf2Wms75VBSQ8+HyhK2g', `last_ip` = '0:0:0:0:0:0:0:1', `creation_date` = 2026-09-14 02:06:08.153, `last_seen` = 2026-09-14 02:23:17.344, `email` = null, `discord` = null, `settings` = '{"settings":[{"value":"en","key":"language"}],"version":0}' WHERE `ai` = 33" (applied to [last_ip, last_seen, settings] columns)
[2026/09/14 02:23:17 INFO]: The user gooner has successfully logged in.
[2026/09/14 02:25:54 DEBUG]: [SQLite] [UPDATE]: "UPDATE `nlogin` SET `last_name` = 'dicestack88YT', `unique_id` = 7fc03cd6d44d3b898c2b48f3080ba5a9,  `mojang_id` = null,  `bedrock_id` = null,  `password` = '$argon2id$v=19$m=32768,t=5,p=1$E4Pv5hD7QH5qaWTxsoYR2w$p3azcCpb7X0ICtXRgfZsrQM2Pc5Je2Syr5XWJtv+Qpo', `last_ip` = '0:0:0:0:0:0:0:1', `creation_date` = 2026-09-08 03:47:36.199, `last_seen` = 2026-09-14 02:25:54.341, `email` = null, `discord` = null, `settings` = '{"settings":[{"value":"survival","key":"last-server"},{"value":"en","key":"language"}],"version":0}' WHERE `ai` = 4" (applied to [last_seen, settings] columns)
