[00:07:43] [User Authenticator #5/INFO]: UUID of player HACKER1original1 is cfad3c5e-6ceb-30a4-ac88-b9c3a83b80db
[00:07:43] [Server thread/INFO]: HACKER1original1 joined the game
[00:07:43] [Server thread/INFO]: HACKER1original1[/[0:0:0:0:0:0:0:1]:43198] logged in with entity id 6 at ([minecraft:overworld]8.5, -17236.754515860765, 8.5)
[00:07:50] [User Authenticator #6/INFO]: UUID of player Twinkboys_Galore is bd97308d-3753-30f4-bf88-ecbaf202ef6c
[00:07:52] [Server thread/INFO]: Twinkboys_Galore joined the game
[00:07:52] [Server thread/INFO]: Twinkboys_Galore[/127.174.46.148:51286] logged in with entity id 7 at ([minecraft:overworld]8.5, -4644.768046695923, 8.5)
[00:07:53] [Server thread/INFO]: HACKER1original1 lost connection: Disconnected
[00:07:53] [Server thread/INFO]: HACKER1original1 left the game
[00:08:00] [Server thread/INFO]: Twinkboys_Galore lost connection: Disconnected
[00:08:00] [Server thread/INFO]: Twinkboys_Galore left the game
[00:08:05] [User Authenticator #7/INFO]: UUID of player Twinkboys_Galore is bd97308d-3753-30f4-bf88-ecbaf202ef6c
[00:08:07] [Server thread/INFO]: Twinkboys_Galore joined the game
[00:08:07] [Server thread/INFO]: Twinkboys_Galore[/127.174.46.148:50200] logged in with entity id 8 at ([minecraft:overworld]8.5, -5079.940588335842, 8.5)
[00:08:13] [Server thread/INFO]: Twinkboys_Galore lost connection: Disconnected
[00:08:13] [Server thread/INFO]: Twinkboys_Galore left the game
[00:09:40] [User Authenticator #8/INFO]: UUID of player dicestack88YT is 7fc03cd6-d44d-3b89-8c2b-48f3080ba5a9
[00:09:42] [Server thread/INFO]: dicestack88YT joined the game
[00:09:42] [Server thread/INFO]: dicestack88YT[/[0:0:0:0:0:0:0:1]:58252] logged in with entity id 9 at ([minecraft:overworld]8.5, -6101.964520913951, 8.5)
[00:09:47] [Server thread/WARN]: dicestack88YT moved too quickly! 0.0,-12.83515217148306,0.0
[00:09:49] [Server thread/INFO]: dicestack88YT lost connection: Disconnected
[00:09:49] [Server thread/INFO]: dicestack88YT left the game
[00:20:13] [User Authenticator #9/INFO]: UUID of player Vyqzren is f7b02e42-9974-3b87-83a1-7ff87122c29a
[00:20:13] [Server thread/INFO]: Vyqzren joined the game
[00:20:13] [Server thread/INFO]: Vyqzren[/[0:0:0:0:0:0:0:1]:44958] logged in with entity id 10 at ([minecraft:overworld]-4.523571615074519, -6596.373134300975, 24.93700196701596)
[00:20:18] [Server thread/INFO]: Vyqzren lost connection: Disconnected
[00:20:18] [Server thread/INFO]: Vyqzren left the game
[00:46:16] [User Authenticator #10/INFO]: UUID of player rememberins is 9fe1a973-8383-336c-bc6b-132e97244969
[00:46:17] [Server thread/INFO]: rememberins joined the game
[00:46:17] [Server thread/INFO]: rememberins[/[0:0:0:0:0:0:0:1]:46838] logged in with entity id 11 at ([minecraft:overworld]8.5, -12721.210129417015, 8.5)
[00:46:22] [Server thread/INFO]: rememberins lost connection: Disconnected
[00:46:22] [Server thread/INFO]: rememberins left the game
