[2026-09-14 23:37:25] LOG: =========================================
[2026-09-14 23:37:25] LOG: NOTICE: Another economy plugin detected!
[2026-09-14 23:37:25] LOG: Detected: Essentials
[2026-09-14 23:37:25] LOG: 
[2026-09-14 23:37:25] LOG: GUIShop's internal economy is currently ENABLED
[2026-09-14 23:37:25] LOG: and will override Essentials.
[2026-09-14 23:37:25] LOG: 
[2026-09-14 23:37:25] LOG: To use Essentials instead:
[2026-09-14 23:37:25] LOG:   1. Open plugins/GUIShop/economy.yml
[2026-09-14 23:37:25] LOG:   2. Set 'enabled: false'
[2026-09-14 23:37:25] LOG:   3. Restart the server
[2026-09-14 23:37:25] LOG: =========================================
[2026-09-14 23:37:25] LOG: Economy database initialized: plugins/GUIShop/Data/player_balances.db
[2026-09-14 23:37:25] LOG: Internal economy enabled and registered with Vault.
[2026-09-14 23:37:25] LOG: Currency: $ (Dollar)
[2026-09-14 23:37:25] LOG: Starting balance: $1K
[2026-09-14 23:37:25] LOG: Economy commands registered: /bal, /balance, /money, /pay, /send, /togglepay
[2026-09-14 23:37:25] LOG: PacketEvents not found - Worth display feature disabled.
[2026-09-14 23:37:25] LOG: Install PacketEvents to show item worth in lore.
[2026-09-14 23:37:26] LOG: Statistics database initialized: plugins/GUIShop/Data/player_statistics.db
[2026-09-14 23:37:26] LOG: PlaceholderAPI expansion registered.
[2026-09-15 01:04:23] LOG: =========================================
[2026-09-15 01:04:23] LOG: NOTICE: Another economy plugin detected!
[2026-09-15 01:04:23] LOG: Detected: Essentials
[2026-09-15 01:04:23] LOG: 
[2026-09-15 01:04:23] LOG: GUIShop's internal economy is currently ENABLED
[2026-09-15 01:04:23] LOG: and will override Essentials.
[2026-09-15 01:04:23] LOG: 
[2026-09-15 01:04:23] LOG: To use Essentials instead:
[2026-09-15 01:04:23] LOG:   1. Open plugins/GUIShop/economy.yml
[2026-09-15 01:04:23] LOG:   2. Set 'enabled: false'
[2026-09-15 01:04:23] LOG:   3. Restart the server
[2026-09-15 01:04:23] LOG: =========================================
[2026-09-15 01:04:23] LOG: Economy database initialized: plugins/GUIShop/Data/player_balances.db
[2026-09-15 01:04:23] LOG: Internal economy enabled and registered with Vault.
[2026-09-15 01:04:23] LOG: Currency: $ (Dollar)
[2026-09-15 01:04:23] LOG: Starting balance: $1K
[2026-09-15 01:04:23] LOG: Economy commands registered: /bal, /balance, /money, /pay, /send, /togglepay
[2026-09-15 01:04:23] LOG: PacketEvents not found - Worth display feature disabled.
[2026-09-15 01:04:23] LOG: Install PacketEvents to show item worth in lore.
[2026-09-15 01:04:23] LOG: Statistics database initialized: plugins/GUIShop/Data/player_statistics.db
[2026-09-15 01:04:23] LOG: PlaceholderAPI expansion registered.
[2026-09-15 01:22:28] LOG: =========================================
[2026-09-15 01:22:28] LOG: NOTICE: Another economy plugin detected!
[2026-09-15 01:22:28] LOG: Detected: Essentials
[2026-09-15 01:22:28] LOG: 
[2026-09-15 01:22:28] LOG: GUIShop's internal economy is currently ENABLED
[2026-09-15 01:22:28] LOG: and will override Essentials.
[2026-09-15 01:22:28] LOG: 
[2026-09-15 01:22:28] LOG: To use Essentials instead:
[2026-09-15 01:22:28] LOG:   1. Open plugins/GUIShop/economy.yml
[2026-09-15 01:22:28] LOG:   2. Set 'enabled: false'
[2026-09-15 01:22:28] LOG:   3. Restart the server
[2026-09-15 01:22:28] LOG: =========================================
[2026-09-15 01:22:28] LOG: Economy database initialized: plugins/GUIShop/Data/player_balances.db
[2026-09-15 01:22:28] LOG: Internal economy enabled and registered with Vault.
[2026-09-15 01:22:28] LOG: Currency: $ (Dollar)
[2026-09-15 01:22:28] LOG: Starting balance: $1K
[2026-09-15 01:22:28] LOG: Economy commands registered: /bal, /balance, /money, /pay, /send, /togglepay
[2026-09-15 01:22:28] LOG: PacketEvents not found - Worth display feature disabled.
[2026-09-15 01:22:28] LOG: Install PacketEvents to show item worth in lore.
[2026-09-15 01:22:28] LOG: Statistics database initialized: plugins/GUIShop/Data/player_statistics.db
[2026-09-15 01:22:28] LOG: PlaceholderAPI expansion registered.
[2026-09-15 03:14:05] LOG: =========================================
[2026-09-15 03:14:05] LOG: NOTICE: Another economy plugin detected!
[2026-09-15 03:14:05] LOG: Detected: Essentials
[2026-09-15 03:14:05] LOG: 
[2026-09-15 03:14:05] LOG: GUIShop's internal economy is currently ENABLED
[2026-09-15 03:14:05] LOG: and will override Essentials.
[2026-09-15 03:14:05] LOG: 
[2026-09-15 03:14:05] LOG: To use Essentials instead:
[2026-09-15 03:14:05] LOG:   1. Open plugins/GUIShop/economy.yml
[2026-09-15 03:14:05] LOG:   2. Set 'enabled: false'
[2026-09-15 03:14:05] LOG:   3. Restart the server
[2026-09-15 03:14:05] LOG: =========================================
[2026-09-15 03:14:05] LOG: Economy database initialized: plugins/GUIShop/Data/player_balances.db
[2026-09-15 03:14:05] LOG: Internal economy enabled and registered with Vault.
[2026-09-15 03:14:05] LOG: Currency: $ (Dollar)
[2026-09-15 03:14:05] LOG: Starting balance: $1K
[2026-09-15 03:14:05] LOG: Economy commands registered: /bal, /balance, /money, /pay, /send, /togglepay
[2026-09-15 03:14:05] LOG: PacketEvents not found - Worth display feature disabled.
[2026-09-15 03:14:05] LOG: Install PacketEvents to show item worth in lore.
[2026-09-15 03:14:05] LOG: Statistics database initialized: plugins/GUIShop/Data/player_statistics.db
[2026-09-15 03:14:05] LOG: PlaceholderAPI expansion registered.
[2026-09-15 03:21:10] LOG: =========================================
[2026-09-15 03:21:10] LOG: NOTICE: Another economy plugin detected!
[2026-09-15 03:21:10] LOG: Detected: Essentials
[2026-09-15 03:21:10] LOG: 
[2026-09-15 03:21:10] LOG: GUIShop's internal economy is currently ENABLED
[2026-09-15 03:21:10] LOG: and will override Essentials.
[2026-09-15 03:21:10] LOG: 
[2026-09-15 03:21:10] LOG: To use Essentials instead:
[2026-09-15 03:21:10] LOG:   1. Open plugins/GUIShop/economy.yml
[2026-09-15 03:21:10] LOG:   2. Set 'enabled: false'
[2026-09-15 03:21:10] LOG:   3. Restart the server
[2026-09-15 03:21:10] LOG: =========================================
[2026-09-15 03:21:10] LOG: Economy database initialized: plugins/GUIShop/Data/player_balances.db
[2026-09-15 03:21:10] LOG: Internal economy enabled and registered with Vault.
[2026-09-15 03:21:10] LOG: Currency: $ (Dollar)
[2026-09-15 03:21:10] LOG: Starting balance: $1K
[2026-09-15 03:21:10] LOG: Economy commands registered: /bal, /balance, /money, /pay, /send, /togglepay
[2026-09-15 03:21:10] LOG: PacketEvents not found - Worth display feature disabled.
[2026-09-15 03:21:10] LOG: Install PacketEvents to show item worth in lore.
[2026-09-15 03:21:10] LOG: Statistics database initialized: plugins/GUIShop/Data/player_statistics.db
[2026-09-15 03:21:10] LOG: PlaceholderAPI expansion registered.
[2026-09-15 03:49:52] LOG: =========================================
[2026-09-15 03:49:52] LOG: NOTICE: Another economy plugin detected!
[2026-09-15 03:49:52] LOG: Detected: Essentials
[2026-09-15 03:49:52] LOG: 
[2026-09-15 03:49:52] LOG: GUIShop's internal economy is currently ENABLED
[2026-09-15 03:49:52] LOG: and will override Essentials.
[2026-09-15 03:49:52] LOG: 
[2026-09-15 03:49:52] LOG: To use Essentials instead:
[2026-09-15 03:49:52] LOG:   1. Open plugins/GUIShop/economy.yml
[2026-09-15 03:49:52] LOG:   2. Set 'enabled: false'
[2026-09-15 03:49:52] LOG:   3. Restart the server
[2026-09-15 03:49:52] LOG: =========================================
[2026-09-15 03:49:52] LOG: Economy database initialized: plugins/GUIShop/Data/player_balances.db
[2026-09-15 03:49:52] LOG: Internal economy enabled and registered with Vault.
[2026-09-15 03:49:52] LOG: Currency: $ (Dollar)
[2026-09-15 03:49:52] LOG: Starting balance: $1K
[2026-09-15 03:49:52] LOG: Economy commands registered: /bal, /balance, /money, /pay, /send, /togglepay
[2026-09-15 03:49:52] LOG: PacketEvents not found - Worth display feature disabled.
[2026-09-15 03:49:52] LOG: Install PacketEvents to show item worth in lore.
[2026-09-15 03:49:52] LOG: Statistics database initialized: plugins/GUIShop/Data/player_statistics.db
[2026-09-15 03:49:52] LOG: PlaceholderAPI expansion registered.
[2026-09-15 23:03:24] LOG: =========================================
[2026-09-15 23:03:24] LOG: NOTICE: Another economy plugin detected!
[2026-09-15 23:03:24] LOG: Detected: Essentials
[2026-09-15 23:03:24] LOG: 
[2026-09-15 23:03:24] LOG: GUIShop's internal economy is currently ENABLED
[2026-09-15 23:03:24] LOG: and will override Essentials.
[2026-09-15 23:03:24] LOG: 
[2026-09-15 23:03:24] LOG: To use Essentials instead:
[2026-09-15 23:03:24] LOG:   1. Open plugins/GUIShop/economy.yml
[2026-09-15 23:03:24] LOG:   2. Set 'enabled: false'
[2026-09-15 23:03:24] LOG:   3. Restart the server
[2026-09-15 23:03:24] LOG: =========================================
[2026-09-15 23:03:24] LOG: Economy database initialized: plugins/GUIShop/Data/player_balances.db
[2026-09-15 23:03:24] LOG: Internal economy enabled and registered with Vault.
[2026-09-15 23:03:24] LOG: Currency: $ (Dollar)
[2026-09-15 23:03:24] LOG: Starting balance: $1K
[2026-09-15 23:03:24] LOG: Economy commands registered: /bal, /balance, /money, /pay, /send, /togglepay
[2026-09-15 23:03:24] LOG: PacketEvents not found - Worth display feature disabled.
[2026-09-15 23:03:24] LOG: Install PacketEvents to show item worth in lore.
[2026-09-15 23:03:24] LOG: Statistics database initialized: plugins/GUIShop/Data/player_statistics.db
[2026-09-15 23:03:24] LOG: PlaceholderAPI expansion registered.
[2026-09-16 00:10:21] LOG: =========================================
[2026-09-16 00:10:21] LOG: NOTICE: Another economy plugin detected!
[2026-09-16 00:10:21] LOG: Detected: Essentials
[2026-09-16 00:10:21] LOG: 
[2026-09-16 00:10:21] LOG: GUIShop's internal economy is currently ENABLED
[2026-09-16 00:10:21] LOG: and will override Essentials.
[2026-09-16 00:10:21] LOG: 
[2026-09-16 00:10:21] LOG: To use Essentials instead:
[2026-09-16 00:10:21] LOG:   1. Open plugins/GUIShop/economy.yml
[2026-09-16 00:10:21] LOG:   2. Set 'enabled: false'
[2026-09-16 00:10:21] LOG:   3. Restart the server
[2026-09-16 00:10:21] LOG: =========================================
[2026-09-16 00:10:21] LOG: Economy database initialized: plugins/GUIShop/Data/player_balances.db
[2026-09-16 00:10:21] LOG: Internal economy enabled and registered with Vault.
[2026-09-16 00:10:21] LOG: Currency: $ (Dollar)
[2026-09-16 00:10:21] LOG: Starting balance: $1K
[2026-09-16 00:10:21] LOG: Economy commands registered: /bal, /balance, /money, /pay, /send, /togglepay
[2026-09-16 00:10:21] LOG: PacketEvents not found - Worth display feature disabled.
[2026-09-16 00:10:21] LOG: Install PacketEvents to show item worth in lore.
[2026-09-16 00:10:21] LOG: Statistics database initialized: plugins/GUIShop/Data/player_statistics.db
[2026-09-16 00:10:21] LOG: PlaceholderAPI expansion registered.
[2026-09-16 00:32:21] LOG: =========================================
[2026-09-16 00:32:21] LOG: NOTICE: Another economy plugin detected!
[2026-09-16 00:32:21] LOG: Detected: Essentials
[2026-09-16 00:32:21] LOG: 
[2026-09-16 00:32:21] LOG: GUIShop's internal economy is currently ENABLED
[2026-09-16 00:32:21] LOG: and will override Essentials.
[2026-09-16 00:32:21] LOG: 
[2026-09-16 00:32:21] LOG: To use Essentials instead:
[2026-09-16 00:32:21] LOG:   1. Open plugins/GUIShop/economy.yml
[2026-09-16 00:32:21] LOG:   2. Set 'enabled: false'
[2026-09-16 00:32:21] LOG:   3. Restart the server
[2026-09-16 00:32:21] LOG: =========================================
[2026-09-16 00:32:21] LOG: Economy database initialized: plugins/GUIShop/Data/player_balances.db
[2026-09-16 00:32:21] LOG: Internal economy enabled and registered with Vault.
[2026-09-16 00:32:21] LOG: Currency: $ (Dollar)
[2026-09-16 00:32:21] LOG: Starting balance: $1K
[2026-09-16 00:32:21] LOG: Economy commands registered: /bal, /balance, /money, /pay, /send, /togglepay
[2026-09-16 00:32:21] LOG: PacketEvents not found - Worth display feature disabled.
[2026-09-16 00:32:21] LOG: Install PacketEvents to show item worth in lore.
[2026-09-16 00:32:21] LOG: Statistics database initialized: plugins/GUIShop/Data/player_statistics.db
[2026-09-16 00:32:21] LOG: PlaceholderAPI expansion registered.
[2026-09-16 01:43:50] LOG: =========================================
[2026-09-16 01:43:50] LOG: NOTICE: Another economy plugin detected!
[2026-09-16 01:43:50] LOG: Detected: Essentials
[2026-09-16 01:43:50] LOG: 
[2026-09-16 01:43:50] LOG: GUIShop's internal economy is currently ENABLED
[2026-09-16 01:43:50] LOG: and will override Essentials.
[2026-09-16 01:43:50] LOG: 
[2026-09-16 01:43:50] LOG: To use Essentials instead:
[2026-09-16 01:43:50] LOG:   1. Open plugins/GUIShop/economy.yml
[2026-09-16 01:43:50] LOG:   2. Set 'enabled: false'
[2026-09-16 01:43:50] LOG:   3. Restart the server
[2026-09-16 01:43:50] LOG: =========================================
[2026-09-16 01:43:50] LOG: Economy database initialized: plugins/GUIShop/Data/player_balances.db
[2026-09-16 01:43:50] LOG: Internal economy enabled and registered with Vault.
[2026-09-16 01:43:50] LOG: Currency: $ (Dollar)
[2026-09-16 01:43:50] LOG: Starting balance: $1K
[2026-09-16 01:43:50] LOG: Economy commands registered: /bal, /balance, /money, /pay, /send, /togglepay
[2026-09-16 01:43:50] LOG: PacketEvents not found - Worth display feature disabled.
[2026-09-16 01:43:50] LOG: Install PacketEvents to show item worth in lore.
[2026-09-16 01:43:51] LOG: Statistics database initialized: plugins/GUIShop/Data/player_statistics.db
[2026-09-16 01:43:51] LOG: PlaceholderAPI expansion registered.
[2026-09-16 03:33:28] LOG: =========================================
[2026-09-16 03:33:28] LOG: NOTICE: Another economy plugin detected!
[2026-09-16 03:33:28] LOG: Detected: Essentials
[2026-09-16 03:33:28] LOG: 
[2026-09-16 03:33:28] LOG: GUIShop's internal economy is currently ENABLED
[2026-09-16 03:33:28] LOG: and will override Essentials.
[2026-09-16 03:33:28] LOG: 
[2026-09-16 03:33:28] LOG: To use Essentials instead:
[2026-09-16 03:33:28] LOG:   1. Open plugins/GUIShop/economy.yml
[2026-09-16 03:33:28] LOG:   2. Set 'enabled: false'
[2026-09-16 03:33:28] LOG:   3. Restart the server
[2026-09-16 03:33:28] LOG: =========================================
[2026-09-16 03:33:28] LOG: Economy database initialized: plugins/GUIShop/Data/player_balances.db
[2026-09-16 03:33:28] LOG: Internal economy enabled and registered with Vault.
[2026-09-16 03:33:28] LOG: Currency: $ (Dollar)
[2026-09-16 03:33:28] LOG: Starting balance: $1K
[2026-09-16 03:33:28] LOG: Economy commands registered: /bal, /balance, /money, /pay, /send, /togglepay
[2026-09-16 03:33:28] LOG: PacketEvents not found - Worth display feature disabled.
[2026-09-16 03:33:28] LOG: Install PacketEvents to show item worth in lore.
[2026-09-16 03:33:28] LOG: Statistics database initialized: plugins/GUIShop/Data/player_statistics.db
[2026-09-16 03:33:28] LOG: PlaceholderAPI expansion registered.
[2026-09-17 01:43:12] LOG: =========================================
[2026-09-17 01:43:12] LOG: NOTICE: Another economy plugin detected!
[2026-09-17 01:43:12] LOG: Detected: Essentials
[2026-09-17 01:43:12] LOG: 
[2026-09-17 01:43:12] LOG: GUIShop's internal economy is currently ENABLED
[2026-09-17 01:43:12] LOG: and will override Essentials.
[2026-09-17 01:43:12] LOG: 
[2026-09-17 01:43:12] LOG: To use Essentials instead:
[2026-09-17 01:43:12] LOG:   1. Open plugins/GUIShop/economy.yml
[2026-09-17 01:43:12] LOG:   2. Set 'enabled: false'
[2026-09-17 01:43:12] LOG:   3. Restart the server
[2026-09-17 01:43:12] LOG: =========================================
[2026-09-17 01:43:12] LOG: Economy database initialized: plugins/GUIShop/Data/player_balances.db
[2026-09-17 01:43:12] LOG: Internal economy enabled and registered with Vault.
[2026-09-17 01:43:12] LOG: Currency: $ (Dollar)
[2026-09-17 01:43:12] LOG: Starting balance: $1K
[2026-09-17 01:43:12] LOG: Economy commands registered: /bal, /balance, /money, /pay, /send, /togglepay
[2026-09-17 01:43:12] LOG: PacketEvents not found - Worth display feature disabled.
[2026-09-17 01:43:12] LOG: Install PacketEvents to show item worth in lore.
[2026-09-17 01:43:12] LOG: Statistics database initialized: plugins/GUIShop/Data/player_statistics.db
[2026-09-17 01:43:12] LOG: PlaceholderAPI expansion registered.
