[03:17:56] [main/INFO] [com.velocitypowered.proxy.VelocityServer]: Booting up Velocity 4.1.0-SNAPSHOT (git-00759e52-b16)...
[03:17:56] [main/INFO] [com.velocitypowered.proxy.network.ConnectionManager]: Connections will use epoll channels, libdeflate (Linux x86_64) compression, OpenSSL 3.x.x (Linux x86_64) ciphers
[03:17:57] [main/WARN] [com.velocitypowered.proxy.config.VelocityConfiguration]: The proxy is running in offline mode! This is a security risk and you will NOT receive any support!
[03:17:57] [main/INFO] [com.velocitypowered.proxy.VelocityServer]: Loading localizations...
[03:17:57] [main/INFO] [com.velocitypowered.proxy.VelocityServer]: Loading plugins...
[03:17:59] [main/INFO] [eaglerxserver]: Loading EaglercraftXServer 1.1.1...
[03:17:59] [main/INFO] [eaglerxserver]: (Platform: Velocity)
[03:17:59] [main/INFO] [eaglerxserver]: Server Name: "EaglercraftXServer"
[03:18:00] [main/ERROR] [eaglerxserver]: Could not load server icon: server-icon.png
javax.imageio.IIOException: Can't read input file!
	at java.desktop/javax.imageio.ImageIO.read(ImageIO.java:1264)
	at net.lax1dude.eaglercraft.backend.server.base.ServerIconLoader.loadServerIcon(ServerIconLoader.java:112)
	at net.lax1dude.eaglercraft.backend.server.base.ServerIconLoader$1.loadServerIcon(ServerIconLoader.java:51)
	at net.lax1dude.eaglercraft.backend.server.base.EaglerListener.<init>(EaglerListener.java:90)
	at net.lax1dude.eaglercraft.backend.server.base.EaglerListener.<init>(EaglerListener.java:58)
	at net.lax1dude.eaglercraft.backend.server.base.EaglerXServer.loadProxying(EaglerXServer.java:355)
	at net.lax1dude.eaglercraft.backend.server.base.EaglerXServer.load(EaglerXServer.java:339)
	at net.lax1dude.eaglercraft.backend.server.velocity.PlatformPluginVelocity.<init>(PlatformPluginVelocity.java:256)
	at net.lax1dude.eaglercraft.backend.server.velocity.PlatformPluginVelocity$$FastClassByGuice$$64cba.GUICE$TRAMPOLINE(<generated>)
	at net.lax1dude.eaglercraft.backend.server.velocity.PlatformPluginVelocity$$FastClassByGuice$$64cba.apply(<generated>)
	at com.google.inject.internal.DefaultConstructionProxyFactory$FastClassProxy.newInstance(DefaultConstructionProxyFactory.java:82)
	at com.google.inject.internal.ConstructorInjector.provision(ConstructorInjector.java:114)
	at com.google.inject.internal.ConstructorInjector.construct(ConstructorInjector.java:91)
	at com.google.inject.internal.ConstructorBindingImpl$Factory.get(ConstructorBindingImpl.java:300)
	at com.google.inject.internal.ProviderToInternalFactoryAdapter.get(ProviderToInternalFactoryAdapter.java:40)
	at com.google.inject.internal.SingletonScope$1.get(SingletonScope.java:169)
	at com.google.inject.internal.InternalFactoryToProviderAdapter.get(InternalFactoryToProviderAdapter.java:45)
	at com.google.inject.internal.InjectorImpl$1.get(InjectorImpl.java:1148)
	at com.google.inject.internal.InjectorImpl.getInstance(InjectorImpl.java:1186)
	at com.velocitypowered.proxy.plugin.loader.java.JavaPluginLoader.createPlugin(JavaPluginLoader.java:135)
	at com.velocitypowered.proxy.plugin.VelocityPluginManager.loadPlugins(VelocityPluginManager.java:199)
	at com.velocitypowered.proxy.VelocityServer.loadPlugins(VelocityServer.java:439)
	at com.velocitypowered.proxy.VelocityServer.start(VelocityServer.java:310)
	at com.velocitypowered.proxy.Velocity.main(Velocity.java:71)
[03:18:00] [main/INFO] [com.velocitypowered.proxy.plugin.VelocityPluginManager]: Loaded plugin eaglerxserver 1.1.1 by lax1dude
[03:18:00] [main/INFO] [com.velocitypowered.proxy.plugin.VelocityPluginManager]: Loaded plugin luckperms 5.5.71 by Luck
[03:18:01] [main/INFO] [com.velocitypowered.proxy.plugin.VelocityPluginManager]: Loaded plugin nantibot 2.0.8 by NickUC
[03:18:01] [main/INFO] [com.velocitypowered.proxy.plugin.VelocityPluginManager]: Loaded plugin nlogin 2.0.19 by NickUC
[03:18:01] [main/INFO] [com.velocitypowered.proxy.plugin.VelocityPluginManager]: Loaded plugin originblacklist 2.0.10 by Colbster937
[03:18:01] [main/INFO] [com.velocitypowered.proxy.VelocityServer]: Loaded 6 plugins
[03:18:03] [LuckPerms - Task Executor #0/INFO] [luckperms]: Loading configuration...
[03:18:03] [LuckPerms - Task Executor #0/INFO] [com.velocitypowered.proxy.console.VelocityConsole]:         __    
[03:18:03] [LuckPerms - Task Executor #0/INFO] [com.velocitypowered.proxy.console.VelocityConsole]:   |    |__)   LuckPerms v5.5.71
[03:18:03] [LuckPerms - Task Executor #0/INFO] [com.velocitypowered.proxy.console.VelocityConsole]:   |___ |      Running on Velocity
[03:18:03] [LuckPerms - Task Executor #0/INFO] [com.velocitypowered.proxy.console.VelocityConsole]: 
[03:18:04] [LuckPerms - Task Executor #0/INFO] [luckperms]: Loading storage provider... [H2]
[03:18:05] [LuckPerms - Task Executor #0/INFO] [luckperms]: Loading internal permission managers...
[03:18:05] [LuckPerms - Task Executor #0/INFO] [luckperms]: Performing initial data load...
[03:18:06] [LuckPerms - Task Executor #0/INFO] [luckperms]: Successfully enabled. (took 4342ms)
[03:18:06] [LuckPerms - Task Executor #0/WARN] [com.velocitypowered.proxy.network.ConnectionManager]: The server channel initializer has been replaced by java.base/jdk.internal.reflect.DirectMethodHandleAccessor.invoke(DirectMethodHandleAccessor.java:104)
[03:18:06] [LuckPerms - Task Executor #0/INFO] [eaglerxserver]: Enabling EaglercraftXServer 1.1.1...
[03:18:06] [LuckPerms - Task Executor #0/INFO] [eaglerxserver]: Connecting to skin cache database "jdbc:sqlite:eagler_skins_cache.db"...
[03:18:06] [LuckPerms - Task Executor #0/INFO] [eaglerxserver]: Connected to skin cache database successfully!
[03:18:06] [EaglercraftXServer - Task Executor #0/INFO] [eaglerxserver]: Reloaded certificate: /workspaces/server/velocity/plugins/eaglerxserver/eagcert/$dl.34268c6e7b2a2336a2821b0171d290d6dd455cba.cert
[03:18:06] [EaglercraftXServer - Task Executor #0/WARN] [eaglerxserver]: Update certificate was loaded: $dl.34268c6e7b2a2336a2821b0171d290d6dd455cba.cert
[03:18:08] [Netty epoll Worker #0/INFO] [eaglerxserver]: You are running the latest version of EaglerXServer
[03:18:10] [LuckPerms - Task Executor #0/INFO] [nantibot]: Successful plugin core start (took 0.95s)
[03:18:10] [LuckPerms - Task Executor #0/INFO] [com.velocitypowered.proxy.console.VelocityConsole]: [nAntiBot]           _         _   _   ___       _   
[03:18:10] [LuckPerms - Task Executor #0/INFO] [com.velocitypowered.proxy.console.VelocityConsole]: [nAntiBot]   _ __   /_\  _ __ | |_(_) / __\ ___ | |_ 
[03:18:10] [LuckPerms - Task Executor #0/INFO] [com.velocitypowered.proxy.console.VelocityConsole]: [nAntiBot]  | '_ \ //_\\| '_ \| __| |/__\/// _ \| __|
[03:18:10] [LuckPerms - Task Executor #0/INFO] [com.velocitypowered.proxy.console.VelocityConsole]: [nAntiBot]  | | | /  _  \ | | | |_| / \/  \ (_) | |_ 
[03:18:10] [LuckPerms - Task Executor #0/INFO] [com.velocitypowered.proxy.console.VelocityConsole]: [nAntiBot]  |_| |_\_/ \_/_| |_|\__|_\_____/\___/ \__|
[03:18:10] [LuckPerms - Task Executor #0/INFO] [com.velocitypowered.proxy.console.VelocityConsole]: [nAntiBot]                                          
[03:18:10] [LuckPerms - Task Executor #0/INFO] [com.velocitypowered.proxy.console.VelocityConsole]: [nAntiBot]  By: www.nickuc.com - V 2.0.8
[03:18:10] [LuckPerms - Task Executor #0/INFO] [com.velocitypowered.proxy.console.VelocityConsole]: [nAntiBot] 
[03:18:15] [LuckPerms - Task Executor #0/INFO] [nlogin]: Successful plugin core start (took 0.99s)
[03:18:15] [LuckPerms - Task Executor #0/INFO] [com.velocitypowered.proxy.console.VelocityConsole]: [nLogin]           __             _       
[03:18:15] [LuckPerms - Task Executor #0/INFO] [com.velocitypowered.proxy.console.VelocityConsole]: [nLogin]   _ __   / /  ___   __ _(_)_ __  
[03:18:15] [LuckPerms - Task Executor #0/INFO] [com.velocitypowered.proxy.console.VelocityConsole]: [nLogin]  | '_ \ / /  / _ \ / _` | | '_ \ 
[03:18:15] [LuckPerms - Task Executor #0/INFO] [com.velocitypowered.proxy.console.VelocityConsole]: [nLogin]  | | | / /__| (_) | (_| | | | | |
[03:18:15] [LuckPerms - Task Executor #0/INFO] [com.velocitypowered.proxy.console.VelocityConsole]: [nLogin]  |_| |_\____/\___/ \__, |_|_| |_|
[03:18:15] [LuckPerms - Task Executor #0/INFO] [com.velocitypowered.proxy.console.VelocityConsole]: [nLogin]                   |___/            
[03:18:15] [LuckPerms - Task Executor #0/INFO] [com.velocitypowered.proxy.console.VelocityConsole]: [nLogin]  By: www.nickuc.com - V 2.0.19
[03:18:15] [LuckPerms - Task Executor #0/INFO] [com.velocitypowered.proxy.console.VelocityConsole]: [nLogin]  
[03:18:17] [LuckPerms - Task Executor #0/INFO] [nlogin]: Loading packetevents-velocity 2.13.0...
[03:18:18] [pool-7-thread-1/INFO] [nantibot]: [Captcha] Captchas generated successfully. (RAM usage ≃ 8 MB [static only], total = 500, protocol count = 51, threads = 4, took 8.20s)
[03:18:21] [LuckPerms - Task Executor #0/WARN] [com.velocitypowered.proxy.network.ConnectionManager]: The server channel initializer has been replaced by java.base/jdk.internal.reflect.DirectMethodHandleAccessor.invoke(DirectMethodHandleAccessor.java:104)
[03:18:21] [LuckPerms - Task Executor #0/ERROR] [com.velocitypowered.proxy.event.VelocityEventManager]: Couldn't pass ProxyInitializeEvent to originblacklist 2.0.10
xyz.webmc.originblacklist.shaded.json5.exception.Json5Exception: Expected ',' or ']' after value, got ''' instead at index 1310 [character 7 in line 46]
	at xyz.webmc.originblacklist.shaded.json5.stream.Json5Lexer.syntaxError(Json5Lexer.java:1037)
	at xyz.webmc.originblacklist.shaded.json5.stream.Json5Parser.parseArray(Json5Parser.java:219)
	at xyz.webmc.originblacklist.shaded.json5.stream.Json5Lexer.nextValue(Json5Lexer.java:631)
	at xyz.webmc.originblacklist.shaded.json5.stream.Json5Parser.parseObject(Json5Parser.java:136)
	at xyz.webmc.originblacklist.shaded.json5.stream.Json5Lexer.nextValue(Json5Lexer.java:627)
	at xyz.webmc.originblacklist.shaded.json5.stream.Json5Parser.parseObject(Json5Parser.java:136)
	at xyz.webmc.originblacklist.shaded.json5.stream.Json5Parser.parse(Json5Parser.java:66)
	at xyz.webmc.originblacklist.shaded.json5.Json5.parse(Json5.java:143)
	at xyz.webmc.originblacklist.shaded.json5.Json5.parse(Json5.java:157)
	at xyz.webmc.originblacklist.core.config.OriginBlacklistConfig.reloadConfigUnsafe(OriginBlacklistConfig.java:74)
	at xyz.webmc.originblacklist.core.config.OriginBlacklistConfig.loadConfig(OriginBlacklistConfig.java:55)
	at xyz.webmc.originblacklist.core.config.OriginBlacklistConfig.<init>(OriginBlacklistConfig.java:50)
	at xyz.webmc.originblacklist.core.OriginBlacklist.<init>(OriginBlacklist.java:74)
	at xyz.webmc.originblacklist.velocity.OriginBlacklistVelocityPlugin.onProxyInitialization(OriginBlacklistVelocityPlugin.java:86)
	at xyz.webmc.originblacklist.velocity.Lmbda$14.execute(Unknown Source)
	at com.velocitypowered.proxy.event.UntargetedEventHandler$VoidHandler.lambda$buildHandler$0(UntargetedEventHandler.java:56)
	at com.velocitypowered.proxy.event.VelocityEventManager.fire(VelocityEventManager.java:677)
	at com.velocitypowered.proxy.event.VelocityEventManager.lambda$fire$0(VelocityEventManager.java:542)
	at java.base/java.util.concurrent.ThreadPoolExecutor.runWorker(ThreadPoolExecutor.java:1090)
	at java.base/java.util.concurrent.ThreadPoolExecutor$Worker.run(ThreadPoolExecutor.java:614)
	at java.base/java.lang.Thread.run(Thread.java:1474)
[03:18:21] [main/INFO] [nantibot]: Injecting channel initializers
[03:18:21] [main/WARN] [com.velocitypowered.proxy.network.ConnectionManager]: The server channel initializer has been replaced by java.base/jdk.internal.reflect.DirectMethodHandleAccessor.invoke(DirectMethodHandleAccessor.java:104)
[03:18:21] [Netty epoll Boss #0/INFO] [eaglerxserver]: Listener "listener0" injected into channel [id: 0xaa975169, L:/[0:0:0:0:0:0:0:0]:25565] successfully (Velocity method)
[03:18:21] [Netty epoll Boss #0/INFO] [com.velocitypowered.proxy.network.ConnectionManager]: Listening on /[0:0:0:0:0:0:0:0]:25565
[03:18:21] [nAntiBot - Task Executor #0/INFO] [nantibot]: Connecting to the remote server antibot.nickuc.com...
[03:18:21] [main/INFO] [com.velocitypowered.proxy.Velocity]: Done (28.18s)!
[03:55:04] [OriginBlacklist - Task Executor #0/ERROR] [com.velocitypowered.proxy.event.VelocityEventManager]: Couldn't pass EaglercraftMOTDEvent to originblacklist 2.0.10
java.lang.NullPointerException: Cannot invoke "xyz.webmc.originblacklist.core.OriginBlacklist.handleMOTD(xyz.webmc.originblacklist.core.events.OriginBlacklistMOTDEvent)" because "this.blacklist" is null
	at xyz.webmc.originblacklist.velocity.OriginBlacklistVelocityPlugin.onEaglerMOTD(OriginBlacklistVelocityPlugin.java:105)
	at xyz.webmc.originblacklist.velocity.Lmbda$11.execute(Unknown Source)
	at com.velocitypowered.proxy.event.UntargetedEventHandler$VoidHandler.lambda$buildHandler$0(UntargetedEventHandler.java:56)
	at com.velocitypowered.proxy.event.VelocityEventManager.fire(VelocityEventManager.java:677)
	at com.velocitypowered.proxy.event.VelocityEventManager.lambda$fire$0(VelocityEventManager.java:542)
	at java.base/java.util.concurrent.ThreadPoolExecutor.runWorker(ThreadPoolExecutor.java:1090)
	at java.base/java.util.concurrent.ThreadPoolExecutor$Worker.run(ThreadPoolExecutor.java:614)
	at java.base/java.lang.Thread.run(Thread.java:1474)
[03:55:06] [OriginBlacklist - Task Executor #0/ERROR] [com.velocitypowered.proxy.event.VelocityEventManager]: Couldn't pass EaglercraftLoginEvent to originblacklist 2.0.10
java.lang.NullPointerException: Cannot invoke "xyz.webmc.originblacklist.core.OriginBlacklist.handleLogin(xyz.webmc.originblacklist.core.events.OriginBlacklistLoginEvent)" because "this.blacklist" is null
	at xyz.webmc.originblacklist.velocity.OriginBlacklistVelocityPlugin.onEaglerLogin(OriginBlacklistVelocityPlugin.java:99)
	at xyz.webmc.originblacklist.velocity.Lmbda$13.execute(Unknown Source)
	at com.velocitypowered.proxy.event.UntargetedEventHandler$VoidHandler.lambda$buildHandler$0(UntargetedEventHandler.java:56)
	at com.velocitypowered.proxy.event.VelocityEventManager.fire(VelocityEventManager.java:677)
	at com.velocitypowered.proxy.event.VelocityEventManager.lambda$fire$0(VelocityEventManager.java:542)
	at java.base/java.util.concurrent.ThreadPoolExecutor.runWorker(ThreadPoolExecutor.java:1090)
	at java.base/java.util.concurrent.ThreadPoolExecutor$Worker.run(ThreadPoolExecutor.java:614)
	at java.base/java.lang.Thread.run(Thread.java:1474)
[03:55:06] [OriginBlacklist - Task Executor #0/ERROR] [com.velocitypowered.proxy.event.VelocityEventManager]: Couldn't pass PreLoginEvent to originblacklist 2.0.10
java.lang.NullPointerException: Cannot invoke "xyz.webmc.originblacklist.core.OriginBlacklist.handleLogin(xyz.webmc.originblacklist.core.events.OriginBlacklistLoginEvent)" because "this.blacklist" is null
	at xyz.webmc.originblacklist.velocity.OriginBlacklistVelocityPlugin.onJavaLogin(OriginBlacklistVelocityPlugin.java:116)
	at xyz.webmc.originblacklist.velocity.Lmbda$15.execute(Unknown Source)
	at com.velocitypowered.proxy.event.UntargetedEventHandler$VoidHandler.lambda$buildHandler$0(UntargetedEventHandler.java:56)
	at com.velocitypowered.proxy.event.VelocityEventManager.fire(VelocityEventManager.java:677)
	at com.velocitypowered.proxy.event.VelocityEventManager.lambda$fire$0(VelocityEventManager.java:542)
	at java.base/java.util.concurrent.ThreadPoolExecutor.runWorker(ThreadPoolExecutor.java:1090)
	at java.base/java.util.concurrent.ThreadPoolExecutor$Worker.run(ThreadPoolExecutor.java:614)
	at java.base/java.lang.Thread.run(Thread.java:1474)
[03:55:06] [Netty epoll Worker #2/INFO] [com.velocitypowered.proxy.connection.client.AuthSessionHandler]: [connected player] HACKER1original1 (/[0:0:0:0:0:0:0:1]:55206) has connected
[03:55:06] [Netty epoll Worker #2/INFO] [com.velocitypowered.proxy.connection.MinecraftConnection]: [server connection] HACKER1original1 -> auth has connected
[03:55:06] [OriginBlacklist - Task Executor #0/ERROR] [com.velocitypowered.proxy.event.VelocityEventManager]: Couldn't pass PlayerClientBrandEvent to originblacklist 2.0.10
java.lang.NullPointerException: Cannot invoke "xyz.webmc.originblacklist.core.OriginBlacklist.handleLogin(xyz.webmc.originblacklist.core.events.OriginBlacklistLoginEvent)" because "this.blacklist" is null
	at xyz.webmc.originblacklist.velocity.OriginBlacklistVelocityPlugin.onJavaHandshake(OriginBlacklistVelocityPlugin.java:127)
	at xyz.webmc.originblacklist.velocity.Lmbda$10.execute(Unknown Source)
	at com.velocitypowered.proxy.event.UntargetedEventHandler$VoidHandler.lambda$buildHandler$0(UntargetedEventHandler.java:56)
	at com.velocitypowered.proxy.event.VelocityEventManager.fire(VelocityEventManager.java:677)
	at com.velocitypowered.proxy.event.VelocityEventManager.lambda$fire$0(VelocityEventManager.java:542)
	at java.base/java.util.concurrent.ThreadPoolExecutor.runWorker(ThreadPoolExecutor.java:1090)
	at java.base/java.util.concurrent.ThreadPoolExecutor$Worker.run(ThreadPoolExecutor.java:614)
	at java.base/java.lang.Thread.run(Thread.java:1474)
[03:55:08] [Netty epoll Worker #2/ERROR] [com.velocitypowered.proxy.event.VelocityEventManager]: Couldn't pass ProxyPingEvent to originblacklist 2.0.10
java.lang.NullPointerException: Cannot invoke "xyz.webmc.originblacklist.core.OriginBlacklist.handleMOTD(xyz.webmc.originblacklist.core.events.OriginBlacklistMOTDEvent)" because "this.blacklist" is null
	at xyz.webmc.originblacklist.velocity.OriginBlacklistVelocityPlugin.onJavaMOTD(OriginBlacklistVelocityPlugin.java:137)
	at xyz.webmc.originblacklist.velocity.Lmbda$12.execute(Unknown Source)
	at com.velocitypowered.proxy.event.UntargetedEventHandler$VoidHandler.lambda$buildHandler$0(UntargetedEventHandler.java:56)
	at com.velocitypowered.proxy.event.VelocityEventManager.fire(VelocityEventManager.java:677)
	at com.velocitypowered.proxy.event.VelocityEventManager.fire(VelocityEventManager.java:544)
	at com.velocitypowered.proxy.event.VelocityEventManager.fire(VelocityEventManager.java:533)
	at com.velocitypowered.proxy.connection.backend.BackendPlaySessionHandler.lambda$handle$8(BackendPlaySessionHandler.java:388)
	at java.base/java.util.concurrent.CompletableFuture$UniCompose.tryFire(CompletableFuture.java:1171)
	at java.base/java.util.concurrent.CompletableFuture$Completion.run(CompletableFuture.java:503)
	at io.netty.util.concurrent.AbstractEventExecutor.runTask(AbstractEventExecutor.java:148)
	at io.netty.util.concurrent.AbstractEventExecutor.safeExecute(AbstractEventExecutor.java:141)
	at io.netty.util.concurrent.SingleThreadEventExecutor.runAllTasks(SingleThreadEventExecutor.java:535)
	at io.netty.channel.SingleThreadIoEventLoop.run(SingleThreadIoEventLoop.java:201)
	at io.netty.util.concurrent.SingleThreadEventExecutor$5.run(SingleThreadEventExecutor.java:1204)
	at io.netty.util.internal.ThreadExecutorMap$2.run(ThreadExecutorMap.java:74)
	at io.netty.util.concurrent.FastThreadLocalRunnable.run(FastThreadLocalRunnable.java:30)
	at java.base/java.lang.Thread.run(Thread.java:1474)
[03:55:15] [nLogin - Task Executor #9/INFO] [nlogin]: The user HACKER1original1 has successfully logged in.
[03:55:15] [Netty epoll Worker #2/INFO] [com.velocitypowered.proxy.connection.MinecraftConnection]: [server connection] HACKER1original1 -> survival has connected
[03:55:16] [Netty epoll Worker #2/INFO] [com.velocitypowered.proxy.connection.MinecraftConnection]: [server connection] HACKER1original1 -> auth has disconnected
[03:55:23] [Netty epoll Worker #2/ERROR] [com.velocitypowered.proxy.event.VelocityEventManager]: Couldn't pass ProxyPingEvent to originblacklist 2.0.10
java.lang.NullPointerException: Cannot invoke "xyz.webmc.originblacklist.core.OriginBlacklist.handleMOTD(xyz.webmc.originblacklist.core.events.OriginBlacklistMOTDEvent)" because "this.blacklist" is null
	at xyz.webmc.originblacklist.velocity.OriginBlacklistVelocityPlugin.onJavaMOTD(OriginBlacklistVelocityPlugin.java:137)
	at xyz.webmc.originblacklist.velocity.Lmbda$12.execute(Unknown Source)
	at com.velocitypowered.proxy.event.UntargetedEventHandler$VoidHandler.lambda$buildHandler$0(UntargetedEventHandler.java:56)
	at com.velocitypowered.proxy.event.VelocityEventManager.fire(VelocityEventManager.java:677)
	at com.velocitypowered.proxy.event.VelocityEventManager.fire(VelocityEventManager.java:544)
	at com.velocitypowered.proxy.event.VelocityEventManager.fire(VelocityEventManager.java:533)
	at com.velocitypowered.proxy.connection.backend.BackendPlaySessionHandler.lambda$handle$8(BackendPlaySessionHandler.java:388)
	at java.base/java.util.concurrent.CompletableFuture$UniCompose.tryFire(CompletableFuture.java:1171)
	at java.base/java.util.concurrent.CompletableFuture$Completion.run(CompletableFuture.java:503)
	at io.netty.util.concurrent.AbstractEventExecutor.runTask(AbstractEventExecutor.java:148)
	at io.netty.util.concurrent.AbstractEventExecutor.safeExecute(AbstractEventExecutor.java:141)
	at io.netty.util.concurrent.SingleThreadEventExecutor.runAllTasks(SingleThreadEventExecutor.java:535)
	at io.netty.channel.SingleThreadIoEventLoop.run(SingleThreadIoEventLoop.java:201)
	at io.netty.util.concurrent.SingleThreadEventExecutor$5.run(SingleThreadEventExecutor.java:1204)
	at io.netty.util.internal.ThreadExecutorMap$2.run(ThreadExecutorMap.java:74)
	at io.netty.util.concurrent.FastThreadLocalRunnable.run(FastThreadLocalRunnable.java:30)
	at java.base/java.lang.Thread.run(Thread.java:1474)
[03:55:26] [Netty epoll Worker #2/INFO] [com.velocitypowered.proxy.connection.MinecraftConnection]: [connected player] HACKER1original1 (/[0:0:0:0:0:0:0:1]:55206) has disconnected
[03:55:26] [Netty epoll Worker #2/INFO] [com.velocitypowered.proxy.connection.MinecraftConnection]: [server connection] HACKER1original1 -> survival has disconnected
[03:56:07] [OriginBlacklist - Task Executor #1/ERROR] [com.velocitypowered.proxy.event.VelocityEventManager]: Couldn't pass EaglercraftMOTDEvent to originblacklist 2.0.10
java.lang.NullPointerException: Cannot invoke "xyz.webmc.originblacklist.core.OriginBlacklist.handleMOTD(xyz.webmc.originblacklist.core.events.OriginBlacklistMOTDEvent)" because "this.blacklist" is null
	at xyz.webmc.originblacklist.velocity.OriginBlacklistVelocityPlugin.onEaglerMOTD(OriginBlacklistVelocityPlugin.java:105)
	at xyz.webmc.originblacklist.velocity.Lmbda$11.execute(Unknown Source)
	at com.velocitypowered.proxy.event.UntargetedEventHandler$VoidHandler.lambda$buildHandler$0(UntargetedEventHandler.java:56)
	at com.velocitypowered.proxy.event.VelocityEventManager.fire(VelocityEventManager.java:677)
	at com.velocitypowered.proxy.event.VelocityEventManager.lambda$fire$0(VelocityEventManager.java:542)
	at java.base/java.util.concurrent.ThreadPoolExecutor.runWorker(ThreadPoolExecutor.java:1090)
	at java.base/java.util.concurrent.ThreadPoolExecutor$Worker.run(ThreadPoolExecutor.java:614)
	at java.base/java.lang.Thread.run(Thread.java:1474)
[03:59:42] [OriginBlacklist - Task Executor #2/ERROR] [com.velocitypowered.proxy.event.VelocityEventManager]: Couldn't pass EaglercraftLoginEvent to originblacklist 2.0.10
java.lang.NullPointerException: Cannot invoke "xyz.webmc.originblacklist.core.OriginBlacklist.handleLogin(xyz.webmc.originblacklist.core.events.OriginBlacklistLoginEvent)" because "this.blacklist" is null
	at xyz.webmc.originblacklist.velocity.OriginBlacklistVelocityPlugin.onEaglerLogin(OriginBlacklistVelocityPlugin.java:99)
	at xyz.webmc.originblacklist.velocity.Lmbda$13.execute(Unknown Source)
	at com.velocitypowered.proxy.event.UntargetedEventHandler$VoidHandler.lambda$buildHandler$0(UntargetedEventHandler.java:56)
	at com.velocitypowered.proxy.event.VelocityEventManager.fire(VelocityEventManager.java:677)
	at com.velocitypowered.proxy.event.VelocityEventManager.lambda$fire$0(VelocityEventManager.java:542)
	at java.base/java.util.concurrent.ThreadPoolExecutor.runWorker(ThreadPoolExecutor.java:1090)
	at java.base/java.util.concurrent.ThreadPoolExecutor$Worker.run(ThreadPoolExecutor.java:614)
	at java.base/java.lang.Thread.run(Thread.java:1474)
[03:59:42] [OriginBlacklist - Task Executor #2/ERROR] [com.velocitypowered.proxy.event.VelocityEventManager]: Couldn't pass PreLoginEvent to originblacklist 2.0.10
java.lang.NullPointerException: Cannot invoke "xyz.webmc.originblacklist.core.OriginBlacklist.handleLogin(xyz.webmc.originblacklist.core.events.OriginBlacklistLoginEvent)" because "this.blacklist" is null
	at xyz.webmc.originblacklist.velocity.OriginBlacklistVelocityPlugin.onJavaLogin(OriginBlacklistVelocityPlugin.java:116)
	at xyz.webmc.originblacklist.velocity.Lmbda$15.execute(Unknown Source)
	at com.velocitypowered.proxy.event.UntargetedEventHandler$VoidHandler.lambda$buildHandler$0(UntargetedEventHandler.java:56)
	at com.velocitypowered.proxy.event.VelocityEventManager.fire(VelocityEventManager.java:677)
	at com.velocitypowered.proxy.event.VelocityEventManager.lambda$fire$0(VelocityEventManager.java:542)
	at java.base/java.util.concurrent.ThreadPoolExecutor.runWorker(ThreadPoolExecutor.java:1090)
	at java.base/java.util.concurrent.ThreadPoolExecutor$Worker.run(ThreadPoolExecutor.java:614)
	at java.base/java.lang.Thread.run(Thread.java:1474)
[03:59:42] [Netty epoll Worker #4/INFO] [com.velocitypowered.proxy.connection.client.AuthSessionHandler]: [connected player] Vyqzren (/[0:0:0:0:0:0:0:1]:49208) has connected
[03:59:42] [Netty epoll Worker #4/INFO] [com.velocitypowered.proxy.connection.MinecraftConnection]: [server connection] Vyqzren -> auth has connected
[03:59:42] [OriginBlacklist - Task Executor #2/ERROR] [com.velocitypowered.proxy.event.VelocityEventManager]: Couldn't pass PlayerClientBrandEvent to originblacklist 2.0.10
java.lang.NullPointerException: Cannot invoke "xyz.webmc.originblacklist.core.OriginBlacklist.handleLogin(xyz.webmc.originblacklist.core.events.OriginBlacklistLoginEvent)" because "this.blacklist" is null
	at xyz.webmc.originblacklist.velocity.OriginBlacklistVelocityPlugin.onJavaHandshake(OriginBlacklistVelocityPlugin.java:127)
	at xyz.webmc.originblacklist.velocity.Lmbda$10.execute(Unknown Source)
	at com.velocitypowered.proxy.event.UntargetedEventHandler$VoidHandler.lambda$buildHandler$0(UntargetedEventHandler.java:56)
	at com.velocitypowered.proxy.event.VelocityEventManager.fire(VelocityEventManager.java:677)
	at com.velocitypowered.proxy.event.VelocityEventManager.lambda$fire$0(VelocityEventManager.java:542)
	at java.base/java.util.concurrent.ThreadPoolExecutor.runWorker(ThreadPoolExecutor.java:1090)
	at java.base/java.util.concurrent.ThreadPoolExecutor$Worker.run(ThreadPoolExecutor.java:614)
	at java.base/java.lang.Thread.run(Thread.java:1474)
[03:59:42] [Netty epoll Worker #4/ERROR] [com.velocitypowered.proxy.event.VelocityEventManager]: Couldn't pass ProxyPingEvent to originblacklist 2.0.10
java.lang.NullPointerException: Cannot invoke "xyz.webmc.originblacklist.core.OriginBlacklist.handleMOTD(xyz.webmc.originblacklist.core.events.OriginBlacklistMOTDEvent)" because "this.blacklist" is null
	at xyz.webmc.originblacklist.velocity.OriginBlacklistVelocityPlugin.onJavaMOTD(OriginBlacklistVelocityPlugin.java:137)
	at xyz.webmc.originblacklist.velocity.Lmbda$12.execute(Unknown Source)
	at com.velocitypowered.proxy.event.UntargetedEventHandler$VoidHandler.lambda$buildHandler$0(UntargetedEventHandler.java:56)
	at com.velocitypowered.proxy.event.VelocityEventManager.fire(VelocityEventManager.java:677)
	at com.velocitypowered.proxy.event.VelocityEventManager.fire(VelocityEventManager.java:544)
	at com.velocitypowered.proxy.event.VelocityEventManager.fire(VelocityEventManager.java:533)
	at com.velocitypowered.proxy.connection.backend.BackendPlaySessionHandler.lambda$handle$8(BackendPlaySessionHandler.java:388)
	at java.base/java.util.concurrent.CompletableFuture$UniCompose.tryFire(CompletableFuture.java:1171)
	at java.base/java.util.concurrent.CompletableFuture$Completion.run(CompletableFuture.java:503)
	at io.netty.util.concurrent.AbstractEventExecutor.runTask(AbstractEventExecutor.java:148)
	at io.netty.util.concurrent.AbstractEventExecutor.safeExecute(AbstractEventExecutor.java:141)
	at io.netty.util.concurrent.SingleThreadEventExecutor.runAllTasks(SingleThreadEventExecutor.java:535)
	at io.netty.channel.SingleThreadIoEventLoop.run(SingleThreadIoEventLoop.java:201)
	at io.netty.util.concurrent.SingleThreadEventExecutor$5.run(SingleThreadEventExecutor.java:1204)
	at io.netty.util.internal.ThreadExecutorMap$2.run(ThreadExecutorMap.java:74)
	at io.netty.util.concurrent.FastThreadLocalRunnable.run(FastThreadLocalRunnable.java:30)
	at java.base/java.lang.Thread.run(Thread.java:1474)
[03:59:47] [nLogin - Task Executor #11/INFO] [nlogin]: The user Vyqzren has successfully logged in.
[03:59:48] [Netty epoll Worker #4/INFO] [com.velocitypowered.proxy.connection.MinecraftConnection]: [server connection] Vyqzren -> survival has connected
[03:59:48] [Netty epoll Worker #4/INFO] [com.velocitypowered.proxy.connection.MinecraftConnection]: [server connection] Vyqzren -> auth has disconnected
[03:59:48] [Netty epoll Worker #4/ERROR] [com.velocitypowered.proxy.event.VelocityEventManager]: Couldn't pass ProxyPingEvent to originblacklist 2.0.10
java.lang.NullPointerException: Cannot invoke "xyz.webmc.originblacklist.core.OriginBlacklist.handleMOTD(xyz.webmc.originblacklist.core.events.OriginBlacklistMOTDEvent)" because "this.blacklist" is null
	at xyz.webmc.originblacklist.velocity.OriginBlacklistVelocityPlugin.onJavaMOTD(OriginBlacklistVelocityPlugin.java:137)
	at xyz.webmc.originblacklist.velocity.Lmbda$12.execute(Unknown Source)
	at com.velocitypowered.proxy.event.UntargetedEventHandler$VoidHandler.lambda$buildHandler$0(UntargetedEventHandler.java:56)
	at com.velocitypowered.proxy.event.VelocityEventManager.fire(VelocityEventManager.java:677)
	at com.velocitypowered.proxy.event.VelocityEventManager.fire(VelocityEventManager.java:544)
	at com.velocitypowered.proxy.event.VelocityEventManager.fire(VelocityEventManager.java:533)
	at com.velocitypowered.proxy.connection.backend.BackendPlaySessionHandler.lambda$handle$8(BackendPlaySessionHandler.java:388)
	at java.base/java.util.concurrent.CompletableFuture$UniCompose.tryFire(CompletableFuture.java:1171)
	at java.base/java.util.concurrent.CompletableFuture$Completion.run(CompletableFuture.java:503)
	at io.netty.util.concurrent.AbstractEventExecutor.runTask(AbstractEventExecutor.java:148)
	at io.netty.util.concurrent.AbstractEventExecutor.safeExecute(AbstractEventExecutor.java:141)
	at io.netty.util.concurrent.SingleThreadEventExecutor.runAllTasks(SingleThreadEventExecutor.java:535)
	at io.netty.channel.SingleThreadIoEventLoop.run(SingleThreadIoEventLoop.java:201)
	at io.netty.util.concurrent.SingleThreadEventExecutor$5.run(SingleThreadEventExecutor.java:1204)
	at io.netty.util.internal.ThreadExecutorMap$2.run(ThreadExecutorMap.java:74)
	at io.netty.util.concurrent.FastThreadLocalRunnable.run(FastThreadLocalRunnable.java:30)
	at java.base/java.lang.Thread.run(Thread.java:1474)
[04:01:01] [Netty epoll Worker #4/INFO] [com.velocitypowered.proxy.connection.MinecraftConnection]: [connected player] Vyqzren (/[0:0:0:0:0:0:0:1]:49208) has disconnected
[04:01:01] [Netty epoll Worker #4/INFO] [com.velocitypowered.proxy.connection.MinecraftConnection]: [server connection] Vyqzren -> survival has disconnected
[04:01:02] [OriginBlacklist - Task Executor #3/ERROR] [com.velocitypowered.proxy.event.VelocityEventManager]: Couldn't pass EaglercraftMOTDEvent to originblacklist 2.0.10
java.lang.NullPointerException: Cannot invoke "xyz.webmc.originblacklist.core.OriginBlacklist.handleMOTD(xyz.webmc.originblacklist.core.events.OriginBlacklistMOTDEvent)" because "this.blacklist" is null
	at xyz.webmc.originblacklist.velocity.OriginBlacklistVelocityPlugin.onEaglerMOTD(OriginBlacklistVelocityPlugin.java:105)
	at xyz.webmc.originblacklist.velocity.Lmbda$11.execute(Unknown Source)
	at com.velocitypowered.proxy.event.UntargetedEventHandler$VoidHandler.lambda$buildHandler$0(UntargetedEventHandler.java:56)
	at com.velocitypowered.proxy.event.VelocityEventManager.fire(VelocityEventManager.java:677)
	at com.velocitypowered.proxy.event.VelocityEventManager.lambda$fire$0(VelocityEventManager.java:542)
	at java.base/java.util.concurrent.ThreadPoolExecutor.runWorker(ThreadPoolExecutor.java:1090)
	at java.base/java.util.concurrent.ThreadPoolExecutor$Worker.run(ThreadPoolExecutor.java:614)
	at java.base/java.lang.Thread.run(Thread.java:1474)
[04:08:47] [OriginBlacklist - Task Executor #4/ERROR] [com.velocitypowered.proxy.event.VelocityEventManager]: Couldn't pass EaglercraftMOTDEvent to originblacklist 2.0.10
java.lang.NullPointerException: Cannot invoke "xyz.webmc.originblacklist.core.OriginBlacklist.handleMOTD(xyz.webmc.originblacklist.core.events.OriginBlacklistMOTDEvent)" because "this.blacklist" is null
	at xyz.webmc.originblacklist.velocity.OriginBlacklistVelocityPlugin.onEaglerMOTD(OriginBlacklistVelocityPlugin.java:105)
	at xyz.webmc.originblacklist.velocity.Lmbda$11.execute(Unknown Source)
	at com.velocitypowered.proxy.event.UntargetedEventHandler$VoidHandler.lambda$buildHandler$0(UntargetedEventHandler.java:56)
	at com.velocitypowered.proxy.event.VelocityEventManager.fire(VelocityEventManager.java:677)
	at com.velocitypowered.proxy.event.VelocityEventManager.lambda$fire$0(VelocityEventManager.java:542)
	at java.base/java.util.concurrent.ThreadPoolExecutor.runWorker(ThreadPoolExecutor.java:1090)
	at java.base/java.util.concurrent.ThreadPoolExecutor$Worker.run(ThreadPoolExecutor.java:614)
	at java.base/java.lang.Thread.run(Thread.java:1474)
[04:18:23] [OriginBlacklist - Task Executor #5/ERROR] [com.velocitypowered.proxy.event.VelocityEventManager]: Couldn't pass EaglercraftLoginEvent to originblacklist 2.0.10
java.lang.NullPointerException: Cannot invoke "xyz.webmc.originblacklist.core.OriginBlacklist.handleLogin(xyz.webmc.originblacklist.core.events.OriginBlacklistLoginEvent)" because "this.blacklist" is null
	at xyz.webmc.originblacklist.velocity.OriginBlacklistVelocityPlugin.onEaglerLogin(OriginBlacklistVelocityPlugin.java:99)
	at xyz.webmc.originblacklist.velocity.Lmbda$13.execute(Unknown Source)
	at com.velocitypowered.proxy.event.UntargetedEventHandler$VoidHandler.lambda$buildHandler$0(UntargetedEventHandler.java:56)
	at com.velocitypowered.proxy.event.VelocityEventManager.fire(VelocityEventManager.java:677)
	at com.velocitypowered.proxy.event.VelocityEventManager.lambda$fire$0(VelocityEventManager.java:542)
	at java.base/java.util.concurrent.ThreadPoolExecutor.runWorker(ThreadPoolExecutor.java:1090)
	at java.base/java.util.concurrent.ThreadPoolExecutor$Worker.run(ThreadPoolExecutor.java:614)
	at java.base/java.lang.Thread.run(Thread.java:1474)
[04:18:23] [OriginBlacklist - Task Executor #5/ERROR] [com.velocitypowered.proxy.event.VelocityEventManager]: Couldn't pass PreLoginEvent to originblacklist 2.0.10
java.lang.NullPointerException: Cannot invoke "xyz.webmc.originblacklist.core.OriginBlacklist.handleLogin(xyz.webmc.originblacklist.core.events.OriginBlacklistLoginEvent)" because "this.blacklist" is null
	at xyz.webmc.originblacklist.velocity.OriginBlacklistVelocityPlugin.onJavaLogin(OriginBlacklistVelocityPlugin.java:116)
	at xyz.webmc.originblacklist.velocity.Lmbda$15.execute(Unknown Source)
	at com.velocitypowered.proxy.event.UntargetedEventHandler$VoidHandler.lambda$buildHandler$0(UntargetedEventHandler.java:56)
	at com.velocitypowered.proxy.event.VelocityEventManager.fire(VelocityEventManager.java:677)
	at com.velocitypowered.proxy.event.VelocityEventManager.lambda$fire$0(VelocityEventManager.java:542)
	at java.base/java.util.concurrent.ThreadPoolExecutor.runWorker(ThreadPoolExecutor.java:1090)
	at java.base/java.util.concurrent.ThreadPoolExecutor$Worker.run(ThreadPoolExecutor.java:614)
	at java.base/java.lang.Thread.run(Thread.java:1474)
[04:18:23] [Netty epoll Worker #7/INFO] [com.velocitypowered.proxy.connection.client.AuthSessionHandler]: [connected player] dicestack88YT (/[0:0:0:0:0:0:0:1]:51830) has connected
[04:18:23] [Netty epoll Worker #7/INFO] [com.velocitypowered.proxy.connection.MinecraftConnection]: [server connection] dicestack88YT -> auth has connected
[04:18:23] [OriginBlacklist - Task Executor #5/ERROR] [com.velocitypowered.proxy.event.VelocityEventManager]: Couldn't pass PlayerClientBrandEvent to originblacklist 2.0.10
java.lang.NullPointerException: Cannot invoke "xyz.webmc.originblacklist.core.OriginBlacklist.handleLogin(xyz.webmc.originblacklist.core.events.OriginBlacklistLoginEvent)" because "this.blacklist" is null
	at xyz.webmc.originblacklist.velocity.OriginBlacklistVelocityPlugin.onJavaHandshake(OriginBlacklistVelocityPlugin.java:127)
	at xyz.webmc.originblacklist.velocity.Lmbda$10.execute(Unknown Source)
	at com.velocitypowered.proxy.event.UntargetedEventHandler$VoidHandler.lambda$buildHandler$0(UntargetedEventHandler.java:56)
	at com.velocitypowered.proxy.event.VelocityEventManager.fire(VelocityEventManager.java:677)
	at com.velocitypowered.proxy.event.VelocityEventManager.lambda$fire$0(VelocityEventManager.java:542)
	at java.base/java.util.concurrent.ThreadPoolExecutor.runWorker(ThreadPoolExecutor.java:1090)
	at java.base/java.util.concurrent.ThreadPoolExecutor$Worker.run(ThreadPoolExecutor.java:614)
	at java.base/java.lang.Thread.run(Thread.java:1474)
[04:18:23] [Netty epoll Worker #7/ERROR] [com.velocitypowered.proxy.event.VelocityEventManager]: Couldn't pass ProxyPingEvent to originblacklist 2.0.10
java.lang.NullPointerException: Cannot invoke "xyz.webmc.originblacklist.core.OriginBlacklist.handleMOTD(xyz.webmc.originblacklist.core.events.OriginBlacklistMOTDEvent)" because "this.blacklist" is null
	at xyz.webmc.originblacklist.velocity.OriginBlacklistVelocityPlugin.onJavaMOTD(OriginBlacklistVelocityPlugin.java:137)
	at xyz.webmc.originblacklist.velocity.Lmbda$12.execute(Unknown Source)
	at com.velocitypowered.proxy.event.UntargetedEventHandler$VoidHandler.lambda$buildHandler$0(UntargetedEventHandler.java:56)
	at com.velocitypowered.proxy.event.VelocityEventManager.fire(VelocityEventManager.java:677)
	at com.velocitypowered.proxy.event.VelocityEventManager.fire(VelocityEventManager.java:544)
	at com.velocitypowered.proxy.event.VelocityEventManager.fire(VelocityEventManager.java:533)
	at com.velocitypowered.proxy.connection.backend.BackendPlaySessionHandler.lambda$handle$8(BackendPlaySessionHandler.java:388)
	at java.base/java.util.concurrent.CompletableFuture$UniCompose.tryFire(CompletableFuture.java:1171)
	at java.base/java.util.concurrent.CompletableFuture$Completion.run(CompletableFuture.java:503)
	at io.netty.util.concurrent.AbstractEventExecutor.runTask(AbstractEventExecutor.java:148)
	at io.netty.util.concurrent.AbstractEventExecutor.safeExecute(AbstractEventExecutor.java:141)
	at io.netty.util.concurrent.SingleThreadEventExecutor.runAllTasks(SingleThreadEventExecutor.java:535)
	at io.netty.channel.SingleThreadIoEventLoop.run(SingleThreadIoEventLoop.java:201)
	at io.netty.util.concurrent.SingleThreadEventExecutor$5.run(SingleThreadEventExecutor.java:1204)
	at io.netty.util.internal.ThreadExecutorMap$2.run(ThreadExecutorMap.java:74)
	at io.netty.util.concurrent.FastThreadLocalRunnable.run(FastThreadLocalRunnable.java:30)
	at java.base/java.lang.Thread.run(Thread.java:1474)
[04:18:30] [nLogin - Task Executor #16/INFO] [nlogin]: The user dicestack88YT has successfully logged in.
[04:18:31] [Netty epoll Worker #7/INFO] [com.velocitypowered.proxy.connection.MinecraftConnection]: [server connection] dicestack88YT -> survival has connected
[04:18:31] [Netty epoll Worker #7/INFO] [com.velocitypowered.proxy.connection.MinecraftConnection]: [server connection] dicestack88YT -> auth has disconnected
[04:18:32] [Netty epoll Worker #7/ERROR] [com.velocitypowered.proxy.event.VelocityEventManager]: Couldn't pass ProxyPingEvent to originblacklist 2.0.10
java.lang.NullPointerException: Cannot invoke "xyz.webmc.originblacklist.core.OriginBlacklist.handleMOTD(xyz.webmc.originblacklist.core.events.OriginBlacklistMOTDEvent)" because "this.blacklist" is null
	at xyz.webmc.originblacklist.velocity.OriginBlacklistVelocityPlugin.onJavaMOTD(OriginBlacklistVelocityPlugin.java:137)
	at xyz.webmc.originblacklist.velocity.Lmbda$12.execute(Unknown Source)
	at com.velocitypowered.proxy.event.UntargetedEventHandler$VoidHandler.lambda$buildHandler$0(UntargetedEventHandler.java:56)
	at com.velocitypowered.proxy.event.VelocityEventManager.fire(VelocityEventManager.java:677)
	at com.velocitypowered.proxy.event.VelocityEventManager.fire(VelocityEventManager.java:544)
	at com.velocitypowered.proxy.event.VelocityEventManager.fire(VelocityEventManager.java:533)
	at com.velocitypowered.proxy.connection.backend.BackendPlaySessionHandler.lambda$handle$8(BackendPlaySessionHandler.java:388)
	at java.base/java.util.concurrent.CompletableFuture$UniCompose.tryFire(CompletableFuture.java:1171)
	at java.base/java.util.concurrent.CompletableFuture$Completion.run(CompletableFuture.java:503)
	at io.netty.util.concurrent.AbstractEventExecutor.runTask(AbstractEventExecutor.java:148)
	at io.netty.util.concurrent.AbstractEventExecutor.safeExecute(AbstractEventExecutor.java:141)
	at io.netty.util.concurrent.SingleThreadEventExecutor.runAllTasks(SingleThreadEventExecutor.java:535)
	at io.netty.channel.SingleThreadIoEventLoop.run(SingleThreadIoEventLoop.java:201)
	at io.netty.util.concurrent.SingleThreadEventExecutor$5.run(SingleThreadEventExecutor.java:1204)
	at io.netty.util.internal.ThreadExecutorMap$2.run(ThreadExecutorMap.java:74)
	at io.netty.util.concurrent.FastThreadLocalRunnable.run(FastThreadLocalRunnable.java:30)
	at java.base/java.lang.Thread.run(Thread.java:1474)
[04:41:21] [Netty epoll Worker #7/INFO] [com.velocitypowered.proxy.connection.MinecraftConnection]: [connected player] dicestack88YT (/[0:0:0:0:0:0:0:1]:51830) has disconnected
[04:41:21] [Netty epoll Worker #7/INFO] [com.velocitypowered.proxy.connection.MinecraftConnection]: [server connection] dicestack88YT -> survival has disconnected
[04:41:22] [OriginBlacklist - Task Executor #6/ERROR] [com.velocitypowered.proxy.event.VelocityEventManager]: Couldn't pass EaglercraftMOTDEvent to originblacklist 2.0.10
java.lang.NullPointerException: Cannot invoke "xyz.webmc.originblacklist.core.OriginBlacklist.handleMOTD(xyz.webmc.originblacklist.core.events.OriginBlacklistMOTDEvent)" because "this.blacklist" is null
	at xyz.webmc.originblacklist.velocity.OriginBlacklistVelocityPlugin.onEaglerMOTD(OriginBlacklistVelocityPlugin.java:105)
	at xyz.webmc.originblacklist.velocity.Lmbda$11.execute(Unknown Source)
	at com.velocitypowered.proxy.event.UntargetedEventHandler$VoidHandler.lambda$buildHandler$0(UntargetedEventHandler.java:56)
	at com.velocitypowered.proxy.event.VelocityEventManager.fire(VelocityEventManager.java:677)
	at com.velocitypowered.proxy.event.VelocityEventManager.lambda$fire$0(VelocityEventManager.java:542)
	at java.base/java.util.concurrent.ThreadPoolExecutor.runWorker(ThreadPoolExecutor.java:1090)
	at java.base/java.util.concurrent.ThreadPoolExecutor$Worker.run(ThreadPoolExecutor.java:614)
	at java.base/java.lang.Thread.run(Thread.java:1474)
[04:41:23] [Netty epoll Worker #1/ERROR] [com.velocitypowered.proxy.event.VelocityEventManager]: Couldn't pass ProxyPingEvent to originblacklist 2.0.10
java.lang.NullPointerException: Cannot invoke "xyz.webmc.originblacklist.core.OriginBlacklist.handleMOTD(xyz.webmc.originblacklist.core.events.OriginBlacklistMOTDEvent)" because "this.blacklist" is null
	at xyz.webmc.originblacklist.velocity.OriginBlacklistVelocityPlugin.onJavaMOTD(OriginBlacklistVelocityPlugin.java:137)
	at xyz.webmc.originblacklist.velocity.Lmbda$12.execute(Unknown Source)
	at com.velocitypowered.proxy.event.UntargetedEventHandler$VoidHandler.lambda$buildHandler$0(UntargetedEventHandler.java:56)
	at com.velocitypowered.proxy.event.VelocityEventManager.fire(VelocityEventManager.java:677)
	at com.velocitypowered.proxy.event.VelocityEventManager.fire(VelocityEventManager.java:544)
	at com.velocitypowered.proxy.event.VelocityEventManager.fire(VelocityEventManager.java:533)
	at com.velocitypowered.proxy.connection.client.StatusSessionHandler.lambda$handle$3(StatusSessionHandler.java:99)
	at java.base/java.util.concurrent.CompletableFuture.uniComposeStage(CompletableFuture.java:1208)
	at java.base/java.util.concurrent.CompletableFuture.thenCompose(CompletableFuture.java:2368)
	at com.velocitypowered.proxy.connection.client.StatusSessionHandler.handle(StatusSessionHandler.java:99)
	at com.velocitypowered.proxy.protocol.packet.StatusRequestPacket.handle(StatusRequestPacket.java:52)
	at com.velocitypowered.proxy.connection.MinecraftConnection.channelRead(MinecraftConnection.java:158)
	at io.netty.channel.AbstractChannelHandlerContext.fireChannelRead(AbstractChannelHandlerContext.java:357)
	at com.velocitypowered.proxy.protocol.netty.MinecraftDecoder.tryDecode(MinecraftDecoder.java:96)
	at com.velocitypowered.proxy.protocol.netty.MinecraftDecoder.channelRead(MinecraftDecoder.java:61)
	at io.netty.channel.AbstractChannelHandlerContext.fireChannelRead(AbstractChannelHandlerContext.java:357)
	at io.netty.handler.codec.MessageToMessageDecoder.channelRead(MessageToMessageDecoder.java:107)
	at io.netty.channel.AbstractChannelHandlerContext.fireChannelRead(AbstractChannelHandlerContext.java:357)
	at io.netty.handler.timeout.IdleStateHandler.channelRead(IdleStateHandler.java:288)
	at io.netty.channel.AbstractChannelHandlerContext.fireChannelRead(AbstractChannelHandlerContext.java:355)
	at io.netty.channel.ChannelInboundHandlerAdapter.channelRead(ChannelInboundHandlerAdapter.java:93)
	at com.nickuc.antibot.γδυξΠπρζπογτχ.channelRead(:30)
	at io.netty.channel.AbstractChannelHandlerContext.fireChannelRead(AbstractChannelHandlerContext.java:357)
	at io.netty.handler.codec.ByteToMessageDecoder.channelRead(ByteToMessageDecoder.java:331)
	at io.netty.channel.AbstractChannelHandlerContext.fireChannelRead(AbstractChannelHandlerContext.java:357)
	at com.nickuc.antibot.θνθΦζωΩτζδψΠ.a(:298)
	at com.nickuc.antibot.θνθΦζωΩτζδψΠ.a(:282)
	at com.nickuc.antibot.θνθΦζωΩτζδψΠ.a(:132)
	at com.nickuc.antibot.θνθΦζωΩτζδψΠ.channelRead(:256)
	at io.netty.channel.AbstractChannelHandlerContext.fireChannelRead(AbstractChannelHandlerContext.java:357)
	at io.netty.handler.codec.ByteToMessageDecoder.fireChannelRead(ByteToMessageDecoder.java:361)
	at io.netty.handler.codec.ByteToMessageDecoder.channelRead(ByteToMessageDecoder.java:325)
	at io.netty.channel.AbstractChannelHandlerContext.fireChannelRead(AbstractChannelHandlerContext.java:357)
	at io.netty.handler.codec.ByteToMessageDecoder.handlerRemoved(ByteToMessageDecoder.java:270)
	at io.netty.handler.codec.ByteToMessageDecoder.decodeRemovalReentryProtection(ByteToMessageDecoder.java:553)
	at io.netty.handler.codec.ByteToMessageDecoder.callDecode(ByteToMessageDecoder.java:484)
	at io.netty.handler.codec.ByteToMessageDecoder.channelRead(ByteToMessageDecoder.java:296)
	at io.netty.channel.AbstractChannelHandlerContext.fireChannelRead(AbstractChannelHandlerContext.java:357)
	at io.netty.channel.ChannelInboundHandlerAdapter.channelRead(ChannelInboundHandlerAdapter.java:93)
	at com.nickuc.antibot.χβΔΦλΣρνΣςβ.channelRead(:91)
	at io.netty.channel.AbstractChannelHandlerContext.fireChannelRead(AbstractChannelHandlerContext.java:357)
	at io.netty.channel.ChannelInboundHandlerAdapter.channelRead(ChannelInboundHandlerAdapter.java:93)
	at com.nickuc.antibot.νδβψπφΩτρυικφΩΨ.channelRead(:29)
	at io.netty.channel.AbstractChannelHandlerContext.fireChannelRead(AbstractChannelHandlerContext.java:355)
	at net.lax1dude.eaglercraft.backend.server.base.pipeline.MultiStackInitialInboundHandler.setVanillaHandler(MultiStackInitialInboundHandler.java:260)
	at net.lax1dude.eaglercraft.backend.server.base.pipeline.MultiStackInitialInboundHandler.decode(MultiStackInitialInboundHandler.java:52)
	at io.netty.handler.codec.ByteToMessageDecoder.decodeRemovalReentryProtection(ByteToMessageDecoder.java:545)
	at io.netty.handler.codec.ByteToMessageDecoder.callDecode(ByteToMessageDecoder.java:484)
	at io.netty.handler.codec.ByteToMessageDecoder.channelRead(ByteToMessageDecoder.java:296)
	at io.netty.channel.AbstractChannelHandlerContext.fireChannelRead(AbstractChannelHandlerContext.java:357)
	at io.netty.channel.DefaultChannelPipeline$HeadContext.channelRead(DefaultChannelPipeline.java:1429)
	at io.netty.channel.DefaultChannelPipeline.fireChannelRead(DefaultChannelPipeline.java:918)
	at io.netty.channel.epoll.AbstractEpollStreamChannel$EpollStreamUnsafe.epollInReady(AbstractEpollStreamChannel.java:804)
	at io.netty.channel.epoll.AbstractEpollChannel$AbstractEpollUnsafe.handle(AbstractEpollChannel.java:487)
	at io.netty.channel.epoll.EpollIoHandler$DefaultEpollIoRegistration.handle(EpollIoHandler.java:349)
	at io.netty.channel.epoll.EpollIoHandler.processReady(EpollIoHandler.java:548)
	at io.netty.channel.epoll.EpollIoHandler.run(EpollIoHandler.java:491)
	at io.netty.channel.SingleThreadIoEventLoop.runIo(SingleThreadIoEventLoop.java:225)
	at io.netty.channel.SingleThreadIoEventLoop.run(SingleThreadIoEventLoop.java:196)
	at io.netty.util.concurrent.SingleThreadEventExecutor$5.run(SingleThreadEventExecutor.java:1204)
	at io.netty.util.internal.ThreadExecutorMap$2.run(ThreadExecutorMap.java:74)
	at io.netty.util.concurrent.FastThreadLocalRunnable.run(FastThreadLocalRunnable.java:30)
	at java.base/java.lang.Thread.run(Thread.java:1474)
[04:42:00] [OriginBlacklist - Task Executor #6/ERROR] [com.velocitypowered.proxy.event.VelocityEventManager]: Couldn't pass PreLoginEvent to originblacklist 2.0.10
java.lang.NullPointerException: Cannot invoke "xyz.webmc.originblacklist.core.OriginBlacklist.handleLogin(xyz.webmc.originblacklist.core.events.OriginBlacklistLoginEvent)" because "this.blacklist" is null
	at xyz.webmc.originblacklist.velocity.OriginBlacklistVelocityPlugin.onJavaLogin(OriginBlacklistVelocityPlugin.java:116)
	at xyz.webmc.originblacklist.velocity.Lmbda$15.execute(Unknown Source)
	at com.velocitypowered.proxy.event.UntargetedEventHandler$VoidHandler.lambda$buildHandler$0(UntargetedEventHandler.java:56)
	at com.velocitypowered.proxy.event.VelocityEventManager.fire(VelocityEventManager.java:677)
	at com.velocitypowered.proxy.event.VelocityEventManager.lambda$fire$0(VelocityEventManager.java:542)
	at java.base/java.util.concurrent.ThreadPoolExecutor.runWorker(ThreadPoolExecutor.java:1090)
	at java.base/java.util.concurrent.ThreadPoolExecutor$Worker.run(ThreadPoolExecutor.java:614)
	at java.base/java.lang.Thread.run(Thread.java:1474)
[04:42:00] [Netty epoll Worker #2/INFO] [com.velocitypowered.proxy.connection.client.AuthSessionHandler]: [connected player] dicestack88YT (/127.207.191.14:40859) has connected
[04:42:00] [Netty epoll Worker #2/INFO] [com.velocitypowered.proxy.connection.MinecraftConnection]: [connected player] dicestack88YT (/127.207.191.14:40859) has disconnected
[04:42:01] [OriginBlacklist - Task Executor #6/ERROR] [com.velocitypowered.proxy.event.VelocityEventManager]: Couldn't pass EaglercraftLoginEvent to originblacklist 2.0.10
java.lang.NullPointerException: Cannot invoke "xyz.webmc.originblacklist.core.OriginBlacklist.handleLogin(xyz.webmc.originblacklist.core.events.OriginBlacklistLoginEvent)" because "this.blacklist" is null
	at xyz.webmc.originblacklist.velocity.OriginBlacklistVelocityPlugin.onEaglerLogin(OriginBlacklistVelocityPlugin.java:99)
	at xyz.webmc.originblacklist.velocity.Lmbda$13.execute(Unknown Source)
	at com.velocitypowered.proxy.event.UntargetedEventHandler$VoidHandler.lambda$buildHandler$0(UntargetedEventHandler.java:56)
	at com.velocitypowered.proxy.event.VelocityEventManager.fire(VelocityEventManager.java:677)
	at com.velocitypowered.proxy.event.VelocityEventManager.lambda$fire$0(VelocityEventManager.java:542)
	at java.base/java.util.concurrent.ThreadPoolExecutor.runWorker(ThreadPoolExecutor.java:1090)
	at java.base/java.util.concurrent.ThreadPoolExecutor$Worker.run(ThreadPoolExecutor.java:614)
	at java.base/java.lang.Thread.run(Thread.java:1474)
[04:42:01] [OriginBlacklist - Task Executor #6/ERROR] [com.velocitypowered.proxy.event.VelocityEventManager]: Couldn't pass PreLoginEvent to originblacklist 2.0.10
java.lang.NullPointerException: Cannot invoke "xyz.webmc.originblacklist.core.OriginBlacklist.handleLogin(xyz.webmc.originblacklist.core.events.OriginBlacklistLoginEvent)" because "this.blacklist" is null
	at xyz.webmc.originblacklist.velocity.OriginBlacklistVelocityPlugin.onJavaLogin(OriginBlacklistVelocityPlugin.java:116)
	at xyz.webmc.originblacklist.velocity.Lmbda$15.execute(Unknown Source)
	at com.velocitypowered.proxy.event.UntargetedEventHandler$VoidHandler.lambda$buildHandler$0(UntargetedEventHandler.java:56)
	at com.velocitypowered.proxy.event.VelocityEventManager.fire(VelocityEventManager.java:677)
	at com.velocitypowered.proxy.event.VelocityEventManager.lambda$fire$0(VelocityEventManager.java:542)
	at java.base/java.util.concurrent.ThreadPoolExecutor.runWorker(ThreadPoolExecutor.java:1090)
	at java.base/java.util.concurrent.ThreadPoolExecutor$Worker.run(ThreadPoolExecutor.java:614)
	at java.base/java.lang.Thread.run(Thread.java:1474)
[04:42:01] [Netty epoll Worker #3/INFO] [com.velocitypowered.proxy.connection.client.AuthSessionHandler]: [connected player] dicestack88YT (/[0:0:0:0:0:0:0:1]:57480) has connected
[04:42:01] [Netty epoll Worker #3/INFO] [com.velocitypowered.proxy.connection.MinecraftConnection]: [server connection] dicestack88YT -> auth has connected
[04:42:01] [OriginBlacklist - Task Executor #6/ERROR] [com.velocitypowered.proxy.event.VelocityEventManager]: Couldn't pass PlayerClientBrandEvent to originblacklist 2.0.10
java.lang.NullPointerException: Cannot invoke "xyz.webmc.originblacklist.core.OriginBlacklist.handleLogin(xyz.webmc.originblacklist.core.events.OriginBlacklistLoginEvent)" because "this.blacklist" is null
	at xyz.webmc.originblacklist.velocity.OriginBlacklistVelocityPlugin.onJavaHandshake(OriginBlacklistVelocityPlugin.java:127)
	at xyz.webmc.originblacklist.velocity.Lmbda$10.execute(Unknown Source)
	at com.velocitypowered.proxy.event.UntargetedEventHandler$VoidHandler.lambda$buildHandler$0(UntargetedEventHandler.java:56)
	at com.velocitypowered.proxy.event.VelocityEventManager.fire(VelocityEventManager.java:677)
	at com.velocitypowered.proxy.event.VelocityEventManager.lambda$fire$0(VelocityEventManager.java:542)
	at java.base/java.util.concurrent.ThreadPoolExecutor.runWorker(ThreadPoolExecutor.java:1090)
	at java.base/java.util.concurrent.ThreadPoolExecutor$Worker.run(ThreadPoolExecutor.java:614)
	at java.base/java.lang.Thread.run(Thread.java:1474)
[04:42:02] [Netty epoll Worker #3/ERROR] [com.velocitypowered.proxy.event.VelocityEventManager]: Couldn't pass ProxyPingEvent to originblacklist 2.0.10
java.lang.NullPointerException: Cannot invoke "xyz.webmc.originblacklist.core.OriginBlacklist.handleMOTD(xyz.webmc.originblacklist.core.events.OriginBlacklistMOTDEvent)" because "this.blacklist" is null
	at xyz.webmc.originblacklist.velocity.OriginBlacklistVelocityPlugin.onJavaMOTD(OriginBlacklistVelocityPlugin.java:137)
	at xyz.webmc.originblacklist.velocity.Lmbda$12.execute(Unknown Source)
	at com.velocitypowered.proxy.event.UntargetedEventHandler$VoidHandler.lambda$buildHandler$0(UntargetedEventHandler.java:56)
	at com.velocitypowered.proxy.event.VelocityEventManager.fire(VelocityEventManager.java:677)
	at com.velocitypowered.proxy.event.VelocityEventManager.fire(VelocityEventManager.java:544)
	at com.velocitypowered.proxy.event.VelocityEventManager.fire(VelocityEventManager.java:533)
	at com.velocitypowered.proxy.connection.backend.BackendPlaySessionHandler.lambda$handle$8(BackendPlaySessionHandler.java:388)
	at java.base/java.util.concurrent.CompletableFuture$UniCompose.tryFire(CompletableFuture.java:1171)
	at java.base/java.util.concurrent.CompletableFuture$Completion.run(CompletableFuture.java:503)
	at io.netty.util.concurrent.AbstractEventExecutor.runTask(AbstractEventExecutor.java:148)
	at io.netty.util.concurrent.AbstractEventExecutor.safeExecute(AbstractEventExecutor.java:141)
	at io.netty.util.concurrent.SingleThreadEventExecutor.runAllTasks(SingleThreadEventExecutor.java:535)
	at io.netty.channel.SingleThreadIoEventLoop.run(SingleThreadIoEventLoop.java:201)
	at io.netty.util.concurrent.SingleThreadEventExecutor$5.run(SingleThreadEventExecutor.java:1204)
	at io.netty.util.internal.ThreadExecutorMap$2.run(ThreadExecutorMap.java:74)
	at io.netty.util.concurrent.FastThreadLocalRunnable.run(FastThreadLocalRunnable.java:30)
	at java.base/java.lang.Thread.run(Thread.java:1474)
[04:42:08] [nLogin - Task Executor #21/INFO] [nlogin]: The user dicestack88YT has successfully logged in.
[04:42:09] [Netty epoll Worker #3/INFO] [com.velocitypowered.proxy.connection.MinecraftConnection]: [server connection] dicestack88YT -> survival has connected
[04:42:09] [Netty epoll Worker #3/INFO] [com.velocitypowered.proxy.connection.MinecraftConnection]: [server connection] dicestack88YT -> auth has disconnected
[04:42:10] [Netty epoll Worker #3/ERROR] [com.velocitypowered.proxy.event.VelocityEventManager]: Couldn't pass ProxyPingEvent to originblacklist 2.0.10
java.lang.NullPointerException: Cannot invoke "xyz.webmc.originblacklist.core.OriginBlacklist.handleMOTD(xyz.webmc.originblacklist.core.events.OriginBlacklistMOTDEvent)" because "this.blacklist" is null
	at xyz.webmc.originblacklist.velocity.OriginBlacklistVelocityPlugin.onJavaMOTD(OriginBlacklistVelocityPlugin.java:137)
	at xyz.webmc.originblacklist.velocity.Lmbda$12.execute(Unknown Source)
	at com.velocitypowered.proxy.event.UntargetedEventHandler$VoidHandler.lambda$buildHandler$0(UntargetedEventHandler.java:56)
	at com.velocitypowered.proxy.event.VelocityEventManager.fire(VelocityEventManager.java:677)
	at com.velocitypowered.proxy.event.VelocityEventManager.fire(VelocityEventManager.java:544)
	at com.velocitypowered.proxy.event.VelocityEventManager.fire(VelocityEventManager.java:533)
	at com.velocitypowered.proxy.connection.backend.BackendPlaySessionHandler.lambda$handle$8(BackendPlaySessionHandler.java:388)
	at java.base/java.util.concurrent.CompletableFuture$UniCompose.tryFire(CompletableFuture.java:1171)
	at java.base/java.util.concurrent.CompletableFuture$Completion.run(CompletableFuture.java:503)
	at io.netty.util.concurrent.AbstractEventExecutor.runTask(AbstractEventExecutor.java:148)
	at io.netty.util.concurrent.AbstractEventExecutor.safeExecute(AbstractEventExecutor.java:141)
	at io.netty.util.concurrent.SingleThreadEventExecutor.runAllTasks(SingleThreadEventExecutor.java:535)
	at io.netty.channel.SingleThreadIoEventLoop.run(SingleThreadIoEventLoop.java:201)
	at io.netty.util.concurrent.SingleThreadEventExecutor$5.run(SingleThreadEventExecutor.java:1204)
	at io.netty.util.internal.ThreadExecutorMap$2.run(ThreadExecutorMap.java:74)
	at io.netty.util.concurrent.FastThreadLocalRunnable.run(FastThreadLocalRunnable.java:30)
	at java.base/java.lang.Thread.run(Thread.java:1474)
[04:43:26] [Netty epoll Worker #3/INFO] [com.velocitypowered.proxy.connection.MinecraftConnection]: [connected player] dicestack88YT (/[0:0:0:0:0:0:0:1]:57480) has disconnected
[04:43:26] [Netty epoll Worker #3/INFO] [com.velocitypowered.proxy.connection.MinecraftConnection]: [server connection] dicestack88YT -> survival has disconnected
[04:43:27] [OriginBlacklist - Task Executor #7/ERROR] [com.velocitypowered.proxy.event.VelocityEventManager]: Couldn't pass EaglercraftMOTDEvent to originblacklist 2.0.10
java.lang.NullPointerException: Cannot invoke "xyz.webmc.originblacklist.core.OriginBlacklist.handleMOTD(xyz.webmc.originblacklist.core.events.OriginBlacklistMOTDEvent)" because "this.blacklist" is null
	at xyz.webmc.originblacklist.velocity.OriginBlacklistVelocityPlugin.onEaglerMOTD(OriginBlacklistVelocityPlugin.java:105)
	at xyz.webmc.originblacklist.velocity.Lmbda$11.execute(Unknown Source)
	at com.velocitypowered.proxy.event.UntargetedEventHandler$VoidHandler.lambda$buildHandler$0(UntargetedEventHandler.java:56)
	at com.velocitypowered.proxy.event.VelocityEventManager.fire(VelocityEventManager.java:677)
	at com.velocitypowered.proxy.event.VelocityEventManager.lambda$fire$0(VelocityEventManager.java:542)
	at java.base/java.util.concurrent.ThreadPoolExecutor.runWorker(ThreadPoolExecutor.java:1090)
	at java.base/java.util.concurrent.ThreadPoolExecutor$Worker.run(ThreadPoolExecutor.java:614)
	at java.base/java.lang.Thread.run(Thread.java:1474)
[04:43:29] [Netty epoll Worker #5/ERROR] [com.velocitypowered.proxy.event.VelocityEventManager]: Couldn't pass ProxyPingEvent to originblacklist 2.0.10
java.lang.NullPointerException: Cannot invoke "xyz.webmc.originblacklist.core.OriginBlacklist.handleMOTD(xyz.webmc.originblacklist.core.events.OriginBlacklistMOTDEvent)" because "this.blacklist" is null
	at xyz.webmc.originblacklist.velocity.OriginBlacklistVelocityPlugin.onJavaMOTD(OriginBlacklistVelocityPlugin.java:137)
	at xyz.webmc.originblacklist.velocity.Lmbda$12.execute(Unknown Source)
	at com.velocitypowered.proxy.event.UntargetedEventHandler$VoidHandler.lambda$buildHandler$0(UntargetedEventHandler.java:56)
	at com.velocitypowered.proxy.event.VelocityEventManager.fire(VelocityEventManager.java:677)
	at com.velocitypowered.proxy.event.VelocityEventManager.fire(VelocityEventManager.java:544)
	at com.velocitypowered.proxy.event.VelocityEventManager.fire(VelocityEventManager.java:533)
	at com.velocitypowered.proxy.connection.client.StatusSessionHandler.lambda$handle$3(StatusSessionHandler.java:99)
	at java.base/java.util.concurrent.CompletableFuture.uniComposeStage(CompletableFuture.java:1208)
	at java.base/java.util.concurrent.CompletableFuture.thenCompose(CompletableFuture.java:2368)
	at com.velocitypowered.proxy.connection.client.StatusSessionHandler.handle(StatusSessionHandler.java:99)
	at com.velocitypowered.proxy.protocol.packet.StatusRequestPacket.handle(StatusRequestPacket.java:52)
	at com.velocitypowered.proxy.connection.MinecraftConnection.channelRead(MinecraftConnection.java:158)
	at io.netty.channel.AbstractChannelHandlerContext.fireChannelRead(AbstractChannelHandlerContext.java:357)
	at com.velocitypowered.proxy.protocol.netty.MinecraftDecoder.tryDecode(MinecraftDecoder.java:96)
	at com.velocitypowered.proxy.protocol.netty.MinecraftDecoder.channelRead(MinecraftDecoder.java:61)
	at io.netty.channel.AbstractChannelHandlerContext.fireChannelRead(AbstractChannelHandlerContext.java:357)
	at io.netty.handler.codec.MessageToMessageDecoder.channelRead(MessageToMessageDecoder.java:107)
	at io.netty.channel.AbstractChannelHandlerContext.fireChannelRead(AbstractChannelHandlerContext.java:357)
	at io.netty.handler.timeout.IdleStateHandler.channelRead(IdleStateHandler.java:288)
	at io.netty.channel.AbstractChannelHandlerContext.fireChannelRead(AbstractChannelHandlerContext.java:355)
	at io.netty.channel.ChannelInboundHandlerAdapter.channelRead(ChannelInboundHandlerAdapter.java:93)
	at com.nickuc.antibot.γδυξΠπρζπογτχ.channelRead(:30)
	at io.netty.channel.AbstractChannelHandlerContext.fireChannelRead(AbstractChannelHandlerContext.java:357)
	at io.netty.handler.codec.ByteToMessageDecoder.channelRead(ByteToMessageDecoder.java:331)
	at io.netty.channel.AbstractChannelHandlerContext.fireChannelRead(AbstractChannelHandlerContext.java:357)
	at com.nickuc.antibot.θνθΦζωΩτζδψΠ.a(:298)
	at com.nickuc.antibot.θνθΦζωΩτζδψΠ.a(:282)
	at com.nickuc.antibot.θνθΦζωΩτζδψΠ.a(:132)
	at com.nickuc.antibot.θνθΦζωΩτζδψΠ.channelRead(:256)
	at io.netty.channel.AbstractChannelHandlerContext.fireChannelRead(AbstractChannelHandlerContext.java:357)
	at io.netty.handler.codec.ByteToMessageDecoder.fireChannelRead(ByteToMessageDecoder.java:361)
	at io.netty.handler.codec.ByteToMessageDecoder.channelRead(ByteToMessageDecoder.java:325)
	at io.netty.channel.AbstractChannelHandlerContext.fireChannelRead(AbstractChannelHandlerContext.java:357)
	at io.netty.handler.codec.ByteToMessageDecoder.handlerRemoved(ByteToMessageDecoder.java:270)
	at io.netty.handler.codec.ByteToMessageDecoder.decodeRemovalReentryProtection(ByteToMessageDecoder.java:553)
	at io.netty.handler.codec.ByteToMessageDecoder.callDecode(ByteToMessageDecoder.java:484)
	at io.netty.handler.codec.ByteToMessageDecoder.channelRead(ByteToMessageDecoder.java:296)
	at io.netty.channel.AbstractChannelHandlerContext.fireChannelRead(AbstractChannelHandlerContext.java:357)
	at io.netty.channel.ChannelInboundHandlerAdapter.channelRead(ChannelInboundHandlerAdapter.java:93)
	at com.nickuc.antibot.χβΔΦλΣρνΣςβ.channelRead(:91)
	at io.netty.channel.AbstractChannelHandlerContext.fireChannelRead(AbstractChannelHandlerContext.java:357)
	at io.netty.channel.ChannelInboundHandlerAdapter.channelRead(ChannelInboundHandlerAdapter.java:93)
	at com.nickuc.antibot.νδβψπφΩτρυικφΩΨ.channelRead(:29)
	at io.netty.channel.AbstractChannelHandlerContext.fireChannelRead(AbstractChannelHandlerContext.java:355)
	at net.lax1dude.eaglercraft.backend.server.base.pipeline.MultiStackInitialInboundHandler.setVanillaHandler(MultiStackInitialInboundHandler.java:260)
	at net.lax1dude.eaglercraft.backend.server.base.pipeline.MultiStackInitialInboundHandler.decode(MultiStackInitialInboundHandler.java:52)
	at io.netty.handler.codec.ByteToMessageDecoder.decodeRemovalReentryProtection(ByteToMessageDecoder.java:545)
	at io.netty.handler.codec.ByteToMessageDecoder.callDecode(ByteToMessageDecoder.java:484)
	at io.netty.handler.codec.ByteToMessageDecoder.channelRead(ByteToMessageDecoder.java:296)
	at io.netty.channel.AbstractChannelHandlerContext.fireChannelRead(AbstractChannelHandlerContext.java:357)
	at io.netty.channel.DefaultChannelPipeline$HeadContext.channelRead(DefaultChannelPipeline.java:1429)
	at io.netty.channel.DefaultChannelPipeline.fireChannelRead(DefaultChannelPipeline.java:918)
	at io.netty.channel.epoll.AbstractEpollStreamChannel$EpollStreamUnsafe.epollInReady(AbstractEpollStreamChannel.java:804)
	at io.netty.channel.epoll.AbstractEpollChannel$AbstractEpollUnsafe.handle(AbstractEpollChannel.java:487)
	at io.netty.channel.epoll.EpollIoHandler$DefaultEpollIoRegistration.handle(EpollIoHandler.java:349)
	at io.netty.channel.epoll.EpollIoHandler.processReady(EpollIoHandler.java:548)
	at io.netty.channel.epoll.EpollIoHandler.run(EpollIoHandler.java:491)
	at io.netty.channel.SingleThreadIoEventLoop.runIo(SingleThreadIoEventLoop.java:225)
	at io.netty.channel.SingleThreadIoEventLoop.run(SingleThreadIoEventLoop.java:196)
	at io.netty.util.concurrent.SingleThreadEventExecutor$5.run(SingleThreadEventExecutor.java:1204)
	at io.netty.util.internal.ThreadExecutorMap$2.run(ThreadExecutorMap.java:74)
	at io.netty.util.concurrent.FastThreadLocalRunnable.run(FastThreadLocalRunnable.java:30)
	at java.base/java.lang.Thread.run(Thread.java:1474)
[04:43:46] [OriginBlacklist - Task Executor #7/ERROR] [com.velocitypowered.proxy.event.VelocityEventManager]: Couldn't pass EaglercraftLoginEvent to originblacklist 2.0.10
java.lang.NullPointerException: Cannot invoke "xyz.webmc.originblacklist.core.OriginBlacklist.handleLogin(xyz.webmc.originblacklist.core.events.OriginBlacklistLoginEvent)" because "this.blacklist" is null
	at xyz.webmc.originblacklist.velocity.OriginBlacklistVelocityPlugin.onEaglerLogin(OriginBlacklistVelocityPlugin.java:99)
	at xyz.webmc.originblacklist.velocity.Lmbda$13.execute(Unknown Source)
	at com.velocitypowered.proxy.event.UntargetedEventHandler$VoidHandler.lambda$buildHandler$0(UntargetedEventHandler.java:56)
	at com.velocitypowered.proxy.event.VelocityEventManager.fire(VelocityEventManager.java:677)
	at com.velocitypowered.proxy.event.VelocityEventManager.lambda$fire$0(VelocityEventManager.java:542)
	at java.base/java.util.concurrent.ThreadPoolExecutor.runWorker(ThreadPoolExecutor.java:1090)
	at java.base/java.util.concurrent.ThreadPoolExecutor$Worker.run(ThreadPoolExecutor.java:614)
	at java.base/java.lang.Thread.run(Thread.java:1474)
[04:43:46] [OriginBlacklist - Task Executor #7/ERROR] [com.velocitypowered.proxy.event.VelocityEventManager]: Couldn't pass PreLoginEvent to originblacklist 2.0.10
java.lang.NullPointerException: Cannot invoke "xyz.webmc.originblacklist.core.OriginBlacklist.handleLogin(xyz.webmc.originblacklist.core.events.OriginBlacklistLoginEvent)" because "this.blacklist" is null
	at xyz.webmc.originblacklist.velocity.OriginBlacklistVelocityPlugin.onJavaLogin(OriginBlacklistVelocityPlugin.java:116)
	at xyz.webmc.originblacklist.velocity.Lmbda$15.execute(Unknown Source)
	at com.velocitypowered.proxy.event.UntargetedEventHandler$VoidHandler.lambda$buildHandler$0(UntargetedEventHandler.java:56)
	at com.velocitypowered.proxy.event.VelocityEventManager.fire(VelocityEventManager.java:677)
	at com.velocitypowered.proxy.event.VelocityEventManager.lambda$fire$0(VelocityEventManager.java:542)
	at java.base/java.util.concurrent.ThreadPoolExecutor.runWorker(ThreadPoolExecutor.java:1090)
	at java.base/java.util.concurrent.ThreadPoolExecutor$Worker.run(ThreadPoolExecutor.java:614)
	at java.base/java.lang.Thread.run(Thread.java:1474)
[04:43:46] [Netty epoll Worker #6/INFO] [com.velocitypowered.proxy.connection.client.AuthSessionHandler]: [connected player] dicestack88YT (/[0:0:0:0:0:0:0:1]:49962) has connected
[04:43:46] [Netty epoll Worker #6/INFO] [com.velocitypowered.proxy.connection.MinecraftConnection]: [server connection] dicestack88YT -> auth has connected
[04:43:46] [OriginBlacklist - Task Executor #7/ERROR] [com.velocitypowered.proxy.event.VelocityEventManager]: Couldn't pass PlayerClientBrandEvent to originblacklist 2.0.10
java.lang.NullPointerException: Cannot invoke "xyz.webmc.originblacklist.core.OriginBlacklist.handleLogin(xyz.webmc.originblacklist.core.events.OriginBlacklistLoginEvent)" because "this.blacklist" is null
	at xyz.webmc.originblacklist.velocity.OriginBlacklistVelocityPlugin.onJavaHandshake(OriginBlacklistVelocityPlugin.java:127)
	at xyz.webmc.originblacklist.velocity.Lmbda$10.execute(Unknown Source)
	at com.velocitypowered.proxy.event.UntargetedEventHandler$VoidHandler.lambda$buildHandler$0(UntargetedEventHandler.java:56)
	at com.velocitypowered.proxy.event.VelocityEventManager.fire(VelocityEventManager.java:677)
	at com.velocitypowered.proxy.event.VelocityEventManager.lambda$fire$0(VelocityEventManager.java:542)
	at java.base/java.util.concurrent.ThreadPoolExecutor.runWorker(ThreadPoolExecutor.java:1090)
	at java.base/java.util.concurrent.ThreadPoolExecutor$Worker.run(ThreadPoolExecutor.java:614)
	at java.base/java.lang.Thread.run(Thread.java:1474)
[04:43:46] [Netty epoll Worker #6/ERROR] [com.velocitypowered.proxy.event.VelocityEventManager]: Couldn't pass ProxyPingEvent to originblacklist 2.0.10
java.lang.NullPointerException: Cannot invoke "xyz.webmc.originblacklist.core.OriginBlacklist.handleMOTD(xyz.webmc.originblacklist.core.events.OriginBlacklistMOTDEvent)" because "this.blacklist" is null
	at xyz.webmc.originblacklist.velocity.OriginBlacklistVelocityPlugin.onJavaMOTD(OriginBlacklistVelocityPlugin.java:137)
	at xyz.webmc.originblacklist.velocity.Lmbda$12.execute(Unknown Source)
	at com.velocitypowered.proxy.event.UntargetedEventHandler$VoidHandler.lambda$buildHandler$0(UntargetedEventHandler.java:56)
	at com.velocitypowered.proxy.event.VelocityEventManager.fire(VelocityEventManager.java:677)
	at com.velocitypowered.proxy.event.VelocityEventManager.fire(VelocityEventManager.java:544)
	at com.velocitypowered.proxy.event.VelocityEventManager.fire(VelocityEventManager.java:533)
	at com.velocitypowered.proxy.connection.backend.BackendPlaySessionHandler.lambda$handle$8(BackendPlaySessionHandler.java:388)
	at java.base/java.util.concurrent.CompletableFuture$UniCompose.tryFire(CompletableFuture.java:1171)
	at java.base/java.util.concurrent.CompletableFuture$Completion.run(CompletableFuture.java:503)
	at io.netty.util.concurrent.AbstractEventExecutor.runTask(AbstractEventExecutor.java:148)
	at io.netty.util.concurrent.AbstractEventExecutor.safeExecute(AbstractEventExecutor.java:141)
	at io.netty.util.concurrent.SingleThreadEventExecutor.runAllTasks(SingleThreadEventExecutor.java:535)
	at io.netty.channel.SingleThreadIoEventLoop.run(SingleThreadIoEventLoop.java:201)
	at io.netty.util.concurrent.SingleThreadEventExecutor$5.run(SingleThreadEventExecutor.java:1204)
	at io.netty.util.internal.ThreadExecutorMap$2.run(ThreadExecutorMap.java:74)
	at io.netty.util.concurrent.FastThreadLocalRunnable.run(FastThreadLocalRunnable.java:30)
	at java.base/java.lang.Thread.run(Thread.java:1474)
[04:43:50] [Netty epoll Worker #7/ERROR] [com.velocitypowered.proxy.event.VelocityEventManager]: Couldn't pass ProxyPingEvent to originblacklist 2.0.10
java.lang.NullPointerException: Cannot invoke "xyz.webmc.originblacklist.core.OriginBlacklist.handleMOTD(xyz.webmc.originblacklist.core.events.OriginBlacklistMOTDEvent)" because "this.blacklist" is null
	at xyz.webmc.originblacklist.velocity.OriginBlacklistVelocityPlugin.onJavaMOTD(OriginBlacklistVelocityPlugin.java:137)
	at xyz.webmc.originblacklist.velocity.Lmbda$12.execute(Unknown Source)
	at com.velocitypowered.proxy.event.UntargetedEventHandler$VoidHandler.lambda$buildHandler$0(UntargetedEventHandler.java:56)
	at com.velocitypowered.proxy.event.VelocityEventManager.fire(VelocityEventManager.java:677)
	at com.velocitypowered.proxy.event.VelocityEventManager.fire(VelocityEventManager.java:544)
	at com.velocitypowered.proxy.event.VelocityEventManager.fire(VelocityEventManager.java:533)
	at com.velocitypowered.proxy.connection.client.StatusSessionHandler.lambda$handle$3(StatusSessionHandler.java:99)
	at java.base/java.util.concurrent.CompletableFuture.uniComposeStage(CompletableFuture.java:1208)
	at java.base/java.util.concurrent.CompletableFuture.thenCompose(CompletableFuture.java:2368)
	at com.velocitypowered.proxy.connection.client.StatusSessionHandler.handle(StatusSessionHandler.java:99)
	at com.velocitypowered.proxy.protocol.packet.StatusRequestPacket.handle(StatusRequestPacket.java:52)
	at com.velocitypowered.proxy.connection.MinecraftConnection.channelRead(MinecraftConnection.java:158)
	at io.netty.channel.AbstractChannelHandlerContext.fireChannelRead(AbstractChannelHandlerContext.java:357)
	at com.velocitypowered.proxy.protocol.netty.MinecraftDecoder.tryDecode(MinecraftDecoder.java:96)
	at com.velocitypowered.proxy.protocol.netty.MinecraftDecoder.channelRead(MinecraftDecoder.java:61)
	at io.netty.channel.AbstractChannelHandlerContext.fireChannelRead(AbstractChannelHandlerContext.java:357)
	at io.netty.handler.codec.MessageToMessageDecoder.channelRead(MessageToMessageDecoder.java:107)
	at io.netty.channel.AbstractChannelHandlerContext.fireChannelRead(AbstractChannelHandlerContext.java:357)
	at io.netty.handler.timeout.IdleStateHandler.channelRead(IdleStateHandler.java:288)
	at io.netty.channel.AbstractChannelHandlerContext.fireChannelRead(AbstractChannelHandlerContext.java:355)
	at io.netty.channel.ChannelInboundHandlerAdapter.channelRead(ChannelInboundHandlerAdapter.java:93)
	at com.nickuc.antibot.γδυξΠπρζπογτχ.channelRead(:30)
	at io.netty.channel.AbstractChannelHandlerContext.fireChannelRead(AbstractChannelHandlerContext.java:357)
	at io.netty.handler.codec.ByteToMessageDecoder.channelRead(ByteToMessageDecoder.java:331)
	at io.netty.channel.AbstractChannelHandlerContext.fireChannelRead(AbstractChannelHandlerContext.java:357)
	at com.nickuc.antibot.θνθΦζωΩτζδψΠ.a(:298)
	at com.nickuc.antibot.θνθΦζωΩτζδψΠ.a(:282)
	at com.nickuc.antibot.θνθΦζωΩτζδψΠ.a(:132)
	at com.nickuc.antibot.θνθΦζωΩτζδψΠ.channelRead(:256)
	at io.netty.channel.AbstractChannelHandlerContext.fireChannelRead(AbstractChannelHandlerContext.java:357)
	at io.netty.handler.codec.ByteToMessageDecoder.fireChannelRead(ByteToMessageDecoder.java:361)
	at io.netty.handler.codec.ByteToMessageDecoder.channelRead(ByteToMessageDecoder.java:325)
	at io.netty.channel.AbstractChannelHandlerContext.fireChannelRead(AbstractChannelHandlerContext.java:357)
	at io.netty.handler.codec.ByteToMessageDecoder.handlerRemoved(ByteToMessageDecoder.java:270)
	at io.netty.handler.codec.ByteToMessageDecoder.decodeRemovalReentryProtection(ByteToMessageDecoder.java:553)
	at io.netty.handler.codec.ByteToMessageDecoder.callDecode(ByteToMessageDecoder.java:484)
	at io.netty.handler.codec.ByteToMessageDecoder.channelRead(ByteToMessageDecoder.java:296)
	at io.netty.channel.AbstractChannelHandlerContext.fireChannelRead(AbstractChannelHandlerContext.java:357)
	at io.netty.channel.ChannelInboundHandlerAdapter.channelRead(ChannelInboundHandlerAdapter.java:93)
	at com.nickuc.antibot.χβΔΦλΣρνΣςβ.channelRead(:91)
	at io.netty.channel.AbstractChannelHandlerContext.fireChannelRead(AbstractChannelHandlerContext.java:357)
	at io.netty.channel.ChannelInboundHandlerAdapter.channelRead(ChannelInboundHandlerAdapter.java:93)
	at com.nickuc.antibot.νδβψπφΩτρυικφΩΨ.channelRead(:29)
	at io.netty.channel.AbstractChannelHandlerContext.fireChannelRead(AbstractChannelHandlerContext.java:355)
	at net.lax1dude.eaglercraft.backend.server.base.pipeline.MultiStackInitialInboundHandler.setVanillaHandler(MultiStackInitialInboundHandler.java:260)
	at net.lax1dude.eaglercraft.backend.server.base.pipeline.MultiStackInitialInboundHandler.decode(MultiStackInitialInboundHandler.java:52)
	at io.netty.handler.codec.ByteToMessageDecoder.decodeRemovalReentryProtection(ByteToMessageDecoder.java:545)
	at io.netty.handler.codec.ByteToMessageDecoder.callDecode(ByteToMessageDecoder.java:484)
	at io.netty.handler.codec.ByteToMessageDecoder.channelRead(ByteToMessageDecoder.java:296)
	at io.netty.channel.AbstractChannelHandlerContext.fireChannelRead(AbstractChannelHandlerContext.java:357)
	at io.netty.channel.DefaultChannelPipeline$HeadContext.channelRead(DefaultChannelPipeline.java:1429)
	at io.netty.channel.DefaultChannelPipeline.fireChannelRead(DefaultChannelPipeline.java:918)
	at io.netty.channel.epoll.AbstractEpollStreamChannel$EpollStreamUnsafe.epollInReady(AbstractEpollStreamChannel.java:804)
	at io.netty.channel.epoll.AbstractEpollChannel$AbstractEpollUnsafe.handle(AbstractEpollChannel.java:487)
	at io.netty.channel.epoll.EpollIoHandler$DefaultEpollIoRegistration.handle(EpollIoHandler.java:349)
	at io.netty.channel.epoll.EpollIoHandler.processReady(EpollIoHandler.java:548)
	at io.netty.channel.epoll.EpollIoHandler.run(EpollIoHandler.java:491)
	at io.netty.channel.SingleThreadIoEventLoop.runIo(SingleThreadIoEventLoop.java:225)
	at io.netty.channel.SingleThreadIoEventLoop.run(SingleThreadIoEventLoop.java:196)
	at io.netty.util.concurrent.SingleThreadEventExecutor$5.run(SingleThreadEventExecutor.java:1204)
	at io.netty.util.internal.ThreadExecutorMap$2.run(ThreadExecutorMap.java:74)
	at io.netty.util.concurrent.FastThreadLocalRunnable.run(FastThreadLocalRunnable.java:30)
	at java.base/java.lang.Thread.run(Thread.java:1474)
[04:43:54] [OriginBlacklist - Task Executor #7/ERROR] [com.velocitypowered.proxy.event.VelocityEventManager]: Couldn't pass PreLoginEvent to originblacklist 2.0.10
java.lang.NullPointerException: Cannot invoke "xyz.webmc.originblacklist.core.OriginBlacklist.handleLogin(xyz.webmc.originblacklist.core.events.OriginBlacklistLoginEvent)" because "this.blacklist" is null
	at xyz.webmc.originblacklist.velocity.OriginBlacklistVelocityPlugin.onJavaLogin(OriginBlacklistVelocityPlugin.java:116)
	at xyz.webmc.originblacklist.velocity.Lmbda$15.execute(Unknown Source)
	at com.velocitypowered.proxy.event.UntargetedEventHandler$VoidHandler.lambda$buildHandler$0(UntargetedEventHandler.java:56)
	at com.velocitypowered.proxy.event.VelocityEventManager.fire(VelocityEventManager.java:677)
	at com.velocitypowered.proxy.event.VelocityEventManager.lambda$fire$0(VelocityEventManager.java:542)
	at java.base/java.util.concurrent.ThreadPoolExecutor.runWorker(ThreadPoolExecutor.java:1090)
	at java.base/java.util.concurrent.ThreadPoolExecutor$Worker.run(ThreadPoolExecutor.java:614)
	at java.base/java.lang.Thread.run(Thread.java:1474)
[04:43:54] [Netty epoll Worker #0/INFO] [com.velocitypowered.proxy.connection.client.AuthSessionHandler]: [connected player] Twinkboys_Galore (/127.207.191.14:59401) has connected
[04:43:54] [OriginBlacklist - Task Executor #7/ERROR] [com.velocitypowered.proxy.event.VelocityEventManager]: Couldn't pass PlayerClientBrandEvent to originblacklist 2.0.10
java.lang.NullPointerException: Cannot invoke "xyz.webmc.originblacklist.core.OriginBlacklist.handleLogin(xyz.webmc.originblacklist.core.events.OriginBlacklistLoginEvent)" because "this.blacklist" is null
	at xyz.webmc.originblacklist.velocity.OriginBlacklistVelocityPlugin.onJavaHandshake(OriginBlacklistVelocityPlugin.java:127)
	at xyz.webmc.originblacklist.velocity.Lmbda$10.execute(Unknown Source)
	at com.velocitypowered.proxy.event.UntargetedEventHandler$VoidHandler.lambda$buildHandler$0(UntargetedEventHandler.java:56)
	at com.velocitypowered.proxy.event.VelocityEventManager.fire(VelocityEventManager.java:677)
	at com.velocitypowered.proxy.event.VelocityEventManager.lambda$fire$0(VelocityEventManager.java:542)
	at java.base/java.util.concurrent.ThreadPoolExecutor.runWorker(ThreadPoolExecutor.java:1090)
	at java.base/java.util.concurrent.ThreadPoolExecutor$Worker.run(ThreadPoolExecutor.java:614)
	at java.base/java.lang.Thread.run(Thread.java:1474)
[04:43:54] [Netty epoll Worker #0/INFO] [com.velocitypowered.proxy.connection.MinecraftConnection]: [server connection] Twinkboys_Galore -> auth has connected
[04:43:56] [Netty epoll Worker #0/ERROR] [com.velocitypowered.proxy.event.VelocityEventManager]: Couldn't pass ProxyPingEvent to originblacklist 2.0.10
java.lang.NullPointerException: Cannot invoke "xyz.webmc.originblacklist.core.OriginBlacklist.handleMOTD(xyz.webmc.originblacklist.core.events.OriginBlacklistMOTDEvent)" because "this.blacklist" is null
	at xyz.webmc.originblacklist.velocity.OriginBlacklistVelocityPlugin.onJavaMOTD(OriginBlacklistVelocityPlugin.java:137)
	at xyz.webmc.originblacklist.velocity.Lmbda$12.execute(Unknown Source)
	at com.velocitypowered.proxy.event.UntargetedEventHandler$VoidHandler.lambda$buildHandler$0(UntargetedEventHandler.java:56)
	at com.velocitypowered.proxy.event.VelocityEventManager.fire(VelocityEventManager.java:677)
	at com.velocitypowered.proxy.event.VelocityEventManager.fire(VelocityEventManager.java:544)
	at com.velocitypowered.proxy.event.VelocityEventManager.fire(VelocityEventManager.java:533)
	at com.velocitypowered.proxy.connection.backend.BackendPlaySessionHandler.lambda$handle$8(BackendPlaySessionHandler.java:388)
	at java.base/java.util.concurrent.CompletableFuture$UniCompose.tryFire(CompletableFuture.java:1171)
	at java.base/java.util.concurrent.CompletableFuture$Completion.run(CompletableFuture.java:503)
	at io.netty.util.concurrent.AbstractEventExecutor.runTask(AbstractEventExecutor.java:148)
	at io.netty.util.concurrent.AbstractEventExecutor.safeExecute(AbstractEventExecutor.java:141)
	at io.netty.util.concurrent.SingleThreadEventExecutor.runAllTasks(SingleThreadEventExecutor.java:535)
	at io.netty.channel.SingleThreadIoEventLoop.run(SingleThreadIoEventLoop.java:201)
	at io.netty.util.concurrent.SingleThreadEventExecutor$5.run(SingleThreadEventExecutor.java:1204)
	at io.netty.util.internal.ThreadExecutorMap$2.run(ThreadExecutorMap.java:74)
	at io.netty.util.concurrent.FastThreadLocalRunnable.run(FastThreadLocalRunnable.java:30)
	at java.base/java.lang.Thread.run(Thread.java:1474)
[04:43:59] [nLogin - Task Executor #22/INFO] [nlogin]: The user dicestack88YT has successfully logged in.
[04:43:59] [Netty epoll Worker #6/INFO] [com.velocitypowered.proxy.connection.MinecraftConnection]: [server connection] dicestack88YT -> survival has connected
[04:44:00] [Netty epoll Worker #6/INFO] [com.velocitypowered.proxy.connection.MinecraftConnection]: [server connection] dicestack88YT -> auth has disconnected
[04:44:00] [Netty epoll Worker #6/ERROR] [com.velocitypowered.proxy.event.VelocityEventManager]: Couldn't pass ProxyPingEvent to originblacklist 2.0.10
java.lang.NullPointerException: Cannot invoke "xyz.webmc.originblacklist.core.OriginBlacklist.handleMOTD(xyz.webmc.originblacklist.core.events.OriginBlacklistMOTDEvent)" because "this.blacklist" is null
	at xyz.webmc.originblacklist.velocity.OriginBlacklistVelocityPlugin.onJavaMOTD(OriginBlacklistVelocityPlugin.java:137)
	at xyz.webmc.originblacklist.velocity.Lmbda$12.execute(Unknown Source)
	at com.velocitypowered.proxy.event.UntargetedEventHandler$VoidHandler.lambda$buildHandler$0(UntargetedEventHandler.java:56)
	at com.velocitypowered.proxy.event.VelocityEventManager.fire(VelocityEventManager.java:677)
	at com.velocitypowered.proxy.event.VelocityEventManager.fire(VelocityEventManager.java:544)
	at com.velocitypowered.proxy.event.VelocityEventManager.fire(VelocityEventManager.java:533)
	at com.velocitypowered.proxy.connection.backend.BackendPlaySessionHandler.lambda$handle$8(BackendPlaySessionHandler.java:388)
	at java.base/java.util.concurrent.CompletableFuture$UniCompose.tryFire(CompletableFuture.java:1171)
	at java.base/java.util.concurrent.CompletableFuture$Completion.run(CompletableFuture.java:503)
	at io.netty.util.concurrent.AbstractEventExecutor.runTask(AbstractEventExecutor.java:148)
	at io.netty.util.concurrent.AbstractEventExecutor.safeExecute(AbstractEventExecutor.java:141)
	at io.netty.util.concurrent.SingleThreadEventExecutor.runAllTasks(SingleThreadEventExecutor.java:535)
	at io.netty.channel.SingleThreadIoEventLoop.run(SingleThreadIoEventLoop.java:201)
	at io.netty.util.concurrent.SingleThreadEventExecutor$5.run(SingleThreadEventExecutor.java:1204)
	at io.netty.util.internal.ThreadExecutorMap$2.run(ThreadExecutorMap.java:74)
	at io.netty.util.concurrent.FastThreadLocalRunnable.run(FastThreadLocalRunnable.java:30)
	at java.base/java.lang.Thread.run(Thread.java:1474)
[04:44:36] [nLogin - Task Executor #22/INFO] [nlogin]: The user Twinkboys_Galore has successfully registered.
[04:44:36] [Netty epoll Worker #0/INFO] [com.velocitypowered.proxy.connection.MinecraftConnection]: [server connection] Twinkboys_Galore -> survival has connected
[04:44:36] [Netty epoll Worker #0/INFO] [com.velocitypowered.proxy.connection.MinecraftConnection]: [server connection] Twinkboys_Galore -> auth has disconnected
[04:44:39] [Netty epoll Worker #0/ERROR] [com.velocitypowered.proxy.event.VelocityEventManager]: Couldn't pass ProxyPingEvent to originblacklist 2.0.10
java.lang.NullPointerException: Cannot invoke "xyz.webmc.originblacklist.core.OriginBlacklist.handleMOTD(xyz.webmc.originblacklist.core.events.OriginBlacklistMOTDEvent)" because "this.blacklist" is null
	at xyz.webmc.originblacklist.velocity.OriginBlacklistVelocityPlugin.onJavaMOTD(OriginBlacklistVelocityPlugin.java:137)
	at xyz.webmc.originblacklist.velocity.Lmbda$12.execute(Unknown Source)
	at com.velocitypowered.proxy.event.UntargetedEventHandler$VoidHandler.lambda$buildHandler$0(UntargetedEventHandler.java:56)
	at com.velocitypowered.proxy.event.VelocityEventManager.fire(VelocityEventManager.java:677)
	at com.velocitypowered.proxy.event.VelocityEventManager.fire(VelocityEventManager.java:544)
	at com.velocitypowered.proxy.event.VelocityEventManager.fire(VelocityEventManager.java:533)
	at com.velocitypowered.proxy.connection.backend.BackendPlaySessionHandler.lambda$handle$8(BackendPlaySessionHandler.java:388)
	at java.base/java.util.concurrent.CompletableFuture$UniCompose.tryFire(CompletableFuture.java:1171)
	at java.base/java.util.concurrent.CompletableFuture$Completion.run(CompletableFuture.java:503)
	at io.netty.util.concurrent.AbstractEventExecutor.runTask(AbstractEventExecutor.java:148)
	at io.netty.util.concurrent.AbstractEventExecutor.safeExecute(AbstractEventExecutor.java:141)
	at io.netty.util.concurrent.SingleThreadEventExecutor.runAllTasks(SingleThreadEventExecutor.java:535)
	at io.netty.channel.SingleThreadIoEventLoop.run(SingleThreadIoEventLoop.java:201)
	at io.netty.util.concurrent.SingleThreadEventExecutor$5.run(SingleThreadEventExecutor.java:1204)
	at io.netty.util.internal.ThreadExecutorMap$2.run(ThreadExecutorMap.java:74)
	at io.netty.util.concurrent.FastThreadLocalRunnable.run(FastThreadLocalRunnable.java:30)
	at java.base/java.lang.Thread.run(Thread.java:1474)
[04:54:47] [Netty epoll Worker #0/INFO] [com.velocitypowered.proxy.connection.MinecraftConnection]: [connected player] Twinkboys_Galore (/127.207.191.14:59401) has disconnected
[04:54:47] [Netty epoll Worker #0/INFO] [com.velocitypowered.proxy.connection.MinecraftConnection]: [server connection] Twinkboys_Galore -> survival has disconnected
[04:54:48] [Netty epoll Worker #3/ERROR] [com.velocitypowered.proxy.event.VelocityEventManager]: Couldn't pass ProxyPingEvent to originblacklist 2.0.10
java.lang.NullPointerException: Cannot invoke "xyz.webmc.originblacklist.core.OriginBlacklist.handleMOTD(xyz.webmc.originblacklist.core.events.OriginBlacklistMOTDEvent)" because "this.blacklist" is null
	at xyz.webmc.originblacklist.velocity.OriginBlacklistVelocityPlugin.onJavaMOTD(OriginBlacklistVelocityPlugin.java:137)
	at xyz.webmc.originblacklist.velocity.Lmbda$12.execute(Unknown Source)
	at com.velocitypowered.proxy.event.UntargetedEventHandler$VoidHandler.lambda$buildHandler$0(UntargetedEventHandler.java:56)
	at com.velocitypowered.proxy.event.VelocityEventManager.fire(VelocityEventManager.java:677)
	at com.velocitypowered.proxy.event.VelocityEventManager.fire(VelocityEventManager.java:544)
	at com.velocitypowered.proxy.event.VelocityEventManager.fire(VelocityEventManager.java:533)
	at com.velocitypowered.proxy.connection.client.StatusSessionHandler.lambda$handle$3(StatusSessionHandler.java:99)
	at java.base/java.util.concurrent.CompletableFuture.uniComposeStage(CompletableFuture.java:1208)
	at java.base/java.util.concurrent.CompletableFuture.thenCompose(CompletableFuture.java:2368)
	at com.velocitypowered.proxy.connection.client.StatusSessionHandler.handle(StatusSessionHandler.java:99)
	at com.velocitypowered.proxy.protocol.packet.StatusRequestPacket.handle(StatusRequestPacket.java:52)
	at com.velocitypowered.proxy.connection.MinecraftConnection.channelRead(MinecraftConnection.java:158)
	at io.netty.channel.AbstractChannelHandlerContext.fireChannelRead(AbstractChannelHandlerContext.java:357)
	at com.velocitypowered.proxy.protocol.netty.MinecraftDecoder.tryDecode(MinecraftDecoder.java:96)
	at com.velocitypowered.proxy.protocol.netty.MinecraftDecoder.channelRead(MinecraftDecoder.java:61)
	at io.netty.channel.AbstractChannelHandlerContext.fireChannelRead(AbstractChannelHandlerContext.java:357)
	at io.netty.handler.codec.MessageToMessageDecoder.channelRead(MessageToMessageDecoder.java:107)
	at io.netty.channel.AbstractChannelHandlerContext.fireChannelRead(AbstractChannelHandlerContext.java:357)
	at io.netty.handler.timeout.IdleStateHandler.channelRead(IdleStateHandler.java:288)
	at io.netty.channel.AbstractChannelHandlerContext.fireChannelRead(AbstractChannelHandlerContext.java:355)
	at io.netty.channel.ChannelInboundHandlerAdapter.channelRead(ChannelInboundHandlerAdapter.java:93)
	at com.nickuc.antibot.γδυξΠπρζπογτχ.channelRead(:30)
	at io.netty.channel.AbstractChannelHandlerContext.fireChannelRead(AbstractChannelHandlerContext.java:357)
	at io.netty.handler.codec.ByteToMessageDecoder.channelRead(ByteToMessageDecoder.java:331)
	at io.netty.channel.AbstractChannelHandlerContext.fireChannelRead(AbstractChannelHandlerContext.java:357)
	at com.nickuc.antibot.θνθΦζωΩτζδψΠ.a(:298)
	at com.nickuc.antibot.θνθΦζωΩτζδψΠ.a(:282)
	at com.nickuc.antibot.θνθΦζωΩτζδψΠ.a(:132)
	at com.nickuc.antibot.θνθΦζωΩτζδψΠ.channelRead(:256)
	at io.netty.channel.AbstractChannelHandlerContext.fireChannelRead(AbstractChannelHandlerContext.java:357)
	at io.netty.handler.codec.ByteToMessageDecoder.fireChannelRead(ByteToMessageDecoder.java:361)
	at io.netty.handler.codec.ByteToMessageDecoder.channelRead(ByteToMessageDecoder.java:325)
	at io.netty.channel.AbstractChannelHandlerContext.fireChannelRead(AbstractChannelHandlerContext.java:357)
	at io.netty.handler.codec.ByteToMessageDecoder.handlerRemoved(ByteToMessageDecoder.java:270)
	at io.netty.handler.codec.ByteToMessageDecoder.decodeRemovalReentryProtection(ByteToMessageDecoder.java:553)
	at io.netty.handler.codec.ByteToMessageDecoder.callDecode(ByteToMessageDecoder.java:484)
	at io.netty.handler.codec.ByteToMessageDecoder.channelRead(ByteToMessageDecoder.java:296)
	at io.netty.channel.AbstractChannelHandlerContext.fireChannelRead(AbstractChannelHandlerContext.java:357)
	at io.netty.channel.ChannelInboundHandlerAdapter.channelRead(ChannelInboundHandlerAdapter.java:93)
	at com.nickuc.antibot.χβΔΦλΣρνΣςβ.channelRead(:91)
	at io.netty.channel.AbstractChannelHandlerContext.fireChannelRead(AbstractChannelHandlerContext.java:357)
	at io.netty.channel.ChannelInboundHandlerAdapter.channelRead(ChannelInboundHandlerAdapter.java:93)
	at com.nickuc.antibot.νδβψπφΩτρυικφΩΨ.channelRead(:29)
	at io.netty.channel.AbstractChannelHandlerContext.fireChannelRead(AbstractChannelHandlerContext.java:355)
	at net.lax1dude.eaglercraft.backend.server.base.pipeline.MultiStackInitialInboundHandler.setVanillaHandler(MultiStackInitialInboundHandler.java:260)
	at net.lax1dude.eaglercraft.backend.server.base.pipeline.MultiStackInitialInboundHandler.decode(MultiStackInitialInboundHandler.java:52)
	at io.netty.handler.codec.ByteToMessageDecoder.decodeRemovalReentryProtection(ByteToMessageDecoder.java:545)
	at io.netty.handler.codec.ByteToMessageDecoder.callDecode(ByteToMessageDecoder.java:484)
	at io.netty.handler.codec.ByteToMessageDecoder.channelRead(ByteToMessageDecoder.java:296)
	at io.netty.channel.AbstractChannelHandlerContext.fireChannelRead(AbstractChannelHandlerContext.java:357)
	at io.netty.channel.DefaultChannelPipeline$HeadContext.channelRead(DefaultChannelPipeline.java:1429)
	at io.netty.channel.DefaultChannelPipeline.fireChannelRead(DefaultChannelPipeline.java:918)
	at io.netty.channel.epoll.AbstractEpollStreamChannel$EpollStreamUnsafe.epollInReady(AbstractEpollStreamChannel.java:804)
	at io.netty.channel.epoll.AbstractEpollChannel$AbstractEpollUnsafe.handle(AbstractEpollChannel.java:487)
	at io.netty.channel.epoll.EpollIoHandler$DefaultEpollIoRegistration.handle(EpollIoHandler.java:349)
	at io.netty.channel.epoll.EpollIoHandler.processReady(EpollIoHandler.java:548)
	at io.netty.channel.epoll.EpollIoHandler.run(EpollIoHandler.java:491)
	at io.netty.channel.SingleThreadIoEventLoop.runIo(SingleThreadIoEventLoop.java:225)
	at io.netty.channel.SingleThreadIoEventLoop.run(SingleThreadIoEventLoop.java:196)
	at io.netty.util.concurrent.SingleThreadEventExecutor$5.run(SingleThreadEventExecutor.java:1204)
	at io.netty.util.internal.ThreadExecutorMap$2.run(ThreadExecutorMap.java:74)
	at io.netty.util.concurrent.FastThreadLocalRunnable.run(FastThreadLocalRunnable.java:30)
	at java.base/java.lang.Thread.run(Thread.java:1474)
