nohup: ignoring input
2026-09-22T02:47:29.940654993Z main WARN Advanced terminal features are not available in this environment
[02:47:30 INFO]: Booting up Velocity 4.1.0-SNAPSHOT (git-00759e52-b16)...
[02:47:30 INFO]: Connections will use epoll channels, libdeflate (Linux x86_64) compression, OpenSSL 3.x.x (Linux x86_64) ciphers
[02:47:30 WARN]: The proxy is running in offline mode! This is a security risk and you will NOT receive any support!
[02:47:30 INFO]: Loading localizations...
[02:47:31 INFO]: Loading plugins...
WARNING: A terminally deprecated method in sun.misc.Unsafe has been called
WARNING: sun.misc.Unsafe::staticFieldBase has been called by com.google.inject.internal.aop.HiddenClassDefiner (file:/workspaces/server/velocity/velocity.jar)
WARNING: Please consider reporting this to the maintainers of class com.google.inject.internal.aop.HiddenClassDefiner
WARNING: sun.misc.Unsafe::staticFieldBase will be removed in a future release
[02:47:31 INFO] [eaglerxserver]: Loading EaglercraftXServer 1.1.1...
[02:47:31 INFO] [eaglerxserver]: (Platform: Velocity)
[02:47:31 INFO] [eaglerxserver]: Server Name: "EaglercraftXServer"
[02:47:31 ERROR] [eaglerxserver]: Could not load server icon: server-icon.png
javax.imageio.IIOException: Can't read input file!
	at java.desktop/javax.imageio.ImageIO.read(ImageIO.java:1264) ~[?:?]
	at net.lax1dude.eaglercraft.backend.server.base.ServerIconLoader.loadServerIcon(ServerIconLoader.java:112) ~[?:?]
	at net.lax1dude.eaglercraft.backend.server.base.ServerIconLoader$1.loadServerIcon(ServerIconLoader.java:51) ~[?:?]
	at net.lax1dude.eaglercraft.backend.server.base.EaglerListener.<init>(EaglerListener.java:90) ~[?:?]
	at net.lax1dude.eaglercraft.backend.server.base.EaglerListener.<init>(EaglerListener.java:58) ~[?:?]
	at net.lax1dude.eaglercraft.backend.server.base.EaglerXServer.loadProxying(EaglerXServer.java:355) ~[?:?]
	at net.lax1dude.eaglercraft.backend.server.base.EaglerXServer.load(EaglerXServer.java:339) ~[?:?]
	at net.lax1dude.eaglercraft.backend.server.velocity.PlatformPluginVelocity.<init>(PlatformPluginVelocity.java:256) ~[?:?]
	at net.lax1dude.eaglercraft.backend.server.velocity.PlatformPluginVelocity$$FastClassByGuice$$c4456.GUICE$TRAMPOLINE(<generated>) ~[?:?]
	at net.lax1dude.eaglercraft.backend.server.velocity.PlatformPluginVelocity$$FastClassByGuice$$c4456.apply(<generated>) ~[?:?]
	at com.google.inject.internal.DefaultConstructionProxyFactory$FastClassProxy.newInstance(DefaultConstructionProxyFactory.java:82) ~[velocity.jar:4.1.0-SNAPSHOT (git-00759e52-b16)]
	at com.google.inject.internal.ConstructorInjector.provision(ConstructorInjector.java:114) ~[velocity.jar:4.1.0-SNAPSHOT (git-00759e52-b16)]
	at com.google.inject.internal.ConstructorInjector.construct(ConstructorInjector.java:91) ~[velocity.jar:4.1.0-SNAPSHOT (git-00759e52-b16)]
	at com.google.inject.internal.ConstructorBindingImpl$Factory.get(ConstructorBindingImpl.java:300) ~[velocity.jar:4.1.0-SNAPSHOT (git-00759e52-b16)]
	at com.google.inject.internal.ProviderToInternalFactoryAdapter.get(ProviderToInternalFactoryAdapter.java:40) ~[velocity.jar:4.1.0-SNAPSHOT (git-00759e52-b16)]
	at com.google.inject.internal.SingletonScope$1.get(SingletonScope.java:169) ~[velocity.jar:4.1.0-SNAPSHOT (git-00759e52-b16)]
	at com.google.inject.internal.InternalFactoryToProviderAdapter.get(InternalFactoryToProviderAdapter.java:45) ~[velocity.jar:4.1.0-SNAPSHOT (git-00759e52-b16)]
	at com.google.inject.internal.InjectorImpl$1.get(InjectorImpl.java:1148) ~[velocity.jar:4.1.0-SNAPSHOT (git-00759e52-b16)]
	at com.google.inject.internal.InjectorImpl.getInstance(InjectorImpl.java:1186) ~[velocity.jar:4.1.0-SNAPSHOT (git-00759e52-b16)]
	at com.velocitypowered.proxy.plugin.loader.java.JavaPluginLoader.createPlugin(JavaPluginLoader.java:135) ~[velocity.jar:4.1.0-SNAPSHOT (git-00759e52-b16)]
	at com.velocitypowered.proxy.plugin.VelocityPluginManager.loadPlugins(VelocityPluginManager.java:199) ~[velocity.jar:4.1.0-SNAPSHOT (git-00759e52-b16)]
	at com.velocitypowered.proxy.VelocityServer.loadPlugins(VelocityServer.java:439) ~[velocity.jar:4.1.0-SNAPSHOT (git-00759e52-b16)]
	at com.velocitypowered.proxy.VelocityServer.start(VelocityServer.java:310) ~[velocity.jar:4.1.0-SNAPSHOT (git-00759e52-b16)]
	at com.velocitypowered.proxy.Velocity.main(Velocity.java:71) ~[velocity.jar:4.1.0-SNAPSHOT (git-00759e52-b16)]
[02:47:31 INFO]: Loaded plugin eaglerxserver 1.1.1 by lax1dude
[02:47:31 INFO]: Loaded plugin luckperms 5.5.71 by Luck
[02:47:31 INFO]: Loaded plugin nantibot 2.0.8 by NickUC
[02:47:31 INFO]: Loaded plugin nlogin 2.0.21 by NickUC
[02:47:31 INFO]: Loaded plugin originblacklist 2.0.10 by Colbster937
[02:47:31 INFO]: Loaded 6 plugins
[02:47:32 INFO] [luckperms]: Loading configuration...
[02:47:32 INFO]: [38;2;85;255;255m       [38;2;0;170;170m __    [0m
[02:47:32 INFO]: [38;2;85;255;255m  |    [38;2;0;170;170m|__)   [0m[38;2;0;170;0mLuckPerms[0m [38;2;85;255;255mv5.5.71[0m
[02:47:32 INFO]: [38;2;85;255;255m  |___ [38;2;0;170;170m|      [38;2;85;85;85mRunning on Velocity[0m
[02:47:32 INFO]: 
[02:47:32 INFO] [luckperms]: Loading storage provider... [H2]
[02:47:32 ERROR] [luckperms]: Failed to init storage implementation
org.h2.jdbc.JdbcSQLNonTransientConnectionException: Database may be already in use: "/workspaces/server/velocity/plugins/luckperms/luckperms-h2-v2.mv.db". Possible solutions: close all other connection(s); use the server mode [90020-214]
	at org.h2.message.DbException.getJdbcSQLException(DbException.java:678) ~[?:?]
	at org.h2.message.DbException.getJdbcSQLException(DbException.java:477) ~[?:?]
	at org.h2.message.DbException.get(DbException.java:212) ~[?:?]
	at org.h2.mvstore.db.Store.convertMVStoreException(Store.java:168) ~[?:?]
	at org.h2.mvstore.db.Store.<init>(Store.java:145) ~[?:?]
	at org.h2.engine.Database.<init>(Database.java:324) ~[?:?]
	at org.h2.engine.Engine.openSession(Engine.java:92) ~[?:?]
	at org.h2.engine.Engine.openSession(Engine.java:222) ~[?:?]
	at org.h2.engine.Engine.createSession(Engine.java:201) ~[?:?]
	at org.h2.engine.SessionRemote.connectEmbeddedOrServer(SessionRemote.java:338) ~[?:?]
	at org.h2.jdbc.JdbcConnection.<init>(JdbcConnection.java:122) ~[?:?]
	at java.base/jdk.internal.reflect.DirectConstructorHandleAccessor.newInstance(DirectConstructorHandleAccessor.java:62) ~[?:?]
	at java.base/java.lang.reflect.Constructor.newInstanceWithCaller(Constructor.java:499) ~[?:?]
	at java.base/java.lang.reflect.Constructor.newInstance(Constructor.java:483) ~[?:?]
	at me.lucko.luckperms.common.storage.implementation.sql.connection.file.H2ConnectionFactory.createConnection(H2ConnectionFactory.java:83) ~[?:?]
	at me.lucko.luckperms.common.storage.implementation.sql.connection.file.FlatfileConnectionFactory.getConnection(FlatfileConnectionFactory.java:64) ~[?:?]
	at me.lucko.luckperms.common.storage.implementation.sql.connection.file.H2ConnectionFactory.getConnection(H2ConnectionFactory.java:43) ~[?:?]
	at me.lucko.luckperms.common.storage.implementation.sql.SqlStorage.init(SqlStorage.java:170) ~[?:?]
	at me.lucko.luckperms.common.storage.Storage.init(Storage.java:90) ~[?:?]
	at me.lucko.luckperms.common.storage.StorageFactory.getInstance(StorageFactory.java:88) ~[?:?]
	at me.lucko.luckperms.common.plugin.AbstractLuckPermsPlugin.enable(AbstractLuckPermsPlugin.java:209) ~[?:?]
	at me.lucko.luckperms.velocity.LPVelocityBootstrap.onEnable(LPVelocityBootstrap.java:141) ~[?:?]
	at me.lucko.luckperms.velocity.Lmbda$4.execute(Unknown Source) ~[?:?]
	at com.velocitypowered.proxy.event.UntargetedEventHandler$VoidHandler.lambda$buildHandler$0(UntargetedEventHandler.java:56) ~[velocity.jar:4.1.0-SNAPSHOT (git-00759e52-b16)]
	at com.velocitypowered.proxy.event.VelocityEventManager.fire(VelocityEventManager.java:677) ~[velocity.jar:4.1.0-SNAPSHOT (git-00759e52-b16)]
	at com.velocitypowered.proxy.event.VelocityEventManager.lambda$fire$0(VelocityEventManager.java:542) ~[velocity.jar:4.1.0-SNAPSHOT (git-00759e52-b16)]
	at java.base/java.util.concurrent.ThreadPoolExecutor.runWorker(ThreadPoolExecutor.java:1090) ~[?:?]
	at java.base/java.util.concurrent.ThreadPoolExecutor$Worker.run(ThreadPoolExecutor.java:614) ~[?:?]
	at java.base/java.lang.Thread.run(Thread.java:1474) [?:?]
Caused by: org.h2.mvstore.MVStoreException: The file is locked: /workspaces/server/velocity/plugins/luckperms/luckperms-h2-v2.mv.db [2.1.214/7]
	at org.h2.mvstore.DataUtils.newMVStoreException(DataUtils.java:1004) ~[?:?]
	at org.h2.mvstore.FileStore.open(FileStore.java:178) ~[?:?]
	at org.h2.mvstore.FileStore.open(FileStore.java:128) ~[?:?]
	at org.h2.mvstore.MVStore.<init>(MVStore.java:452) ~[?:?]
	at org.h2.mvstore.MVStore$Builder.open(MVStore.java:4082) ~[?:?]
	at org.h2.mvstore.db.Store.<init>(Store.java:136) ~[?:?]
	... 24 more
[02:47:33 INFO] [luckperms]: Loading internal permission managers...
[02:47:33 INFO] [luckperms]: Performing initial data load...
[02:47:33 ERROR]: java.util.concurrent.CompletionException: org.h2.jdbc.JdbcSQLNonTransientConnectionException: Database may be already in use: "/workspaces/server/velocity/plugins/luckperms/luckperms-h2-v2.mv.db". Possible solutions: close all other connection(s); use the server mode [90020-214]
[02:47:33 ERROR]: 	at me.lucko.luckperms.common.util.AsyncInterface.lambda$future$1(AsyncInterface.java:66)
[02:47:33 ERROR]: 	at java.base/java.util.concurrent.CompletableFuture$AsyncRun.run(CompletableFuture.java:1825)
[02:47:33 ERROR]: 	at com.velocitypowered.proxy.scheduler.VelocityScheduler$VelocityTask.lambda$run$0(VelocityScheduler.java:285)
[02:47:33 ERROR]: 	at java.base/java.util.concurrent.ThreadPoolExecutor.runWorker(ThreadPoolExecutor.java:1090)
[02:47:33 ERROR]: 	at java.base/java.util.concurrent.ThreadPoolExecutor$Worker.run(ThreadPoolExecutor.java:614)
[02:47:33 ERROR]: 	at java.base/java.lang.Thread.run(Thread.java:1474)
[02:47:33 ERROR]: Caused by: org.h2.jdbc.JdbcSQLNonTransientConnectionException: Database may be already in use: "/workspaces/server/velocity/plugins/luckperms/luckperms-h2-v2.mv.db". Possible solutions: close all other connection(s); use the server mode [90020-214]
[02:47:33 ERROR]: 	at org.h2.message.DbException.getJdbcSQLException(DbException.java:678)
[02:47:33 ERROR]: 	at org.h2.message.DbException.getJdbcSQLException(DbException.java:477)
[02:47:33 ERROR]: 	at org.h2.message.DbException.get(DbException.java:212)
[02:47:33 ERROR]: 	at org.h2.mvstore.db.Store.convertMVStoreException(Store.java:168)
[02:47:33 ERROR]: 	at org.h2.mvstore.db.Store.<init>(Store.java:145)
[02:47:33 ERROR]: 	at org.h2.engine.Database.<init>(Database.java:324)
[02:47:33 ERROR]: 	at org.h2.engine.Engine.openSession(Engine.java:92)
[02:47:33 ERROR]: 	at org.h2.engine.Engine.openSession(Engine.java:222)
[02:47:33 ERROR]: 	at org.h2.engine.Engine.createSession(Engine.java:201)
[02:47:33 ERROR]: 	at org.h2.engine.SessionRemote.connectEmbeddedOrServer(SessionRemote.java:338)
[02:47:33 ERROR]: 	at org.h2.jdbc.JdbcConnection.<init>(JdbcConnection.java:122)
[02:47:33 ERROR]: 	at java.base/jdk.internal.reflect.DirectConstructorHandleAccessor.newInstance(DirectConstructorHandleAccessor.java:62)
[02:47:33 ERROR]: 	at java.base/java.lang.reflect.Constructor.newInstanceWithCaller(Constructor.java:499)
[02:47:33 ERROR]: 	at java.base/java.lang.reflect.Constructor.newInstance(Constructor.java:483)
[02:47:33 ERROR]: 	at me.lucko.luckperms.common.storage.implementation.sql.connection.file.H2ConnectionFactory.createConnection(H2ConnectionFactory.java:83)
[02:47:33 ERROR]: 	at me.lucko.luckperms.common.storage.implementation.sql.connection.file.FlatfileConnectionFactory.getConnection(FlatfileConnectionFactory.java:64)
[02:47:33 ERROR]: 	at me.lucko.luckperms.common.storage.implementation.sql.connection.file.H2ConnectionFactory.getConnection(H2ConnectionFactory.java:43)
[02:47:33 ERROR]: 	at me.lucko.luckperms.common.storage.implementation.sql.SqlStorage.loadAllGroups(SqlStorage.java:533)
[02:47:33 ERROR]: 	at me.lucko.luckperms.common.storage.Storage.lambda$loadAllGroups$0(Storage.java:178)
[02:47:33 ERROR]: 	at me.lucko.luckperms.common.util.AsyncInterface.lambda$future$1(AsyncInterface.java:61)
[02:47:33 ERROR]: 	... 5 more
[02:47:33 ERROR]: Caused by: org.h2.mvstore.MVStoreException: The file is locked: /workspaces/server/velocity/plugins/luckperms/luckperms-h2-v2.mv.db [2.1.214/7]
[02:47:33 ERROR]: 	at org.h2.mvstore.DataUtils.newMVStoreException(DataUtils.java:1004)
[02:47:33 ERROR]: 	at org.h2.mvstore.FileStore.open(FileStore.java:178)
[02:47:33 ERROR]: 	at org.h2.mvstore.FileStore.open(FileStore.java:128)
[02:47:33 ERROR]: 	at org.h2.mvstore.MVStore.<init>(MVStore.java:452)
[02:47:33 ERROR]: 	at org.h2.mvstore.MVStore$Builder.open(MVStore.java:4082)
[02:47:33 ERROR]: 	at org.h2.mvstore.db.Store.<init>(Store.java:136)
[02:47:33 ERROR]: 	... 20 more
[02:47:33 INFO] [luckperms]: Successfully enabled. (took 1099ms)
[02:47:33 WARN]: The server channel initializer has been replaced by java.base/jdk.internal.reflect.DirectMethodHandleAccessor.invoke(DirectMethodHandleAccessor.java:104)
[02:47:33 INFO] [eaglerxserver]: Enabling EaglercraftXServer 1.1.1...
[02:47:33 INFO] [eaglerxserver]: Connecting to skin cache database "jdbc:sqlite:eagler_skins_cache.db"...
[02:47:33 INFO] [eaglerxserver]: Connected to skin cache database successfully!
[02:47:33 INFO] [eaglerxserver]: Reloaded certificate: /workspaces/server/velocity/plugins/eaglerxserver/eagcert/$dl.34268c6e7b2a2336a2821b0171d290d6dd455cba.cert
[02:47:33 WARN] [eaglerxserver]: Update certificate was loaded: $dl.34268c6e7b2a2336a2821b0171d290d6dd455cba.cert
[02:47:34 INFO] [eaglerxserver]: You are running the latest version of EaglerXServer
[02:47:34 INFO] [nantibot]: Successful plugin core start (took 0.81s)
[02:47:34 INFO]: [nAntiBot] [38;2;255;85;85m          _         _   _   ___       _   [0m
[02:47:34 INFO]: [nAntiBot] [38;2;255;85;85m  _ __   /_\  _ __ | |_(_) / __\ ___ | |_ [0m
[02:47:34 INFO]: [nAntiBot] [38;2;255;85;85m | '_ \ //_\\| '_ \| __| |/__\/// _ \| __|[0m
[02:47:34 INFO]: [nAntiBot] [38;2;255;85;85m | | | /  _  \ | | | |_| / \/  \ (_) | |_ [0m
[02:47:34 INFO]: [nAntiBot] [38;2;255;85;85m |_| |_\_/ \_/_| |_|\__|_\_____/\___/ \__|[0m
[02:47:34 INFO]: [nAntiBot] [38;2;255;85;85m                                         [0m
[02:47:34 INFO]: [nAntiBot] [38;2;255;85;85m By: www.nickuc.com - V 2.0.8[0m
[02:47:34 INFO]: [nAntiBot] 
[02:47:37 INFO] [nlogin]: Successful plugin core start (took 0.88s)
[02:47:37 INFO]: [nLogin] [38;2;85;85;255m          __             _       [0m
[02:47:37 INFO]: [nLogin] [38;2;85;85;255m  _ __   / /  ___   __ _(_)_ __  [0m
[02:47:37 INFO]: [nLogin] [38;2;85;85;255m | '_ \ / /  / _ \ / _` | | '_ \ [0m
[02:47:37 INFO]: [nLogin] [38;2;85;85;255m | | | / /__| (_) | (_| | | | | |[0m
[02:47:37 INFO]: [nLogin] [38;2;85;85;255m |_| |_\____/\___/ \__, |_|_| |_|[0m
[02:47:37 INFO]: [nLogin] [38;2;85;85;255m                  |___/            [0m
[02:47:37 INFO]: [nLogin] [38;2;85;85;255m By: www.nickuc.com - V 2.0.21[0m
[02:47:37 INFO]: [nLogin] [38;2;85;85;255m [0m
[02:47:38 INFO] [nlogin]: Loading packetevents-velocity 2.14.0-SNAPSHOT...
[02:47:40 INFO] [nantibot]: [Captcha] Captchas generated successfully. (RAM usage ≃ 8 MB [static only], total = 500, protocol count = 51, threads = 4, took 5.16s)
[02:47:42 WARN]: The server channel initializer has been replaced by java.base/jdk.internal.reflect.DirectMethodHandleAccessor.invoke(DirectMethodHandleAccessor.java:104)
[02:47:42 ERROR]: Couldn't pass ProxyInitializeEvent to originblacklist 2.0.10
xyz.webmc.originblacklist.shaded.json5.exception.Json5Exception: Expected ',' or ']' after value, got ''' instead at index 1310 [character 7 in line 46]
	at xyz.webmc.originblacklist.shaded.json5.stream.Json5Lexer.syntaxError(Json5Lexer.java:1037) ~[?:?]
	at xyz.webmc.originblacklist.shaded.json5.stream.Json5Parser.parseArray(Json5Parser.java:219) ~[?:?]
	at xyz.webmc.originblacklist.shaded.json5.stream.Json5Lexer.nextValue(Json5Lexer.java:631) ~[?:?]
	at xyz.webmc.originblacklist.shaded.json5.stream.Json5Parser.parseObject(Json5Parser.java:136) ~[?:?]
	at xyz.webmc.originblacklist.shaded.json5.stream.Json5Lexer.nextValue(Json5Lexer.java:627) ~[?:?]
	at xyz.webmc.originblacklist.shaded.json5.stream.Json5Parser.parseObject(Json5Parser.java:136) ~[?:?]
	at xyz.webmc.originblacklist.shaded.json5.stream.Json5Parser.parse(Json5Parser.java:66) ~[?:?]
	at xyz.webmc.originblacklist.shaded.json5.Json5.parse(Json5.java:143) ~[?:?]
	at xyz.webmc.originblacklist.shaded.json5.Json5.parse(Json5.java:157) ~[?:?]
	at xyz.webmc.originblacklist.core.config.OriginBlacklistConfig.reloadConfigUnsafe(OriginBlacklistConfig.java:74) ~[?:?]
	at xyz.webmc.originblacklist.core.config.OriginBlacklistConfig.loadConfig(OriginBlacklistConfig.java:55) ~[?:?]
	at xyz.webmc.originblacklist.core.config.OriginBlacklistConfig.<init>(OriginBlacklistConfig.java:50) ~[?:?]
	at xyz.webmc.originblacklist.core.OriginBlacklist.<init>(OriginBlacklist.java:74) ~[?:?]
	at xyz.webmc.originblacklist.velocity.OriginBlacklistVelocityPlugin.onProxyInitialization(OriginBlacklistVelocityPlugin.java:86) ~[?:?]
	at xyz.webmc.originblacklist.velocity.Lmbda$14.execute(Unknown Source) ~[?:?]
	at com.velocitypowered.proxy.event.UntargetedEventHandler$VoidHandler.lambda$buildHandler$0(UntargetedEventHandler.java:56) ~[velocity.jar:4.1.0-SNAPSHOT (git-00759e52-b16)]
	at com.velocitypowered.proxy.event.VelocityEventManager.fire(VelocityEventManager.java:677) ~[velocity.jar:4.1.0-SNAPSHOT (git-00759e52-b16)]
	at com.velocitypowered.proxy.event.VelocityEventManager.lambda$fire$0(VelocityEventManager.java:542) ~[velocity.jar:4.1.0-SNAPSHOT (git-00759e52-b16)]
	at java.base/java.util.concurrent.ThreadPoolExecutor.runWorker(ThreadPoolExecutor.java:1090) ~[?:?]
	at java.base/java.util.concurrent.ThreadPoolExecutor$Worker.run(ThreadPoolExecutor.java:614) ~[?:?]
	at java.base/java.lang.Thread.run(Thread.java:1474) [?:?]
[02:47:42 INFO] [nantibot]: Injecting channel initializers
[02:47:42 WARN]: The server channel initializer has been replaced by java.base/jdk.internal.reflect.DirectMethodHandleAccessor.invoke(DirectMethodHandleAccessor.java:104)
[02:47:42 ERROR]: Can't bind to /0.0.0.0:25565
io.netty.channel.unix.Errors$NativeIoException: bind(..) failed with error(-98): Address already in use
	Suppressed: java.util.concurrent.CompletionException: Rethrowing promise failure cause
		at io.netty.util.concurrent.DefaultPromise.rethrowIfFailed(DefaultPromise.java:686)
		at io.netty.util.concurrent.DefaultPromise.syncUninterruptibly(DefaultPromise.java:427)
		at io.netty.channel.DefaultChannelPromise.syncUninterruptibly(DefaultChannelPromise.java:125)
		at io.netty.channel.DefaultChannelPromise.syncUninterruptibly(DefaultChannelPromise.java:30)
		at com.velocitypowered.proxy.network.ConnectionManager.bind(ConnectionManager.java:149)
		at com.velocitypowered.proxy.VelocityServer.start(VelocityServer.java:324)
		at com.velocitypowered.proxy.Velocity.main(Velocity.java:71)
[02:47:42 ERROR]: Exception in thread "main" io.netty.channel.unix.Errors$NativeIoException: bind(..) failed with error(-98): Address already in use
[02:47:42 ERROR]: 	Suppressed: java.util.concurrent.CompletionException: Rethrowing promise failure cause
[02:47:42 ERROR]: 		at io.netty.util.concurrent.DefaultPromise.rethrowIfFailed(DefaultPromise.java:686)
[02:47:42 ERROR]: 		at io.netty.util.concurrent.DefaultPromise.syncUninterruptibly(DefaultPromise.java:427)
[02:47:42 ERROR]: 		at io.netty.channel.DefaultChannelPromise.syncUninterruptibly(DefaultChannelPromise.java:125)
[02:47:42 ERROR]: 		at io.netty.channel.DefaultChannelPromise.syncUninterruptibly(DefaultChannelPromise.java:30)
[02:47:42 ERROR]: 		at com.velocitypowered.proxy.network.ConnectionManager.bind(ConnectionManager.java:149)
[02:47:42 ERROR]: 		at com.velocitypowered.proxy.VelocityServer.start(VelocityServer.java:324)
[02:47:42 ERROR]: 		at com.velocitypowered.proxy.Velocity.main(Velocity.java:71)
